Command line invocation:
    /Applications/Xcode.app/Contents/Developer/usr/bin/xcodebuild -workspace Trivial.xcworkspace -scheme Trivial -destination "platform=iOS Simulator,name=iPad (A16)" clean build

2025-12-22 11:02:17.914 xcodebuild[76667:4508186] [MT] IDERunDestination: Supported platforms for the buildables in the current scheme is empty.
CreateBuildRequest

SendProjectDescription

CreateBuildOperation

** CLEAN SUCCEEDED **

ComputePackagePrebuildTargetDependencyGraph

Prepare packages

CreateBuildRequest

SendProjectDescription

CreateBuildOperation

ComputeTargetDependencyGraph
note: Building targets in dependency order
note: Target dependency graph (3 targets)
    Target 'Trivial' in project 'Trivial'
        ➜ Implicit dependency on target 'Pods-Trivial' in project 'Pods' via file 'libPods-Trivial.a' in build phase 'Link Binary'
        ➜ Implicit dependency on target 'MyScriptInteractiveInk-Runtime' in project 'Pods' via options '-lMyScriptInteractiveInk-Runtime' in build setting 'OTHER_LDFLAGS'
    Target 'Pods-Trivial' in project 'Pods'
        ➜ Explicit dependency on target 'MyScriptInteractiveInk-Runtime' in project 'Pods'
    Target 'MyScriptInteractiveInk-Runtime' in project 'Pods' (no dependencies)

GatherProvisioningInputs

CreateBuildDescription

ExecuteExternalTool /Applications/Xcode.app/Contents/Developer/Toolchains/XcodeDefault.xctoolchain/usr/bin/clang -v -E -dM -isysroot /Applications/Xcode.app/Contents/Developer/Platforms/iPhoneSimulator.platform/Developer/SDKs/iPhoneSimulator26.2.sdk -x c -c /dev/null

ExecuteExternalTool /Applications/Xcode.app/Contents/Developer/Toolchains/XcodeDefault.xctoolchain/usr/bin/clang -v -E -dM -arch arm64 -isysroot /Applications/Xcode.app/Contents/Developer/Platforms/iPhoneSimulator.platform/Developer/SDKs/iPhoneSimulator26.2.sdk -x objective-c -c /dev/null

ExecuteExternalTool /Applications/Xcode.app/Contents/Developer/Toolchains/XcodeDefault.xctoolchain/usr/bin/clang -v -E -dM -arch arm64 -isysroot /Applications/Xcode.app/Contents/Developer/Platforms/iPhoneSimulator.platform/Developer/SDKs/iPhoneSimulator26.2.sdk -x c -c /dev/null

ExecuteExternalTool /Applications/Xcode.app/Contents/Developer/Toolchains/XcodeDefault.xctoolchain/usr/bin/swiftc --version

ExecuteExternalTool /Applications/Xcode.app/Contents/Developer/usr/bin/actool --print-asset-tag-combinations --output-format xml1 /Users/andrewallen/Desktop/swift_projects/Trivial/Trivial/Assets.xcassets

ExecuteExternalTool /Applications/Xcode.app/Contents/Developer/Toolchains/XcodeDefault.xctoolchain/usr/bin/libtool -V

ExecuteExternalTool /Applications/Xcode.app/Contents/Developer/usr/bin/actool --version --output-format xml1

ExecuteExternalTool /Applications/Xcode.app/Contents/Developer/Toolchains/XcodeDefault.xctoolchain/usr/bin/ld -version_details

Build description signature: ec10b11a27681f4ad6fd7301f2b727fd
Build description path: /Users/andrewallen/Library/Developer/Xcode/DerivedData/Trivial-glmldcsxtxmqdqdrpsfrewoyidwc/Build/Intermediates.noindex/XCBuildData/ec10b11a27681f4ad6fd7301f2b727fd.xcbuilddata
ClangStatCache /Applications/Xcode.app/Contents/Developer/Toolchains/XcodeDefault.xctoolchain/usr/bin/clang-stat-cache /Applications/Xcode.app/Contents/Developer/Platforms/iPhoneSimulator.platform/Developer/SDKs/iPhoneSimulator26.2.sdk /Users/andrewallen/Library/Developer/Xcode/DerivedData/SDKStatCaches.noindex/iphonesimulator26.2-23C53-7d00a8b37fbd7999ea79df8ebc024bf0.sdkstatcache
    cd /Users/andrewallen/Desktop/swift_projects/Trivial
    /Applications/Xcode.app/Contents/Developer/Toolchains/XcodeDefault.xctoolchain/usr/bin/clang-stat-cache /Applications/Xcode.app/Contents/Developer/Platforms/iPhoneSimulator.platform/Developer/SDKs/iPhoneSimulator26.2.sdk -o /Users/andrewallen/Library/Developer/Xcode/DerivedData/SDKStatCaches.noindex/iphonesimulator26.2-23C53-7d00a8b37fbd7999ea79df8ebc024bf0.sdkstatcache

CreateBuildDirectory /Users/andrewallen/Library/Developer/Xcode/DerivedData/Trivial-glmldcsxtxmqdqdrpsfrewoyidwc/Build/Products
    cd /Users/andrewallen/Desktop/swift_projects/Trivial
    builtin-create-build-directory /Users/andrewallen/Library/Developer/Xcode/DerivedData/Trivial-glmldcsxtxmqdqdrpsfrewoyidwc/Build/Products

CreateBuildDirectory /Users/andrewallen/Library/Developer/Xcode/DerivedData/Trivial-glmldcsxtxmqdqdrpsfrewoyidwc/Build/Intermediates.noindex
    cd /Users/andrewallen/Desktop/swift_projects/Trivial
    builtin-create-build-directory /Users/andrewallen/Library/Developer/Xcode/DerivedData/Trivial-glmldcsxtxmqdqdrpsfrewoyidwc/Build/Intermediates.noindex

CreateBuildDirectory /Users/andrewallen/Library/Developer/Xcode/DerivedData/Trivial-glmldcsxtxmqdqdrpsfrewoyidwc/Build/Products/Debug-iphonesimulator
    cd /Users/andrewallen/Desktop/swift_projects/Trivial
    builtin-create-build-directory /Users/andrewallen/Library/Developer/Xcode/DerivedData/Trivial-glmldcsxtxmqdqdrpsfrewoyidwc/Build/Products/Debug-iphonesimulator

CreateBuildDirectory /Users/andrewallen/Library/Developer/Xcode/DerivedData/Trivial-glmldcsxtxmqdqdrpsfrewoyidwc/Build/Intermediates.noindex/ExplicitPrecompiledModules
    cd /Users/andrewallen/Desktop/swift_projects/Trivial
    builtin-create-build-directory /Users/andrewallen/Library/Developer/Xcode/DerivedData/Trivial-glmldcsxtxmqdqdrpsfrewoyidwc/Build/Intermediates.noindex/ExplicitPrecompiledModules

CreateBuildDirectory /Users/andrewallen/Library/Developer/Xcode/DerivedData/Trivial-glmldcsxtxmqdqdrpsfrewoyidwc/Build/Intermediates.noindex/SwiftExplicitPrecompiledModules
    cd /Users/andrewallen/Desktop/swift_projects/Trivial
    builtin-create-build-directory /Users/andrewallen/Library/Developer/Xcode/DerivedData/Trivial-glmldcsxtxmqdqdrpsfrewoyidwc/Build/Intermediates.noindex/SwiftExplicitPrecompiledModules

WriteAuxiliaryFile /Users/andrewallen/Library/Developer/Xcode/DerivedData/Trivial-glmldcsxtxmqdqdrpsfrewoyidwc/Build/Intermediates.noindex/Trivial.build/Debug-iphonesimulator/Trivial-68c4b1fd9c03ba609f700fa03ce29a19-VFS-iphonesimulator/all-product-headers.yaml
    cd /Users/andrewallen/Desktop/swift_projects/Trivial
    write-file /Users/andrewallen/Library/Developer/Xcode/DerivedData/Trivial-glmldcsxtxmqdqdrpsfrewoyidwc/Build/Intermediates.noindex/Trivial.build/Debug-iphonesimulator/Trivial-68c4b1fd9c03ba609f700fa03ce29a19-VFS-iphonesimulator/all-product-headers.yaml

CreateBuildDirectory /Users/andrewallen/Library/Developer/Xcode/DerivedData/Trivial-glmldcsxtxmqdqdrpsfrewoyidwc/Build/Intermediates.noindex/EagerLinkingTBDs/Debug-iphonesimulator
    cd /Users/andrewallen/Desktop/swift_projects/Trivial
    builtin-create-build-directory /Users/andrewallen/Library/Developer/Xcode/DerivedData/Trivial-glmldcsxtxmqdqdrpsfrewoyidwc/Build/Intermediates.noindex/EagerLinkingTBDs/Debug-iphonesimulator

WriteAuxiliaryFile /Users/andrewallen/Library/Developer/Xcode/DerivedData/Trivial-glmldcsxtxmqdqdrpsfrewoyidwc/Build/Intermediates.noindex/Pods.build/Debug-iphonesimulator/Pods-8699adb1dd336b26511df848a716bd42-VFS-iphonesimulator/all-product-headers.yaml
    cd /Users/andrewallen/Desktop/swift_projects/Trivial
    write-file /Users/andrewallen/Library/Developer/Xcode/DerivedData/Trivial-glmldcsxtxmqdqdrpsfrewoyidwc/Build/Intermediates.noindex/Pods.build/Debug-iphonesimulator/Pods-8699adb1dd336b26511df848a716bd42-VFS-iphonesimulator/all-product-headers.yaml

CreateBuildDirectory /Users/andrewallen/Library/Developer/Xcode/DerivedData/Trivial-glmldcsxtxmqdqdrpsfrewoyidwc/Build/Products/Debug-iphonesimulator/MyScriptInteractiveInk-Runtime
    cd /Users/andrewallen/Desktop/swift_projects/Trivial
    builtin-create-build-directory /Users/andrewallen/Library/Developer/Xcode/DerivedData/Trivial-glmldcsxtxmqdqdrpsfrewoyidwc/Build/Products/Debug-iphonesimulator/MyScriptInteractiveInk-Runtime

WriteAuxiliaryFile /Users/andrewallen/Library/Developer/Xcode/DerivedData/Trivial-glmldcsxtxmqdqdrpsfrewoyidwc/Build/Intermediates.noindex/Pods.build/Debug-iphonesimulator/Pods-Trivial.build/Pods-Trivial-generated-files.hmap (in target 'Pods-Trivial' from project 'Pods')
    cd /Users/andrewallen/Desktop/swift_projects/Trivial/Pods
    write-file /Users/andrewallen/Library/Developer/Xcode/DerivedData/Trivial-glmldcsxtxmqdqdrpsfrewoyidwc/Build/Intermediates.noindex/Pods.build/Debug-iphonesimulator/Pods-Trivial.build/Pods-Trivial-generated-files.hmap

WriteAuxiliaryFile /Users/andrewallen/Library/Developer/Xcode/DerivedData/Trivial-glmldcsxtxmqdqdrpsfrewoyidwc/Build/Intermediates.noindex/Pods.build/Debug-iphonesimulator/Pods-Trivial.build/Pods-Trivial-own-target-headers.hmap (in target 'Pods-Trivial' from project 'Pods')
    cd /Users/andrewallen/Desktop/swift_projects/Trivial/Pods
    write-file /Users/andrewallen/Library/Developer/Xcode/DerivedData/Trivial-glmldcsxtxmqdqdrpsfrewoyidwc/Build/Intermediates.noindex/Pods.build/Debug-iphonesimulator/Pods-Trivial.build/Pods-Trivial-own-target-headers.hmap

WriteAuxiliaryFile /Users/andrewallen/Library/Developer/Xcode/DerivedData/Trivial-glmldcsxtxmqdqdrpsfrewoyidwc/Build/Intermediates.noindex/Pods.build/Debug-iphonesimulator/Pods-Trivial.build/Pods-Trivial.DependencyMetadataFileList (in target 'Pods-Trivial' from project 'Pods')
    cd /Users/andrewallen/Desktop/swift_projects/Trivial/Pods
    write-file /Users/andrewallen/Library/Developer/Xcode/DerivedData/Trivial-glmldcsxtxmqdqdrpsfrewoyidwc/Build/Intermediates.noindex/Pods.build/Debug-iphonesimulator/Pods-Trivial.build/Pods-Trivial.DependencyMetadataFileList

WriteAuxiliaryFile /Users/andrewallen/Library/Developer/Xcode/DerivedData/Trivial-glmldcsxtxmqdqdrpsfrewoyidwc/Build/Intermediates.noindex/Pods.build/Debug-iphonesimulator/Pods-Trivial.build/Pods-Trivial-project-headers.hmap (in target 'Pods-Trivial' from project 'Pods')
    cd /Users/andrewallen/Desktop/swift_projects/Trivial/Pods
    write-file /Users/andrewallen/Library/Developer/Xcode/DerivedData/Trivial-glmldcsxtxmqdqdrpsfrewoyidwc/Build/Intermediates.noindex/Pods.build/Debug-iphonesimulator/Pods-Trivial.build/Pods-Trivial-project-headers.hmap

WriteAuxiliaryFile /Users/andrewallen/Library/Developer/Xcode/DerivedData/Trivial-glmldcsxtxmqdqdrpsfrewoyidwc/Build/Intermediates.noindex/Pods.build/Debug-iphonesimulator/Pods-Trivial.build/Pods-Trivial.hmap (in target 'Pods-Trivial' from project 'Pods')
    cd /Users/andrewallen/Desktop/swift_projects/Trivial/Pods
    write-file /Users/andrewallen/Library/Developer/Xcode/DerivedData/Trivial-glmldcsxtxmqdqdrpsfrewoyidwc/Build/Intermediates.noindex/Pods.build/Debug-iphonesimulator/Pods-Trivial.build/Pods-Trivial.hmap

WriteAuxiliaryFile /Users/andrewallen/Library/Developer/Xcode/DerivedData/Trivial-glmldcsxtxmqdqdrpsfrewoyidwc/Build/Intermediates.noindex/Pods.build/Debug-iphonesimulator/Pods-Trivial.build/Pods-Trivial.DependencyStaticMetadataFileList (in target 'Pods-Trivial' from project 'Pods')
    cd /Users/andrewallen/Desktop/swift_projects/Trivial/Pods
    write-file /Users/andrewallen/Library/Developer/Xcode/DerivedData/Trivial-glmldcsxtxmqdqdrpsfrewoyidwc/Build/Intermediates.noindex/Pods.build/Debug-iphonesimulator/Pods-Trivial.build/Pods-Trivial.DependencyStaticMetadataFileList

WriteAuxiliaryFile /Users/andrewallen/Library/Developer/Xcode/DerivedData/Trivial-glmldcsxtxmqdqdrpsfrewoyidwc/Build/Intermediates.noindex/Trivial.build/Debug-iphonesimulator/Trivial.build/empty-Trivial.plist (in target 'Trivial' from project 'Trivial')
    cd /Users/andrewallen/Desktop/swift_projects/Trivial
    write-file /Users/andrewallen/Library/Developer/Xcode/DerivedData/Trivial-glmldcsxtxmqdqdrpsfrewoyidwc/Build/Intermediates.noindex/Trivial.build/Debug-iphonesimulator/Trivial.build/empty-Trivial.plist

WriteAuxiliaryFile /Users/andrewallen/Library/Developer/Xcode/DerivedData/Trivial-glmldcsxtxmqdqdrpsfrewoyidwc/Build/Intermediates.noindex/Trivial.build/Debug-iphonesimulator/Trivial.build/Trivial.hmap (in target 'Trivial' from project 'Trivial')
    cd /Users/andrewallen/Desktop/swift_projects/Trivial
    write-file /Users/andrewallen/Library/Developer/Xcode/DerivedData/Trivial-glmldcsxtxmqdqdrpsfrewoyidwc/Build/Intermediates.noindex/Trivial.build/Debug-iphonesimulator/Trivial.build/Trivial.hmap

WriteAuxiliaryFile /Users/andrewallen/Library/Developer/Xcode/DerivedData/Trivial-glmldcsxtxmqdqdrpsfrewoyidwc/Build/Intermediates.noindex/Trivial.build/Debug-iphonesimulator/Trivial.build/Trivial.DependencyStaticMetadataFileList (in target 'Trivial' from project 'Trivial')
    cd /Users/andrewallen/Desktop/swift_projects/Trivial
    write-file /Users/andrewallen/Library/Developer/Xcode/DerivedData/Trivial-glmldcsxtxmqdqdrpsfrewoyidwc/Build/Intermediates.noindex/Trivial.build/Debug-iphonesimulator/Trivial.build/Trivial.DependencyStaticMetadataFileList

WriteAuxiliaryFile /Users/andrewallen/Library/Developer/Xcode/DerivedData/Trivial-glmldcsxtxmqdqdrpsfrewoyidwc/Build/Intermediates.noindex/Trivial.build/Debug-iphonesimulator/Trivial.build/Trivial-project-headers.hmap (in target 'Trivial' from project 'Trivial')
    cd /Users/andrewallen/Desktop/swift_projects/Trivial
    write-file /Users/andrewallen/Library/Developer/Xcode/DerivedData/Trivial-glmldcsxtxmqdqdrpsfrewoyidwc/Build/Intermediates.noindex/Trivial.build/Debug-iphonesimulator/Trivial.build/Trivial-project-headers.hmap

WriteAuxiliaryFile /Users/andrewallen/Library/Developer/Xcode/DerivedData/Trivial-glmldcsxtxmqdqdrpsfrewoyidwc/Build/Intermediates.noindex/Trivial.build/Debug-iphonesimulator/Trivial.build/Trivial.DependencyMetadataFileList (in target 'Trivial' from project 'Trivial')
    cd /Users/andrewallen/Desktop/swift_projects/Trivial
    write-file /Users/andrewallen/Library/Developer/Xcode/DerivedData/Trivial-glmldcsxtxmqdqdrpsfrewoyidwc/Build/Intermediates.noindex/Trivial.build/Debug-iphonesimulator/Trivial.build/Trivial.DependencyMetadataFileList

WriteAuxiliaryFile /Users/andrewallen/Library/Developer/Xcode/DerivedData/Trivial-glmldcsxtxmqdqdrpsfrewoyidwc/Build/Intermediates.noindex/Trivial.build/Debug-iphonesimulator/Trivial.build/Trivial-own-target-headers.hmap (in target 'Trivial' from project 'Trivial')
    cd /Users/andrewallen/Desktop/swift_projects/Trivial
    write-file /Users/andrewallen/Library/Developer/Xcode/DerivedData/Trivial-glmldcsxtxmqdqdrpsfrewoyidwc/Build/Intermediates.noindex/Trivial.build/Debug-iphonesimulator/Trivial.build/Trivial-own-target-headers.hmap

WriteAuxiliaryFile /Users/andrewallen/Library/Developer/Xcode/DerivedData/Trivial-glmldcsxtxmqdqdrpsfrewoyidwc/Build/Intermediates.noindex/Trivial.build/Debug-iphonesimulator/Trivial.build/Trivial-generated-files.hmap (in target 'Trivial' from project 'Trivial')
    cd /Users/andrewallen/Desktop/swift_projects/Trivial
    write-file /Users/andrewallen/Library/Developer/Xcode/DerivedData/Trivial-glmldcsxtxmqdqdrpsfrewoyidwc/Build/Intermediates.noindex/Trivial.build/Debug-iphonesimulator/Trivial.build/Trivial-generated-files.hmap

WriteAuxiliaryFile /Users/andrewallen/Library/Developer/Xcode/DerivedData/Trivial-glmldcsxtxmqdqdrpsfrewoyidwc/Build/Intermediates.noindex/Trivial.build/Debug-iphonesimulator/Trivial.build/Trivial-all-target-headers.hmap (in target 'Trivial' from project 'Trivial')
    cd /Users/andrewallen/Desktop/swift_projects/Trivial
    write-file /Users/andrewallen/Library/Developer/Xcode/DerivedData/Trivial-glmldcsxtxmqdqdrpsfrewoyidwc/Build/Intermediates.noindex/Trivial.build/Debug-iphonesimulator/Trivial.build/Trivial-all-target-headers.hmap

WriteAuxiliaryFile /Users/andrewallen/Library/Developer/Xcode/DerivedData/Trivial-glmldcsxtxmqdqdrpsfrewoyidwc/Build/Intermediates.noindex/Trivial.build/Debug-iphonesimulator/Trivial.build/Trivial-all-non-framework-target-headers.hmap (in target 'Trivial' from project 'Trivial')
    cd /Users/andrewallen/Desktop/swift_projects/Trivial
    write-file /Users/andrewallen/Library/Developer/Xcode/DerivedData/Trivial-glmldcsxtxmqdqdrpsfrewoyidwc/Build/Intermediates.noindex/Trivial.build/Debug-iphonesimulator/Trivial.build/Trivial-all-non-framework-target-headers.hmap

WriteAuxiliaryFile /Users/andrewallen/Library/Developer/Xcode/DerivedData/Trivial-glmldcsxtxmqdqdrpsfrewoyidwc/Build/Intermediates.noindex/Trivial.build/Debug-iphonesimulator/Trivial.build/Trivial-DebugDylibPath-normal-arm64.txt (in target 'Trivial' from project 'Trivial')
    cd /Users/andrewallen/Desktop/swift_projects/Trivial
    write-file /Users/andrewallen/Library/Developer/Xcode/DerivedData/Trivial-glmldcsxtxmqdqdrpsfrewoyidwc/Build/Intermediates.noindex/Trivial.build/Debug-iphonesimulator/Trivial.build/Trivial-DebugDylibPath-normal-arm64.txt

WriteAuxiliaryFile /Users/andrewallen/Library/Developer/Xcode/DerivedData/Trivial-glmldcsxtxmqdqdrpsfrewoyidwc/Build/Intermediates.noindex/Trivial.build/Debug-iphonesimulator/Trivial.build/Trivial-DebugDylibInstallName-normal-arm64.txt (in target 'Trivial' from project 'Trivial')
    cd /Users/andrewallen/Desktop/swift_projects/Trivial
    write-file /Users/andrewallen/Library/Developer/Xcode/DerivedData/Trivial-glmldcsxtxmqdqdrpsfrewoyidwc/Build/Intermediates.noindex/Trivial.build/Debug-iphonesimulator/Trivial.build/Trivial-DebugDylibInstallName-normal-arm64.txt

WriteAuxiliaryFile /Users/andrewallen/Library/Developer/Xcode/DerivedData/Trivial-glmldcsxtxmqdqdrpsfrewoyidwc/Build/Intermediates.noindex/Trivial.build/Debug-iphonesimulator/Trivial.build/Script-AEA6BC5A2EF8654800D18138.sh (in target 'Trivial' from project 'Trivial')
    cd /Users/andrewallen/Desktop/swift_projects/Trivial
    write-file /Users/andrewallen/Library/Developer/Xcode/DerivedData/Trivial-glmldcsxtxmqdqdrpsfrewoyidwc/Build/Intermediates.noindex/Trivial.build/Debug-iphonesimulator/Trivial.build/Script-AEA6BC5A2EF8654800D18138.sh

WriteAuxiliaryFile /Users/andrewallen/Library/Developer/Xcode/DerivedData/Trivial-glmldcsxtxmqdqdrpsfrewoyidwc/Build/Intermediates.noindex/Trivial.build/Debug-iphonesimulator/Trivial.build/Objects-normal/arm64/Trivial.SwiftFileList (in target 'Trivial' from project 'Trivial')
    cd /Users/andrewallen/Desktop/swift_projects/Trivial
    write-file /Users/andrewallen/Library/Developer/Xcode/DerivedData/Trivial-glmldcsxtxmqdqdrpsfrewoyidwc/Build/Intermediates.noindex/Trivial.build/Debug-iphonesimulator/Trivial.build/Objects-normal/arm64/Trivial.SwiftFileList

WriteAuxiliaryFile /Users/andrewallen/Library/Developer/Xcode/DerivedData/Trivial-glmldcsxtxmqdqdrpsfrewoyidwc/Build/Intermediates.noindex/Trivial.build/Debug-iphonesimulator/Trivial.build/Objects-normal/arm64/Trivial_const_extract_protocols.json (in target 'Trivial' from project 'Trivial')
    cd /Users/andrewallen/Desktop/swift_projects/Trivial
    write-file /Users/andrewallen/Library/Developer/Xcode/DerivedData/Trivial-glmldcsxtxmqdqdrpsfrewoyidwc/Build/Intermediates.noindex/Trivial.build/Debug-iphonesimulator/Trivial.build/Objects-normal/arm64/Trivial_const_extract_protocols.json

WriteAuxiliaryFile /Users/andrewallen/Library/Developer/Xcode/DerivedData/Trivial-glmldcsxtxmqdqdrpsfrewoyidwc/Build/Intermediates.noindex/Trivial.build/Debug-iphonesimulator/Trivial.build/Objects-normal/arm64/Trivial.SwiftConstValuesFileList (in target 'Trivial' from project 'Trivial')
    cd /Users/andrewallen/Desktop/swift_projects/Trivial
    write-file /Users/andrewallen/Library/Developer/Xcode/DerivedData/Trivial-glmldcsxtxmqdqdrpsfrewoyidwc/Build/Intermediates.noindex/Trivial.build/Debug-iphonesimulator/Trivial.build/Objects-normal/arm64/Trivial.SwiftConstValuesFileList

WriteAuxiliaryFile /Users/andrewallen/Library/Developer/Xcode/DerivedData/Trivial-glmldcsxtxmqdqdrpsfrewoyidwc/Build/Intermediates.noindex/Trivial.build/Debug-iphonesimulator/Trivial.build/Objects-normal/arm64/Trivial.LinkFileList (in target 'Trivial' from project 'Trivial')
    cd /Users/andrewallen/Desktop/swift_projects/Trivial
    write-file /Users/andrewallen/Library/Developer/Xcode/DerivedData/Trivial-glmldcsxtxmqdqdrpsfrewoyidwc/Build/Intermediates.noindex/Trivial.build/Debug-iphonesimulator/Trivial.build/Objects-normal/arm64/Trivial.LinkFileList

WriteAuxiliaryFile /Users/andrewallen/Library/Developer/Xcode/DerivedData/Trivial-glmldcsxtxmqdqdrpsfrewoyidwc/Build/Intermediates.noindex/Trivial.build/Debug-iphonesimulator/Trivial.build/Objects-normal/arm64/Trivial-OutputFileMap.json (in target 'Trivial' from project 'Trivial')
    cd /Users/andrewallen/Desktop/swift_projects/Trivial
    write-file /Users/andrewallen/Library/Developer/Xcode/DerivedData/Trivial-glmldcsxtxmqdqdrpsfrewoyidwc/Build/Intermediates.noindex/Trivial.build/Debug-iphonesimulator/Trivial.build/Objects-normal/arm64/Trivial-OutputFileMap.json

WriteAuxiliaryFile /Users/andrewallen/Library/Developer/Xcode/DerivedData/Trivial-glmldcsxtxmqdqdrpsfrewoyidwc/Build/Intermediates.noindex/Trivial.build/Debug-iphonesimulator/Trivial.build/Objects-normal/arm64/7187679823f38a2a940e0043cdf9d637-common-args.resp (in target 'Trivial' from project 'Trivial')
    cd /Users/andrewallen/Desktop/swift_projects/Trivial
    write-file /Users/andrewallen/Library/Developer/Xcode/DerivedData/Trivial-glmldcsxtxmqdqdrpsfrewoyidwc/Build/Intermediates.noindex/Trivial.build/Debug-iphonesimulator/Trivial.build/Objects-normal/arm64/7187679823f38a2a940e0043cdf9d637-common-args.resp
-target arm64-apple-ios26.2-simulator '-std=gnu17' -fmodules -gmodules '-fmodules-cache-path=/Users/andrewallen/Library/Developer/Xcode/DerivedData/ModuleCache.noindex' -fpascal-strings -O0 -fno-common '-DDEBUG=1' '-DCOCOAPODS=1' -isysroot /Applications/Xcode.app/Contents/Developer/Platforms/iPhoneSimulator.platform/Developer/SDKs/iPhoneSimulator26.2.sdk -g -iquote /Users/andrewallen/Library/Developer/Xcode/DerivedData/Trivial-glmldcsxtxmqdqdrpsfrewoyidwc/Build/Intermediates.noindex/Trivial.build/Debug-iphonesimulator/Trivial.build/Trivial-generated-files.hmap -I/Users/andrewallen/Library/Developer/Xcode/DerivedData/Trivial-glmldcsxtxmqdqdrpsfrewoyidwc/Build/Intermediates.noindex/Trivial.build/Debug-iphonesimulator/Trivial.build/Trivial-own-target-headers.hmap -I/Users/andrewallen/Library/Developer/Xcode/DerivedData/Trivial-glmldcsxtxmqdqdrpsfrewoyidwc/Build/Intermediates.noindex/Trivial.build/Debug-iphonesimulator/Trivial.build/Trivial-all-target-headers.hmap -iquote /Users/andrewallen/Library/Developer/Xcode/DerivedData/Trivial-glmldcsxtxmqdqdrpsfrewoyidwc/Build/Intermediates.noindex/Trivial.build/Debug-iphonesimulator/Trivial.build/Trivial-project-headers.hmap -iquote /Users/andrewallen/Desktop/swift_projects/Trivial/Pods/MyScriptInteractiveInk-Runtime/Frameworks/iink.framework/Headers -I/Users/andrewallen/Library/Developer/Xcode/DerivedData/Trivial-glmldcsxtxmqdqdrpsfrewoyidwc/Build/Products/Debug-iphonesimulator/include -I/Users/andrewallen/Desktop/swift_projects/Trivial/Pods/Headers/Public -I/Users/andrewallen/Desktop/swift_projects/Trivial/Pods/Headers/Public/MyScriptInteractiveInk-Runtime -I/Users/andrewallen/Library/Developer/Xcode/DerivedData/Trivial-glmldcsxtxmqdqdrpsfrewoyidwc/Build/Products/Debug-iphonesimulator/XCFrameworkIntermediates/MyScriptInteractiveInk-Runtime/Headers -I/Users/andrewallen/Library/Developer/Xcode/DerivedData/Trivial-glmldcsxtxmqdqdrpsfrewoyidwc/Build/Products/Debug-iphonesimulator/MyScriptInteractiveInk-Runtime/MyScriptInteractiveInk_Runtime.framework/Headers -I/Users/andrewallen/Library/Developer/Xcode/DerivedData/Trivial-glmldcsxtxmqdqdrpsfrewoyidwc/Build/Products/Debug-iphonesimulator/XCFrameworkIntermediates/MyScriptInteractiveInk-Runtime/Headers -I/Users/andrewallen/Desktop/swift_projects/Trivial/Pods/MyScriptInteractiveInk-Runtime/Frameworks/iink.framework/Headers -I/Users/andrewallen/Desktop/swift_projects/Trivial/Pods/Headers/Public -I/Users/andrewallen/Desktop/swift_projects/Trivial/Pods/Headers/Public/MyScriptInteractiveInk-Runtime -I/Users/andrewallen/Library/Developer/Xcode/DerivedData/Trivial-glmldcsxtxmqdqdrpsfrewoyidwc/Build/Products/Debug-iphonesimulator/XCFrameworkIntermediates/MyScriptInteractiveInk-Runtime/Headers -I/Users/andrewallen/Library/Developer/Xcode/DerivedData/Trivial-glmldcsxtxmqdqdrpsfrewoyidwc/Build/Intermediates.noindex/Trivial.build/Debug-iphonesimulator/Trivial.build/DerivedSources-normal/arm64 -I/Users/andrewallen/Library/Developer/Xcode/DerivedData/Trivial-glmldcsxtxmqdqdrpsfrewoyidwc/Build/Intermediates.noindex/Trivial.build/Debug-iphonesimulator/Trivial.build/DerivedSources/arm64 -I/Users/andrewallen/Library/Developer/Xcode/DerivedData/Trivial-glmldcsxtxmqdqdrpsfrewoyidwc/Build/Intermediates.noindex/Trivial.build/Debug-iphonesimulator/Trivial.build/DerivedSources -F/Users/andrewallen/Library/Developer/Xcode/DerivedData/Trivial-glmldcsxtxmqdqdrpsfrewoyidwc/Build/Products/Debug-iphonesimulator -F/Users/andrewallen/Desktop/swift_projects/Trivial/Pods/MyScriptInteractiveInk-Runtime '-fmodule-map-file=/Users/andrewallen/Library/Developer/Xcode/DerivedData/Trivial-glmldcsxtxmqdqdrpsfrewoyidwc/Build/Products/Debug-iphonesimulator/MyScriptInteractiveInk-Runtime/MyScriptInteractiveInk_Runtime.modulemap'

WriteAuxiliaryFile /Users/andrewallen/Library/Developer/Xcode/DerivedData/Trivial-glmldcsxtxmqdqdrpsfrewoyidwc/Build/Intermediates.noindex/Trivial.build/Debug-iphonesimulator/Trivial.build/DerivedSources/Entitlements-Simulated.plist (in target 'Trivial' from project 'Trivial')
    cd /Users/andrewallen/Desktop/swift_projects/Trivial
    write-file /Users/andrewallen/Library/Developer/Xcode/DerivedData/Trivial-glmldcsxtxmqdqdrpsfrewoyidwc/Build/Intermediates.noindex/Trivial.build/Debug-iphonesimulator/Trivial.build/DerivedSources/Entitlements-Simulated.plist

WriteAuxiliaryFile /Users/andrewallen/Library/Developer/Xcode/DerivedData/Trivial-glmldcsxtxmqdqdrpsfrewoyidwc/Build/Intermediates.noindex/Pods.build/Debug-iphonesimulator/Pods-Trivial.build/Pods-Trivial-all-target-headers.hmap (in target 'Pods-Trivial' from project 'Pods')
    cd /Users/andrewallen/Desktop/swift_projects/Trivial/Pods
    write-file /Users/andrewallen/Library/Developer/Xcode/DerivedData/Trivial-glmldcsxtxmqdqdrpsfrewoyidwc/Build/Intermediates.noindex/Pods.build/Debug-iphonesimulator/Pods-Trivial.build/Pods-Trivial-all-target-headers.hmap

WriteAuxiliaryFile /Users/andrewallen/Library/Developer/Xcode/DerivedData/Trivial-glmldcsxtxmqdqdrpsfrewoyidwc/Build/Intermediates.noindex/Pods.build/Debug-iphonesimulator/Pods-Trivial.build/Pods-Trivial-all-non-framework-target-headers.hmap (in target 'Pods-Trivial' from project 'Pods')
    cd /Users/andrewallen/Desktop/swift_projects/Trivial/Pods
    write-file /Users/andrewallen/Library/Developer/Xcode/DerivedData/Trivial-glmldcsxtxmqdqdrpsfrewoyidwc/Build/Intermediates.noindex/Pods.build/Debug-iphonesimulator/Pods-Trivial.build/Pods-Trivial-all-non-framework-target-headers.hmap

WriteAuxiliaryFile /Users/andrewallen/Library/Developer/Xcode/DerivedData/Trivial-glmldcsxtxmqdqdrpsfrewoyidwc/Build/Intermediates.noindex/Pods.build/Debug-iphonesimulator/Pods-Trivial.build/Objects-normal/arm64/e6072d4f65d7061329687fe24e3d63a7-common-args.resp (in target 'Pods-Trivial' from project 'Pods')
    cd /Users/andrewallen/Desktop/swift_projects/Trivial/Pods
    write-file /Users/andrewallen/Library/Developer/Xcode/DerivedData/Trivial-glmldcsxtxmqdqdrpsfrewoyidwc/Build/Intermediates.noindex/Pods.build/Debug-iphonesimulator/Pods-Trivial.build/Objects-normal/arm64/e6072d4f65d7061329687fe24e3d63a7-common-args.resp
-target arm64-apple-ios15.0-simulator '-std=gnu11' -fobjc-arc -fmodules '-fmodules-cache-path=/Users/andrewallen/Library/Developer/Xcode/DerivedData/ModuleCache.noindex' -fpascal-strings -O0 -fno-common '-DPOD_CONFIGURATION_DEBUG=1' '-DDEBUG=1' '-DCOCOAPODS=1' '-DOBJC_OLD_DISPATCH_PROTOTYPES=0' -isysroot /Applications/Xcode.app/Contents/Developer/Platforms/iPhoneSimulator.platform/Developer/SDKs/iPhoneSimulator26.2.sdk -g '-fobjc-abi-version=2' -fobjc-legacy-dispatch -iquote /Users/andrewallen/Library/Developer/Xcode/DerivedData/Trivial-glmldcsxtxmqdqdrpsfrewoyidwc/Build/Intermediates.noindex/Pods.build/Debug-iphonesimulator/Pods-Trivial.build/Pods-Trivial-generated-files.hmap -I/Users/andrewallen/Library/Developer/Xcode/DerivedData/Trivial-glmldcsxtxmqdqdrpsfrewoyidwc/Build/Intermediates.noindex/Pods.build/Debug-iphonesimulator/Pods-Trivial.build/Pods-Trivial-own-target-headers.hmap -I/Users/andrewallen/Library/Developer/Xcode/DerivedData/Trivial-glmldcsxtxmqdqdrpsfrewoyidwc/Build/Intermediates.noindex/Pods.build/Debug-iphonesimulator/Pods-Trivial.build/Pods-Trivial-all-target-headers.hmap -iquote /Users/andrewallen/Library/Developer/Xcode/DerivedData/Trivial-glmldcsxtxmqdqdrpsfrewoyidwc/Build/Intermediates.noindex/Pods.build/Debug-iphonesimulator/Pods-Trivial.build/Pods-Trivial-project-headers.hmap -I/Users/andrewallen/Library/Developer/Xcode/DerivedData/Trivial-glmldcsxtxmqdqdrpsfrewoyidwc/Build/Products/Debug-iphonesimulator/include -I/Users/andrewallen/Desktop/swift_projects/Trivial/Pods/Headers/Public -I/Users/andrewallen/Desktop/swift_projects/Trivial/Pods/Headers/Public/MyScriptInteractiveInk-Runtime -I/Users/andrewallen/Library/Developer/Xcode/DerivedData/Trivial-glmldcsxtxmqdqdrpsfrewoyidwc/Build/Products/Debug-iphonesimulator/XCFrameworkIntermediates/MyScriptInteractiveInk-Runtime/Headers -I/Users/andrewallen/Library/Developer/Xcode/DerivedData/Trivial-glmldcsxtxmqdqdrpsfrewoyidwc/Build/Intermediates.noindex/Pods.build/Debug-iphonesimulator/Pods-Trivial.build/DerivedSources-normal/arm64 -I/Users/andrewallen/Library/Developer/Xcode/DerivedData/Trivial-glmldcsxtxmqdqdrpsfrewoyidwc/Build/Intermediates.noindex/Pods.build/Debug-iphonesimulator/Pods-Trivial.build/DerivedSources/arm64 -I/Users/andrewallen/Library/Developer/Xcode/DerivedData/Trivial-glmldcsxtxmqdqdrpsfrewoyidwc/Build/Intermediates.noindex/Pods.build/Debug-iphonesimulator/Pods-Trivial.build/DerivedSources -F/Users/andrewallen/Library/Developer/Xcode/DerivedData/Trivial-glmldcsxtxmqdqdrpsfrewoyidwc/Build/Products/Debug-iphonesimulator -F/Users/andrewallen/Desktop/swift_projects/Trivial/Pods/MyScriptInteractiveInk-Runtime '-fmodule-map-file=/Users/andrewallen/Library/Developer/Xcode/DerivedData/Trivial-glmldcsxtxmqdqdrpsfrewoyidwc/Build/Products/Debug-iphonesimulator/MyScriptInteractiveInk-Runtime/MyScriptInteractiveInk_Runtime.modulemap'

WriteAuxiliaryFile /Users/andrewallen/Library/Developer/Xcode/DerivedData/Trivial-glmldcsxtxmqdqdrpsfrewoyidwc/Build/Intermediates.noindex/Pods.build/Debug-iphonesimulator/Pods-Trivial.build/Objects-normal/arm64/Pods-Trivial.LinkFileList (in target 'Pods-Trivial' from project 'Pods')
    cd /Users/andrewallen/Desktop/swift_projects/Trivial/Pods
    write-file /Users/andrewallen/Library/Developer/Xcode/DerivedData/Trivial-glmldcsxtxmqdqdrpsfrewoyidwc/Build/Intermediates.noindex/Pods.build/Debug-iphonesimulator/Pods-Trivial.build/Objects-normal/arm64/Pods-Trivial.LinkFileList

MkDir /Users/andrewallen/Library/Developer/Xcode/DerivedData/Trivial-glmldcsxtxmqdqdrpsfrewoyidwc/Build/Products/Debug-iphonesimulator/Trivial.app (in target 'Trivial' from project 'Trivial')
    cd /Users/andrewallen/Desktop/swift_projects/Trivial
    /bin/mkdir -p /Users/andrewallen/Library/Developer/Xcode/DerivedData/Trivial-glmldcsxtxmqdqdrpsfrewoyidwc/Build/Products/Debug-iphonesimulator/Trivial.app

WriteAuxiliaryFile /Users/andrewallen/Library/Developer/Xcode/DerivedData/Trivial-glmldcsxtxmqdqdrpsfrewoyidwc/Build/Intermediates.noindex/Pods.build/Debug-iphonesimulator/MyScriptInteractiveInk-Runtime.build/Script-39CDEF633587C8ABCC20EB5BD6520245.sh (in target 'MyScriptInteractiveInk-Runtime' from project 'Pods')
    cd /Users/andrewallen/Desktop/swift_projects/Trivial/Pods
    write-file /Users/andrewallen/Library/Developer/Xcode/DerivedData/Trivial-glmldcsxtxmqdqdrpsfrewoyidwc/Build/Intermediates.noindex/Pods.build/Debug-iphonesimulator/MyScriptInteractiveInk-Runtime.build/Script-39CDEF633587C8ABCC20EB5BD6520245.sh

WriteAuxiliaryFile /Users/andrewallen/Library/Developer/Xcode/DerivedData/Trivial-glmldcsxtxmqdqdrpsfrewoyidwc/Build/Intermediates.noindex/Pods.build/Debug-iphonesimulator/MyScriptInteractiveInk-Runtime.build/Script-4A7B4ECFEDB50C2F025F224FD29FFEA9.sh (in target 'MyScriptInteractiveInk-Runtime' from project 'Pods')
    cd /Users/andrewallen/Desktop/swift_projects/Trivial/Pods
    write-file /Users/andrewallen/Library/Developer/Xcode/DerivedData/Trivial-glmldcsxtxmqdqdrpsfrewoyidwc/Build/Intermediates.noindex/Pods.build/Debug-iphonesimulator/MyScriptInteractiveInk-Runtime.build/Script-4A7B4ECFEDB50C2F025F224FD29FFEA9.sh

WriteAuxiliaryFile /Users/andrewallen/Library/Developer/Xcode/DerivedData/Trivial-glmldcsxtxmqdqdrpsfrewoyidwc/Build/Intermediates.noindex/Pods.build/Debug-iphonesimulator/MyScriptInteractiveInk-Runtime.build/OutputFileList-39CDEF633587C8ABCC20EB5BD6520245-MyScriptInteractiveInk-Runtime-xcframeworks-output-files-e576c35660c1725856dae93e2e365bff-resolved.xcfilelist (in target 'MyScriptInteractiveInk-Runtime' from project 'Pods')
    cd /Users/andrewallen/Desktop/swift_projects/Trivial/Pods
    write-file /Users/andrewallen/Library/Developer/Xcode/DerivedData/Trivial-glmldcsxtxmqdqdrpsfrewoyidwc/Build/Intermediates.noindex/Pods.build/Debug-iphonesimulator/MyScriptInteractiveInk-Runtime.build/OutputFileList-39CDEF633587C8ABCC20EB5BD6520245-MyScriptInteractiveInk-Runtime-xcframeworks-output-files-e576c35660c1725856dae93e2e365bff-resolved.xcfilelist

WriteAuxiliaryFile /Users/andrewallen/Library/Developer/Xcode/DerivedData/Trivial-glmldcsxtxmqdqdrpsfrewoyidwc/Build/Intermediates.noindex/Pods.build/Debug-iphonesimulator/MyScriptInteractiveInk-Runtime.build/Objects-normal/arm64/MyScriptInteractiveInk-Runtime_const_extract_protocols.json (in target 'MyScriptInteractiveInk-Runtime' from project 'Pods')
    cd /Users/andrewallen/Desktop/swift_projects/Trivial/Pods
    write-file /Users/andrewallen/Library/Developer/Xcode/DerivedData/Trivial-glmldcsxtxmqdqdrpsfrewoyidwc/Build/Intermediates.noindex/Pods.build/Debug-iphonesimulator/MyScriptInteractiveInk-Runtime.build/Objects-normal/arm64/MyScriptInteractiveInk-Runtime_const_extract_protocols.json

WriteAuxiliaryFile /Users/andrewallen/Library/Developer/Xcode/DerivedData/Trivial-glmldcsxtxmqdqdrpsfrewoyidwc/Build/Intermediates.noindex/Pods.build/Debug-iphonesimulator/MyScriptInteractiveInk-Runtime.build/Objects-normal/arm64/MyScriptInteractiveInk-Runtime.SwiftFileList (in target 'MyScriptInteractiveInk-Runtime' from project 'Pods')
    cd /Users/andrewallen/Desktop/swift_projects/Trivial/Pods
    write-file /Users/andrewallen/Library/Developer/Xcode/DerivedData/Trivial-glmldcsxtxmqdqdrpsfrewoyidwc/Build/Intermediates.noindex/Pods.build/Debug-iphonesimulator/MyScriptInteractiveInk-Runtime.build/Objects-normal/arm64/MyScriptInteractiveInk-Runtime.SwiftFileList

WriteAuxiliaryFile /Users/andrewallen/Library/Developer/Xcode/DerivedData/Trivial-glmldcsxtxmqdqdrpsfrewoyidwc/Build/Intermediates.noindex/Pods.build/Debug-iphonesimulator/MyScriptInteractiveInk-Runtime.build/Objects-normal/arm64/e6072d4f65d7061329687fe24e3d63a7-common-args.resp (in target 'MyScriptInteractiveInk-Runtime' from project 'Pods')
    cd /Users/andrewallen/Desktop/swift_projects/Trivial/Pods
    write-file /Users/andrewallen/Library/Developer/Xcode/DerivedData/Trivial-glmldcsxtxmqdqdrpsfrewoyidwc/Build/Intermediates.noindex/Pods.build/Debug-iphonesimulator/MyScriptInteractiveInk-Runtime.build/Objects-normal/arm64/e6072d4f65d7061329687fe24e3d63a7-common-args.resp
-target arm64-apple-ios13.0-simulator '-std=gnu11' -fobjc-arc -fmodules '-fmodules-cache-path=/Users/andrewallen/Library/Developer/Xcode/DerivedData/ModuleCache.noindex' -fpascal-strings -O0 -fno-common '-DPOD_CONFIGURATION_DEBUG=1' '-DDEBUG=1' '-DCOCOAPODS=1' '-DOBJC_OLD_DISPATCH_PROTOTYPES=0' -isysroot /Applications/Xcode.app/Contents/Developer/Platforms/iPhoneSimulator.platform/Developer/SDKs/iPhoneSimulator26.2.sdk -g '-fobjc-abi-version=2' -fobjc-legacy-dispatch -iquote /Users/andrewallen/Library/Developer/Xcode/DerivedData/Trivial-glmldcsxtxmqdqdrpsfrewoyidwc/Build/Intermediates.noindex/Pods.build/Debug-iphonesimulator/MyScriptInteractiveInk-Runtime.build/MyScriptInteractiveInk-Runtime-generated-files.hmap -I/Users/andrewallen/Library/Developer/Xcode/DerivedData/Trivial-glmldcsxtxmqdqdrpsfrewoyidwc/Build/Intermediates.noindex/Pods.build/Debug-iphonesimulator/MyScriptInteractiveInk-Runtime.build/MyScriptInteractiveInk-Runtime-own-target-headers.hmap -I/Users/andrewallen/Library/Developer/Xcode/DerivedData/Trivial-glmldcsxtxmqdqdrpsfrewoyidwc/Build/Intermediates.noindex/Pods.build/Debug-iphonesimulator/MyScriptInteractiveInk-Runtime.build/MyScriptInteractiveInk-Runtime-all-target-headers.hmap -iquote /Users/andrewallen/Library/Developer/Xcode/DerivedData/Trivial-glmldcsxtxmqdqdrpsfrewoyidwc/Build/Intermediates.noindex/Pods.build/Debug-iphonesimulator/MyScriptInteractiveInk-Runtime.build/MyScriptInteractiveInk-Runtime-project-headers.hmap -I/Users/andrewallen/Library/Developer/Xcode/DerivedData/Trivial-glmldcsxtxmqdqdrpsfrewoyidwc/Build/Products/Debug-iphonesimulator/MyScriptInteractiveInk-Runtime/include -I/Users/andrewallen/Desktop/swift_projects/Trivial/Pods/Headers/Private -I/Users/andrewallen/Desktop/swift_projects/Trivial/Pods/Headers/Private/MyScriptInteractiveInk-Runtime -I/Users/andrewallen/Desktop/swift_projects/Trivial/Pods/Headers/Public -I/Users/andrewallen/Desktop/swift_projects/Trivial/Pods/Headers/Public/MyScriptInteractiveInk-Runtime -I/Users/andrewallen/Library/Developer/Xcode/DerivedData/Trivial-glmldcsxtxmqdqdrpsfrewoyidwc/Build/Products/Debug-iphonesimulator/XCFrameworkIntermediates/MyScriptInteractiveInk-Runtime/Headers -I/Users/andrewallen/Library/Developer/Xcode/DerivedData/Trivial-glmldcsxtxmqdqdrpsfrewoyidwc/Build/Products/Debug-iphonesimulator/XCFrameworkIntermediates/MyScriptInteractiveInk-Runtime/Headers -I/Users/andrewallen/Library/Developer/Xcode/DerivedData/Trivial-glmldcsxtxmqdqdrpsfrewoyidwc/Build/Products/Debug-iphonesimulator/XCFrameworkIntermediates/MyScriptInteractiveInk-Runtime/Headers -I/Users/andrewallen/Library/Developer/Xcode/DerivedData/Trivial-glmldcsxtxmqdqdrpsfrewoyidwc/Build/Products/Debug-iphonesimulator/XCFrameworkIntermediates/MyScriptInteractiveInk-Runtime/Headers -I/Users/andrewallen/Library/Developer/Xcode/DerivedData/Trivial-glmldcsxtxmqdqdrpsfrewoyidwc/Build/Products/Debug-iphonesimulator/XCFrameworkIntermediates/MyScriptInteractiveInk-Runtime/Headers -I/Users/andrewallen/Library/Developer/Xcode/DerivedData/Trivial-glmldcsxtxmqdqdrpsfrewoyidwc/Build/Products/Debug-iphonesimulator/XCFrameworkIntermediates/MyScriptInteractiveInk-Runtime/Headers -I/Users/andrewallen/Library/Developer/Xcode/DerivedData/Trivial-glmldcsxtxmqdqdrpsfrewoyidwc/Build/Products/Debug-iphonesimulator/XCFrameworkIntermediates/MyScriptInteractiveInk-Runtime/Headers -I/Users/andrewallen/Library/Developer/Xcode/DerivedData/Trivial-glmldcsxtxmqdqdrpsfrewoyidwc/Build/Products/Debug-iphonesimulator/XCFrameworkIntermediates/MyScriptInteractiveInk-Runtime/Headers -I/Users/andrewallen/Library/Developer/Xcode/DerivedData/Trivial-glmldcsxtxmqdqdrpsfrewoyidwc/Build/Products/Debug-iphonesimulator/XCFrameworkIntermediates/MyScriptInteractiveInk-Runtime/Headers -I/Users/andrewallen/Library/Developer/Xcode/DerivedData/Trivial-glmldcsxtxmqdqdrpsfrewoyidwc/Build/Products/Debug-iphonesimulator/XCFrameworkIntermediates/MyScriptInteractiveInk-Runtime/Headers -I/Users/andrewallen/Library/Developer/Xcode/DerivedData/Trivial-glmldcsxtxmqdqdrpsfrewoyidwc/Build/Products/Debug-iphonesimulator/XCFrameworkIntermediates/MyScriptInteractiveInk-Runtime/Headers -I/Users/andrewallen/Library/Developer/Xcode/DerivedData/Trivial-glmldcsxtxmqdqdrpsfrewoyidwc/Build/Intermediates.noindex/Pods.build/Debug-iphonesimulator/MyScriptInteractiveInk-Runtime.build/DerivedSources-normal/arm64 -I/Users/andrewallen/Library/Developer/Xcode/DerivedData/Trivial-glmldcsxtxmqdqdrpsfrewoyidwc/Build/Intermediates.noindex/Pods.build/Debug-iphonesimulator/MyScriptInteractiveInk-Runtime.build/DerivedSources/arm64 -I/Users/andrewallen/Library/Developer/Xcode/DerivedData/Trivial-glmldcsxtxmqdqdrpsfrewoyidwc/Build/Intermediates.noindex/Pods.build/Debug-iphonesimulator/MyScriptInteractiveInk-Runtime.build/DerivedSources -F/Users/andrewallen/Library/Developer/Xcode/DerivedData/Trivial-glmldcsxtxmqdqdrpsfrewoyidwc/Build/Products/Debug-iphonesimulator/MyScriptInteractiveInk-Runtime -F/Users/andrewallen/Desktop/swift_projects/Trivial/Pods/MyScriptInteractiveInk-Runtime

WriteAuxiliaryFile /Users/andrewallen/Library/Developer/Xcode/DerivedData/Trivial-glmldcsxtxmqdqdrpsfrewoyidwc/Build/Intermediates.noindex/Pods.build/Debug-iphonesimulator/MyScriptInteractiveInk-Runtime.build/Objects-normal/arm64/MyScriptInteractiveInk-Runtime.SwiftConstValuesFileList (in target 'MyScriptInteractiveInk-Runtime' from project 'Pods')
    cd /Users/andrewallen/Desktop/swift_projects/Trivial/Pods
    write-file /Users/andrewallen/Library/Developer/Xcode/DerivedData/Trivial-glmldcsxtxmqdqdrpsfrewoyidwc/Build/Intermediates.noindex/Pods.build/Debug-iphonesimulator/MyScriptInteractiveInk-Runtime.build/Objects-normal/arm64/MyScriptInteractiveInk-Runtime.SwiftConstValuesFileList

WriteAuxiliaryFile /Users/andrewallen/Library/Developer/Xcode/DerivedData/Trivial-glmldcsxtxmqdqdrpsfrewoyidwc/Build/Intermediates.noindex/Pods.build/Debug-iphonesimulator/MyScriptInteractiveInk-Runtime.build/Objects-normal/arm64/MyScriptInteractiveInk-Runtime.LinkFileList (in target 'MyScriptInteractiveInk-Runtime' from project 'Pods')
    cd /Users/andrewallen/Desktop/swift_projects/Trivial/Pods
    write-file /Users/andrewallen/Library/Developer/Xcode/DerivedData/Trivial-glmldcsxtxmqdqdrpsfrewoyidwc/Build/Intermediates.noindex/Pods.build/Debug-iphonesimulator/MyScriptInteractiveInk-Runtime.build/Objects-normal/arm64/MyScriptInteractiveInk-Runtime.LinkFileList

WriteAuxiliaryFile /Users/andrewallen/Library/Developer/Xcode/DerivedData/Trivial-glmldcsxtxmqdqdrpsfrewoyidwc/Build/Intermediates.noindex/Pods.build/Debug-iphonesimulator/MyScriptInteractiveInk-Runtime.build/Objects-normal/arm64/MyScriptInteractiveInk-Runtime-OutputFileMap.json (in target 'MyScriptInteractiveInk-Runtime' from project 'Pods')
    cd /Users/andrewallen/Desktop/swift_projects/Trivial/Pods
    write-file /Users/andrewallen/Library/Developer/Xcode/DerivedData/Trivial-glmldcsxtxmqdqdrpsfrewoyidwc/Build/Intermediates.noindex/Pods.build/Debug-iphonesimulator/MyScriptInteractiveInk-Runtime.build/Objects-normal/arm64/MyScriptInteractiveInk-Runtime-OutputFileMap.json

WriteAuxiliaryFile /Users/andrewallen/Library/Developer/Xcode/DerivedData/Trivial-glmldcsxtxmqdqdrpsfrewoyidwc/Build/Intermediates.noindex/Pods.build/Debug-iphonesimulator/MyScriptInteractiveInk-Runtime.build/MyScriptInteractiveInk-Runtime.hmap (in target 'MyScriptInteractiveInk-Runtime' from project 'Pods')
    cd /Users/andrewallen/Desktop/swift_projects/Trivial/Pods
    write-file /Users/andrewallen/Library/Developer/Xcode/DerivedData/Trivial-glmldcsxtxmqdqdrpsfrewoyidwc/Build/Intermediates.noindex/Pods.build/Debug-iphonesimulator/MyScriptInteractiveInk-Runtime.build/MyScriptInteractiveInk-Runtime.hmap

WriteAuxiliaryFile /Users/andrewallen/Library/Developer/Xcode/DerivedData/Trivial-glmldcsxtxmqdqdrpsfrewoyidwc/Build/Intermediates.noindex/Pods.build/Debug-iphonesimulator/MyScriptInteractiveInk-Runtime.build/MyScriptInteractiveInk-Runtime.DependencyStaticMetadataFileList (in target 'MyScriptInteractiveInk-Runtime' from project 'Pods')
    cd /Users/andrewallen/Desktop/swift_projects/Trivial/Pods
    write-file /Users/andrewallen/Library/Developer/Xcode/DerivedData/Trivial-glmldcsxtxmqdqdrpsfrewoyidwc/Build/Intermediates.noindex/Pods.build/Debug-iphonesimulator/MyScriptInteractiveInk-Runtime.build/MyScriptInteractiveInk-Runtime.DependencyStaticMetadataFileList

WriteAuxiliaryFile /Users/andrewallen/Library/Developer/Xcode/DerivedData/Trivial-glmldcsxtxmqdqdrpsfrewoyidwc/Build/Intermediates.noindex/Pods.build/Debug-iphonesimulator/MyScriptInteractiveInk-Runtime.build/MyScriptInteractiveInk-Runtime.DependencyMetadataFileList (in target 'MyScriptInteractiveInk-Runtime' from project 'Pods')
    cd /Users/andrewallen/Desktop/swift_projects/Trivial/Pods
    write-file /Users/andrewallen/Library/Developer/Xcode/DerivedData/Trivial-glmldcsxtxmqdqdrpsfrewoyidwc/Build/Intermediates.noindex/Pods.build/Debug-iphonesimulator/MyScriptInteractiveInk-Runtime.build/MyScriptInteractiveInk-Runtime.DependencyMetadataFileList

WriteAuxiliaryFile /Users/andrewallen/Library/Developer/Xcode/DerivedData/Trivial-glmldcsxtxmqdqdrpsfrewoyidwc/Build/Intermediates.noindex/Pods.build/Debug-iphonesimulator/MyScriptInteractiveInk-Runtime.build/MyScriptInteractiveInk-Runtime-project-headers.hmap (in target 'MyScriptInteractiveInk-Runtime' from project 'Pods')
    cd /Users/andrewallen/Desktop/swift_projects/Trivial/Pods
    write-file /Users/andrewallen/Library/Developer/Xcode/DerivedData/Trivial-glmldcsxtxmqdqdrpsfrewoyidwc/Build/Intermediates.noindex/Pods.build/Debug-iphonesimulator/MyScriptInteractiveInk-Runtime.build/MyScriptInteractiveInk-Runtime-project-headers.hmap

WriteAuxiliaryFile /Users/andrewallen/Library/Developer/Xcode/DerivedData/Trivial-glmldcsxtxmqdqdrpsfrewoyidwc/Build/Intermediates.noindex/Pods.build/Debug-iphonesimulator/MyScriptInteractiveInk-Runtime.build/MyScriptInteractiveInk-Runtime-own-target-headers.hmap (in target 'MyScriptInteractiveInk-Runtime' from project 'Pods')
    cd /Users/andrewallen/Desktop/swift_projects/Trivial/Pods
    write-file /Users/andrewallen/Library/Developer/Xcode/DerivedData/Trivial-glmldcsxtxmqdqdrpsfrewoyidwc/Build/Intermediates.noindex/Pods.build/Debug-iphonesimulator/MyScriptInteractiveInk-Runtime.build/MyScriptInteractiveInk-Runtime-own-target-headers.hmap

WriteAuxiliaryFile /Users/andrewallen/Library/Developer/Xcode/DerivedData/Trivial-glmldcsxtxmqdqdrpsfrewoyidwc/Build/Intermediates.noindex/Pods.build/Debug-iphonesimulator/MyScriptInteractiveInk-Runtime.build/MyScriptInteractiveInk-Runtime-generated-files.hmap (in target 'MyScriptInteractiveInk-Runtime' from project 'Pods')
    cd /Users/andrewallen/Desktop/swift_projects/Trivial/Pods
    write-file /Users/andrewallen/Library/Developer/Xcode/DerivedData/Trivial-glmldcsxtxmqdqdrpsfrewoyidwc/Build/Intermediates.noindex/Pods.build/Debug-iphonesimulator/MyScriptInteractiveInk-Runtime.build/MyScriptInteractiveInk-Runtime-generated-files.hmap

WriteAuxiliaryFile /Users/andrewallen/Library/Developer/Xcode/DerivedData/Trivial-glmldcsxtxmqdqdrpsfrewoyidwc/Build/Intermediates.noindex/Pods.build/Debug-iphonesimulator/MyScriptInteractiveInk-Runtime.build/MyScriptInteractiveInk-Runtime-all-target-headers.hmap (in target 'MyScriptInteractiveInk-Runtime' from project 'Pods')
    cd /Users/andrewallen/Desktop/swift_projects/Trivial/Pods
    write-file /Users/andrewallen/Library/Developer/Xcode/DerivedData/Trivial-glmldcsxtxmqdqdrpsfrewoyidwc/Build/Intermediates.noindex/Pods.build/Debug-iphonesimulator/MyScriptInteractiveInk-Runtime.build/MyScriptInteractiveInk-Runtime-all-target-headers.hmap

WriteAuxiliaryFile /Users/andrewallen/Library/Developer/Xcode/DerivedData/Trivial-glmldcsxtxmqdqdrpsfrewoyidwc/Build/Intermediates.noindex/Pods.build/Debug-iphonesimulator/MyScriptInteractiveInk-Runtime.build/MyScriptInteractiveInk-Runtime-all-non-framework-target-headers.hmap (in target 'MyScriptInteractiveInk-Runtime' from project 'Pods')
    cd /Users/andrewallen/Desktop/swift_projects/Trivial/Pods
    write-file /Users/andrewallen/Library/Developer/Xcode/DerivedData/Trivial-glmldcsxtxmqdqdrpsfrewoyidwc/Build/Intermediates.noindex/Pods.build/Debug-iphonesimulator/MyScriptInteractiveInk-Runtime.build/MyScriptInteractiveInk-Runtime-all-non-framework-target-headers.hmap

WriteAuxiliaryFile /Users/andrewallen/Library/Developer/Xcode/DerivedData/Trivial-glmldcsxtxmqdqdrpsfrewoyidwc/Build/Intermediates.noindex/Pods.build/Debug-iphonesimulator/MyScriptInteractiveInk-Runtime.build/InputFileList-39CDEF633587C8ABCC20EB5BD6520245-MyScriptInteractiveInk-Runtime-xcframeworks-input-files-8f852a41a9df7be6a4f68341dee18313-resolved.xcfilelist (in target 'MyScriptInteractiveInk-Runtime' from project 'Pods')
    cd /Users/andrewallen/Desktop/swift_projects/Trivial/Pods
    write-file /Users/andrewallen/Library/Developer/Xcode/DerivedData/Trivial-glmldcsxtxmqdqdrpsfrewoyidwc/Build/Intermediates.noindex/Pods.build/Debug-iphonesimulator/MyScriptInteractiveInk-Runtime.build/InputFileList-39CDEF633587C8ABCC20EB5BD6520245-MyScriptInteractiveInk-Runtime-xcframeworks-input-files-8f852a41a9df7be6a4f68341dee18313-resolved.xcfilelist

PhaseScriptExecution [CP]\ Copy\ XCFrameworks /Users/andrewallen/Library/Developer/Xcode/DerivedData/Trivial-glmldcsxtxmqdqdrpsfrewoyidwc/Build/Intermediates.noindex/Pods.build/Debug-iphonesimulator/MyScriptInteractiveInk-Runtime.build/Script-39CDEF633587C8ABCC20EB5BD6520245.sh (in target 'MyScriptInteractiveInk-Runtime' from project 'Pods')
    cd /Users/andrewallen/Desktop/swift_projects/Trivial/Pods
    /bin/sh -c /Users/andrewallen/Library/Developer/Xcode/DerivedData/Trivial-glmldcsxtxmqdqdrpsfrewoyidwc/Build/Intermediates.noindex/Pods.build/Debug-iphonesimulator/MyScriptInteractiveInk-Runtime.build/Script-39CDEF633587C8ABCC20EB5BD6520245.sh
Selected xcframework slice ios-arm64_x86_64-simulator
rsync --delete -av --filter P .*.?????? --links --filter "- CVS/" --filter "- .svn/" --filter "- .git/" --filter "- .hg/" "/Users/andrewallen/Desktop/swift_projects/Trivial/Pods/MyScriptInteractiveInk-Runtime/libMyScript2D.xcframework/ios-arm64_x86_64-simulator/*" "/Users/andrewallen/Library/Developer/Xcode/DerivedData/Trivial-glmldcsxtxmqdqdrpsfrewoyidwc/Build/Products/Debug-iphonesimulator/XCFrameworkIntermediates/MyScriptInteractiveInk-Runtime"
Transfer starting: 1 files
libMyScript2D.a

sent 1230038 bytes  received 42 bytes  135173626 bytes/sec
total size is 1229688  speedup is 1.00
Copied /Users/andrewallen/Desktop/swift_projects/Trivial/Pods/MyScriptInteractiveInk-Runtime/libMyScript2D.xcframework/ios-arm64_x86_64-simulator to /Users/andrewallen/Library/Developer/Xcode/DerivedData/Trivial-glmldcsxtxmqdqdrpsfrewoyidwc/Build/Products/Debug-iphonesimulator/XCFrameworkIntermediates/MyScriptInteractiveInk-Runtime
Selected xcframework slice ios-arm64_x86_64-simulator
rsync --delete -av --filter P .*.?????? --links --filter "- CVS/" --filter "- .svn/" --filter "- .git/" --filter "- .hg/" "/Users/andrewallen/Desktop/swift_projects/Trivial/Pods/MyScriptInteractiveInk-Runtime/libMyScriptAnalyzer.xcframework/ios-arm64_x86_64-simulator/*" "/Users/andrewallen/Library/Developer/Xcode/DerivedData/Trivial-glmldcsxtxmqdqdrpsfrewoyidwc/Build/Products/Debug-iphonesimulator/XCFrameworkIntermediates/MyScriptInteractiveInk-Runtime"
Transfer starting: 1 files
libMyScriptAnalyzer.a

sent 1706520 bytes  received 42 bytes  168966534 bytes/sec
total size is 1706104  speedup is 1.00
Copied /Users/andrewallen/Desktop/swift_projects/Trivial/Pods/MyScriptInteractiveInk-Runtime/libMyScriptAnalyzer.xcframework/ios-arm64_x86_64-simulator to /Users/andrewallen/Library/Developer/Xcode/DerivedData/Trivial-glmldcsxtxmqdqdrpsfrewoyidwc/Build/Products/Debug-iphonesimulator/XCFrameworkIntermediates/MyScriptInteractiveInk-Runtime
Selected xcframework slice ios-arm64_x86_64-simulator
rsync --delete -av --filter P .*.?????? --links --filter "- CVS/" --filter "- .svn/" --filter "- .git/" --filter "- .hg/" "/Users/andrewallen/Desktop/swift_projects/Trivial/Pods/MyScriptInteractiveInk-Runtime/libMyScriptDocument.xcframework/ios-arm64_x86_64-simulator/*" "/Users/andrewallen/Library/Developer/Xcode/DerivedData/Trivial-glmldcsxtxmqdqdrpsfrewoyidwc/Build/Products/Debug-iphonesimulator/XCFrameworkIntermediates/MyScriptInteractiveInk-Runtime"
Transfer starting: 1 files
libMyScriptDocument.a

sent 6817088 bytes  received 42 bytes  219200321 bytes/sec
total size is 6816048  speedup is 1.00
Copied /Users/andrewallen/Desktop/swift_projects/Trivial/Pods/MyScriptInteractiveInk-Runtime/libMyScriptDocument.xcframework/ios-arm64_x86_64-simulator to /Users/andrewallen/Library/Developer/Xcode/DerivedData/Trivial-glmldcsxtxmqdqdrpsfrewoyidwc/Build/Products/Debug-iphonesimulator/XCFrameworkIntermediates/MyScriptInteractiveInk-Runtime
Selected xcframework slice ios-arm64_x86_64-simulator
rsync --delete -av --filter P .*.?????? --links --filter "- CVS/" --filter "- .svn/" --filter "- .git/" --filter "- .hg/" "/Users/andrewallen/Desktop/swift_projects/Trivial/Pods/MyScriptInteractiveInk-Runtime/libMyScriptGesture.xcframework/ios-arm64_x86_64-simulator/*" "/Users/andrewallen/Library/Developer/Xcode/DerivedData/Trivial-glmldcsxtxmqdqdrpsfrewoyidwc/Build/Products/Debug-iphonesimulator/XCFrameworkIntermediates/MyScriptInteractiveInk-Runtime"
Transfer starting: 1 files
libMyScriptGesture.a

sent 1410875 bytes  received 42 bytes  174187283 bytes/sec
total size is 1410496  speedup is 1.00
Copied /Users/andrewallen/Desktop/swift_projects/Trivial/Pods/MyScriptInteractiveInk-Runtime/libMyScriptGesture.xcframework/ios-arm64_x86_64-simulator to /Users/andrewallen/Library/Developer/Xcode/DerivedData/Trivial-glmldcsxtxmqdqdrpsfrewoyidwc/Build/Products/Debug-iphonesimulator/XCFrameworkIntermediates/MyScriptInteractiveInk-Runtime
Selected xcframework slice ios-arm64_x86_64-simulator
rsync --delete -av --filter P .*.?????? --links --filter "- CVS/" --filter "- .svn/" --filter "- .git/" --filter "- .hg/" "/Users/andrewallen/Desktop/swift_projects/Trivial/Pods/MyScriptInteractiveInk-Runtime/libMyScriptInk.xcframework/ios-arm64_x86_64-simulator/*" "/Users/andrewallen/Library/Developer/Xcode/DerivedData/Trivial-glmldcsxtxmqdqdrpsfrewoyidwc/Build/Products/Debug-iphonesimulator/XCFrameworkIntermediates/MyScriptInteractiveInk-Runtime"
Transfer starting: 1 files
libMyScriptInk.a

sent 2592351 bytes  received 42 bytes  197892595 bytes/sec
total size is 2591832  speedup is 1.00
Copied /Users/andrewallen/Desktop/swift_projects/Trivial/Pods/MyScriptInteractiveInk-Runtime/libMyScriptInk.xcframework/ios-arm64_x86_64-simulator to /Users/andrewallen/Library/Developer/Xcode/DerivedData/Trivial-glmldcsxtxmqdqdrpsfrewoyidwc/Build/Products/Debug-iphonesimulator/XCFrameworkIntermediates/MyScriptInteractiveInk-Runtime
Selected xcframework slice ios-arm64_x86_64-simulator
rsync --delete -av --filter P .*.?????? --links --filter "- CVS/" --filter "- .svn/" --filter "- .git/" --filter "- .hg/" "/Users/andrewallen/Desktop/swift_projects/Trivial/Pods/MyScriptInteractiveInk-Runtime/libMyScriptMath.xcframework/ios-arm64_x86_64-simulator/*" "/Users/andrewallen/Library/Developer/Xcode/DerivedData/Trivial-glmldcsxtxmqdqdrpsfrewoyidwc/Build/Products/Debug-iphonesimulator/XCFrameworkIntermediates/MyScriptInteractiveInk-Runtime"
Transfer starting: 1 files
libMyScriptMath.a

sent 1716188 bytes  received 42 bytes  169923762 bytes/sec
total size is 1715776  speedup is 1.00
Copied /Users/andrewallen/Desktop/swift_projects/Trivial/Pods/MyScriptInteractiveInk-Runtime/libMyScriptMath.xcframework/ios-arm64_x86_64-simulator to /Users/andrewallen/Library/Developer/Xcode/DerivedData/Trivial-glmldcsxtxmqdqdrpsfrewoyidwc/Build/Products/Debug-iphonesimulator/XCFrameworkIntermediates/MyScriptInteractiveInk-Runtime
Selected xcframework slice ios-arm64_x86_64-simulator
rsync --delete -av --filter P .*.?????? --links --filter "- CVS/" --filter "- .svn/" --filter "- .git/" --filter "- .hg/" "/Users/andrewallen/Desktop/swift_projects/Trivial/Pods/MyScriptInteractiveInk-Runtime/libMyScriptMLOrt.xcframework/ios-arm64_x86_64-simulator/*" "/Users/andrewallen/Library/Developer/Xcode/DerivedData/Trivial-glmldcsxtxmqdqdrpsfrewoyidwc/Build/Products/Debug-iphonesimulator/XCFrameworkIntermediates/MyScriptInteractiveInk-Runtime"
Transfer starting: 1 files
libMyScriptMLOrt.a

sent 75093481 bytes  received 42 bytes  206812236 bytes/sec
total size is 75084112  speedup is 1.00
Copied /Users/andrewallen/Desktop/swift_projects/Trivial/Pods/MyScriptInteractiveInk-Runtime/libMyScriptMLOrt.xcframework/ios-arm64_x86_64-simulator to /Users/andrewallen/Library/Developer/Xcode/DerivedData/Trivial-glmldcsxtxmqdqdrpsfrewoyidwc/Build/Products/Debug-iphonesimulator/XCFrameworkIntermediates/MyScriptInteractiveInk-Runtime
Selected xcframework slice ios-arm64_x86_64-simulator
rsync --delete -av --filter P .*.?????? --links --filter "- CVS/" --filter "- .svn/" --filter "- .git/" --filter "- .hg/" "/Users/andrewallen/Desktop/swift_projects/Trivial/Pods/MyScriptInteractiveInk-Runtime/libMyScriptShape.xcframework/ios-arm64_x86_64-simulator/*" "/Users/andrewallen/Library/Developer/Xcode/DerivedData/Trivial-glmldcsxtxmqdqdrpsfrewoyidwc/Build/Products/Debug-iphonesimulator/XCFrameworkIntermediates/MyScriptInteractiveInk-Runtime"
Transfer starting: 1 files
libMyScriptShape.a

sent 1422689 bytes  received 42 bytes  175645802 bytes/sec
total size is 1422312  speedup is 1.00
Copied /Users/andrewallen/Desktop/swift_projects/Trivial/Pods/MyScriptInteractiveInk-Runtime/libMyScriptShape.xcframework/ios-arm64_x86_64-simulator to /Users/andrewallen/Library/Developer/Xcode/DerivedData/Trivial-glmldcsxtxmqdqdrpsfrewoyidwc/Build/Products/Debug-iphonesimulator/XCFrameworkIntermediates/MyScriptInteractiveInk-Runtime
Selected xcframework slice ios-arm64_x86_64-simulator
rsync --delete -av --filter P .*.?????? --links --filter "- CVS/" --filter "- .svn/" --filter "- .git/" --filter "- .hg/" "/Users/andrewallen/Desktop/swift_projects/Trivial/Pods/MyScriptInteractiveInk-Runtime/libMyScriptText.xcframework/ios-arm64_x86_64-simulator/*" "/Users/andrewallen/Library/Developer/Xcode/DerivedData/Trivial-glmldcsxtxmqdqdrpsfrewoyidwc/Build/Products/Debug-iphonesimulator/XCFrameworkIntermediates/MyScriptInteractiveInk-Runtime"
Transfer starting: 1 files
libMyScriptText.a

sent 8443856 bytes  received 42 bytes  187226119 bytes/sec
total size is 8442624  speedup is 1.00
Copied /Users/andrewallen/Desktop/swift_projects/Trivial/Pods/MyScriptInteractiveInk-Runtime/libMyScriptText.xcframework/ios-arm64_x86_64-simulator to /Users/andrewallen/Library/Developer/Xcode/DerivedData/Trivial-glmldcsxtxmqdqdrpsfrewoyidwc/Build/Products/Debug-iphonesimulator/XCFrameworkIntermediates/MyScriptInteractiveInk-Runtime
Selected xcframework slice ios-arm64_x86_64-simulator
rsync --delete -av --filter P .*.?????? --links --filter "- CVS/" --filter "- .svn/" --filter "- .git/" --filter "- .hg/" "/Users/andrewallen/Desktop/swift_projects/Trivial/Pods/MyScriptInteractiveInk-Runtime/libMyScriptEngine.xcframework/ios-arm64_x86_64-simulator/*" "/Users/andrewallen/Library/Developer/Xcode/DerivedData/Trivial-glmldcsxtxmqdqdrpsfrewoyidwc/Build/Products/Debug-iphonesimulator/XCFrameworkIntermediates/MyScriptInteractiveInk-Runtime"
Transfer starting: 1 files
libMyScriptEngine.a

sent 5290050 bytes  received 42 bytes  188259501 bytes/sec
total size is 5289200  speedup is 1.00
Copied /Users/andrewallen/Desktop/swift_projects/Trivial/Pods/MyScriptInteractiveInk-Runtime/libMyScriptEngine.xcframework/ios-arm64_x86_64-simulator to /Users/andrewallen/Library/Developer/Xcode/DerivedData/Trivial-glmldcsxtxmqdqdrpsfrewoyidwc/Build/Products/Debug-iphonesimulator/XCFrameworkIntermediates/MyScriptInteractiveInk-Runtime
Selected xcframework slice ios-arm64_x86_64-simulator
rsync --delete -av --filter P .*.?????? --links --filter "- CVS/" --filter "- .svn/" --filter "- .git/" --filter "- .hg/" "/Users/andrewallen/Desktop/swift_projects/Trivial/Pods/MyScriptInteractiveInk-Runtime/libiink.xcframework/ios-arm64_x86_64-simulator/*" "/Users/andrewallen/Library/Developer/Xcode/DerivedData/Trivial-glmldcsxtxmqdqdrpsfrewoyidwc/Build/Products/Debug-iphonesimulator/XCFrameworkIntermediates/MyScriptInteractiveInk-Runtime"
Transfer starting: 1 files
libiink.a

sent 122777932 bytes  received 42 bytes  174128455 bytes/sec
total size is 122762752  speedup is 1.00
Copied /Users/andrewallen/Desktop/swift_projects/Trivial/Pods/MyScriptInteractiveInk-Runtime/libiink.xcframework/ios-arm64_x86_64-simulator to /Users/andrewallen/Library/Developer/Xcode/DerivedData/Trivial-glmldcsxtxmqdqdrpsfrewoyidwc/Build/Products/Debug-iphonesimulator/XCFrameworkIntermediates/MyScriptInteractiveInk-Runtime

SwiftDriver MyScriptInteractiveInk-Runtime normal arm64 com.apple.xcode.tools.swift.compiler (in target 'MyScriptInteractiveInk-Runtime' from project 'Pods')
    cd /Users/andrewallen/Desktop/swift_projects/Trivial/Pods
    builtin-SwiftDriver -- /Applications/Xcode.app/Contents/Developer/Toolchains/XcodeDefault.xctoolchain/usr/bin/swiftc -module-name MyScriptInteractiveInk_Runtime -Onone -enforce-exclusivity\=checked @/Users/andrewallen/Library/Developer/Xcode/DerivedData/Trivial-glmldcsxtxmqdqdrpsfrewoyidwc/Build/Intermediates.noindex/Pods.build/Debug-iphonesimulator/MyScriptInteractiveInk-Runtime.build/Objects-normal/arm64/MyScriptInteractiveInk-Runtime.SwiftFileList -DDEBUG -D COCOAPODS -import-underlying-module -Xcc -fmodule-map-file\=/Users/andrewallen/Desktop/swift_projects/Trivial/Pods/Headers/Public/MyScriptInteractiveInk_Runtime/MyScriptInteractiveInk-Runtime.modulemap -enable-bare-slash-regex -enable-experimental-feature DebugDescriptionMacro -sdk /Applications/Xcode.app/Contents/Developer/Platforms/iPhoneSimulator.platform/Developer/SDKs/iPhoneSimulator26.2.sdk -target arm64-apple-ios13.0-simulator -g -module-cache-path /Users/andrewallen/Library/Developer/Xcode/DerivedData/ModuleCache.noindex -Xfrontend -serialize-debugging-options -enable-testing -index-store-path /Users/andrewallen/Library/Developer/Xcode/DerivedData/Trivial-glmldcsxtxmqdqdrpsfrewoyidwc/Index.noindex/DataStore -Xcc -D_LIBCPP_HARDENING_MODE\=_LIBCPP_HARDENING_MODE_DEBUG -swift-version 5 -I /Users/andrewallen/Library/Developer/Xcode/DerivedData/Trivial-glmldcsxtxmqdqdrpsfrewoyidwc/Build/Products/Debug-iphonesimulator/MyScriptInteractiveInk-Runtime -F /Users/andrewallen/Library/Developer/Xcode/DerivedData/Trivial-glmldcsxtxmqdqdrpsfrewoyidwc/Build/Products/Debug-iphonesimulator/MyScriptInteractiveInk-Runtime -F /Users/andrewallen/Desktop/swift_projects/Trivial/Pods/MyScriptInteractiveInk-Runtime -parse-as-library -c -j8 -enable-batch-mode -incremental -Xcc -ivfsstatcache -Xcc /Users/andrewallen/Library/Developer/Xcode/DerivedData/SDKStatCaches.noindex/iphonesimulator26.2-23C53-7d00a8b37fbd7999ea79df8ebc024bf0.sdkstatcache -output-file-map /Users/andrewallen/Library/Developer/Xcode/DerivedData/Trivial-glmldcsxtxmqdqdrpsfrewoyidwc/Build/Intermediates.noindex/Pods.build/Debug-iphonesimulator/MyScriptInteractiveInk-Runtime.build/Objects-normal/arm64/MyScriptInteractiveInk-Runtime-OutputFileMap.json -use-frontend-parseable-output -save-temps -no-color-diagnostics -explicit-module-build -module-cache-path /Users/andrewallen/Library/Developer/Xcode/DerivedData/Trivial-glmldcsxtxmqdqdrpsfrewoyidwc/Build/Intermediates.noindex/SwiftExplicitPrecompiledModules -clang-scanner-module-cache-path /Users/andrewallen/Library/Developer/Xcode/DerivedData/ModuleCache.noindex -sdk-module-cache-path /Users/andrewallen/Library/Developer/Xcode/DerivedData/ModuleCache.noindex -serialize-diagnostics -emit-dependencies -emit-module -emit-module-path /Users/andrewallen/Library/Developer/Xcode/DerivedData/Trivial-glmldcsxtxmqdqdrpsfrewoyidwc/Build/Intermediates.noindex/Pods.build/Debug-iphonesimulator/MyScriptInteractiveInk-Runtime.build/Objects-normal/arm64/MyScriptInteractiveInk_Runtime.swiftmodule -validate-clang-modules-once -clang-build-session-file /Users/andrewallen/Library/Developer/Xcode/DerivedData/ModuleCache.noindex/Session.modulevalidation -Xcc -I/Users/andrewallen/Library/Developer/Xcode/DerivedData/Trivial-glmldcsxtxmqdqdrpsfrewoyidwc/Build/Intermediates.noindex/Pods.build/Debug-iphonesimulator/MyScriptInteractiveInk-Runtime.build/swift-overrides.hmap -emit-const-values -Xfrontend -const-gather-protocols-file -Xfrontend /Users/andrewallen/Library/Developer/Xcode/DerivedData/Trivial-glmldcsxtxmqdqdrpsfrewoyidwc/Build/Intermediates.noindex/Pods.build/Debug-iphonesimulator/MyScriptInteractiveInk-Runtime.build/Objects-normal/arm64/MyScriptInteractiveInk-Runtime_const_extract_protocols.json -Xcc -iquote -Xcc /Users/andrewallen/Library/Developer/Xcode/DerivedData/Trivial-glmldcsxtxmqdqdrpsfrewoyidwc/Build/Intermediates.noindex/Pods.build/Debug-iphonesimulator/MyScriptInteractiveInk-Runtime.build/MyScriptInteractiveInk-Runtime-generated-files.hmap -Xcc -I/Users/andrewallen/Library/Developer/Xcode/DerivedData/Trivial-glmldcsxtxmqdqdrpsfrewoyidwc/Build/Intermediates.noindex/Pods.build/Debug-iphonesimulator/MyScriptInteractiveInk-Runtime.build/MyScriptInteractiveInk-Runtime-own-target-headers.hmap -Xcc -I/Users/andrewallen/Library/Developer/Xcode/DerivedData/Trivial-glmldcsxtxmqdqdrpsfrewoyidwc/Build/Intermediates.noindex/Pods.build/Debug-iphonesimulator/MyScriptInteractiveInk-Runtime.build/MyScriptInteractiveInk-Runtime-all-target-headers.hmap -Xcc -iquote -Xcc /Users/andrewallen/Library/Developer/Xcode/DerivedData/Trivial-glmldcsxtxmqdqdrpsfrewoyidwc/Build/Intermediates.noindex/Pods.build/Debug-iphonesimulator/MyScriptInteractiveInk-Runtime.build/MyScriptInteractiveInk-Runtime-project-headers.hmap -Xcc -I/Users/andrewallen/Library/Developer/Xcode/DerivedData/Trivial-glmldcsxtxmqdqdrpsfrewoyidwc/Build/Products/Debug-iphonesimulator/MyScriptInteractiveInk-Runtime/include -Xcc -I/Users/andrewallen/Desktop/swift_projects/Trivial/Pods/Headers/Private -Xcc -I/Users/andrewallen/Desktop/swift_projects/Trivial/Pods/Headers/Private/MyScriptInteractiveInk-Runtime -Xcc -I/Users/andrewallen/Desktop/swift_projects/Trivial/Pods/Headers/Public -Xcc -I/Users/andrewallen/Desktop/swift_projects/Trivial/Pods/Headers/Public/MyScriptInteractiveInk-Runtime -Xcc -I/Users/andrewallen/Library/Developer/Xcode/DerivedData/Trivial-glmldcsxtxmqdqdrpsfrewoyidwc/Build/Products/Debug-iphonesimulator/XCFrameworkIntermediates/MyScriptInteractiveInk-Runtime/Headers -Xcc -I/Users/andrewallen/Library/Developer/Xcode/DerivedData/Trivial-glmldcsxtxmqdqdrpsfrewoyidwc/Build/Products/Debug-iphonesimulator/XCFrameworkIntermediates/MyScriptInteractiveInk-Runtime/Headers -Xcc -I/Users/andrewallen/Library/Developer/Xcode/DerivedData/Trivial-glmldcsxtxmqdqdrpsfrewoyidwc/Build/Products/Debug-iphonesimulator/XCFrameworkIntermediates/MyScriptInteractiveInk-Runtime/Headers -Xcc -I/Users/andrewallen/Library/Developer/Xcode/DerivedData/Trivial-glmldcsxtxmqdqdrpsfrewoyidwc/Build/Products/Debug-iphonesimulator/XCFrameworkIntermediates/MyScriptInteractiveInk-Runtime/Headers -Xcc -I/Users/andrewallen/Library/Developer/Xcode/DerivedData/Trivial-glmldcsxtxmqdqdrpsfrewoyidwc/Build/Products/Debug-iphonesimulator/XCFrameworkIntermediates/MyScriptInteractiveInk-Runtime/Headers -Xcc -I/Users/andrewallen/Library/Developer/Xcode/DerivedData/Trivial-glmldcsxtxmqdqdrpsfrewoyidwc/Build/Products/Debug-iphonesimulator/XCFrameworkIntermediates/MyScriptInteractiveInk-Runtime/Headers -Xcc -I/Users/andrewallen/Library/Developer/Xcode/DerivedData/Trivial-glmldcsxtxmqdqdrpsfrewoyidwc/Build/Products/Debug-iphonesimulator/XCFrameworkIntermediates/MyScriptInteractiveInk-Runtime/Headers -Xcc -I/Users/andrewallen/Library/Developer/Xcode/DerivedData/Trivial-glmldcsxtxmqdqdrpsfrewoyidwc/Build/Products/Debug-iphonesimulator/XCFrameworkIntermediates/MyScriptInteractiveInk-Runtime/Headers -Xcc -I/Users/andrewallen/Library/Developer/Xcode/DerivedData/Trivial-glmldcsxtxmqdqdrpsfrewoyidwc/Build/Products/Debug-iphonesimulator/XCFrameworkIntermediates/MyScriptInteractiveInk-Runtime/Headers -Xcc -I/Users/andrewallen/Library/Developer/Xcode/DerivedData/Trivial-glmldcsxtxmqdqdrpsfrewoyidwc/Build/Products/Debug-iphonesimulator/XCFrameworkIntermediates/MyScriptInteractiveInk-Runtime/Headers -Xcc -I/Users/andrewallen/Library/Developer/Xcode/DerivedData/Trivial-glmldcsxtxmqdqdrpsfrewoyidwc/Build/Products/Debug-iphonesimulator/XCFrameworkIntermediates/MyScriptInteractiveInk-Runtime/Headers -Xcc -I/Users/andrewallen/Library/Developer/Xcode/DerivedData/Trivial-glmldcsxtxmqdqdrpsfrewoyidwc/Build/Intermediates.noindex/Pods.build/Debug-iphonesimulator/MyScriptInteractiveInk-Runtime.build/DerivedSources-normal/arm64 -Xcc -I/Users/andrewallen/Library/Developer/Xcode/DerivedData/Trivial-glmldcsxtxmqdqdrpsfrewoyidwc/Build/Intermediates.noindex/Pods.build/Debug-iphonesimulator/MyScriptInteractiveInk-Runtime.build/DerivedSources/arm64 -Xcc -I/Users/andrewallen/Library/Developer/Xcode/DerivedData/Trivial-glmldcsxtxmqdqdrpsfrewoyidwc/Build/Intermediates.noindex/Pods.build/Debug-iphonesimulator/MyScriptInteractiveInk-Runtime.build/DerivedSources -Xcc -DPOD_CONFIGURATION_DEBUG\=1 -Xcc -DDEBUG\=1 -Xcc -DCOCOAPODS\=1 -emit-objc-header -emit-objc-header-path /Users/andrewallen/Library/Developer/Xcode/DerivedData/Trivial-glmldcsxtxmqdqdrpsfrewoyidwc/Build/Intermediates.noindex/Pods.build/Debug-iphonesimulator/MyScriptInteractiveInk-Runtime.build/Objects-normal/arm64/MyScriptInteractiveInk_Runtime-Swift.h -working-directory /Users/andrewallen/Desktop/swift_projects/Trivial/Pods -experimental-emit-module-separately -disable-cmo

SwiftExplicitDependencyGeneratePcm arm64 /Users/andrewallen/Library/Developer/Xcode/DerivedData/Trivial-glmldcsxtxmqdqdrpsfrewoyidwc/Build/Intermediates.noindex/SwiftExplicitPrecompiledModules/MyScriptInteractiveInk_Runtime-CP8T98KRYVHYFXFD3JSTEBPZ1.pcm

SwiftEmitModule normal arm64 Emitting\ module\ for\ MyScriptInteractiveInk_Runtime (in target 'MyScriptInteractiveInk-Runtime' from project 'Pods')

SwiftCompile normal arm64 /Users/andrewallen/Desktop/swift_projects/Trivial/Pods/MyScriptInteractiveInk-Runtime/swift/IINK.swift (in target 'MyScriptInteractiveInk-Runtime' from project 'Pods')
    cd /Users/andrewallen/Desktop/swift_projects/Trivial/Pods
    

SwiftCompile normal arm64 Compiling\ IINK.swift /Users/andrewallen/Desktop/swift_projects/Trivial/Pods/MyScriptInteractiveInk-Runtime/swift/IINK.swift (in target 'MyScriptInteractiveInk-Runtime' from project 'Pods')
SwiftCompile normal arm64 /Users/andrewallen/Desktop/swift_projects/Trivial/Pods/MyScriptInteractiveInk-Runtime/swift/IINK.swift (in target 'MyScriptInteractiveInk-Runtime' from project 'Pods')
    cd /Users/andrewallen/Desktop/swift_projects/Trivial/Pods
    

SwiftDriverJobDiscovery normal arm64 Emitting module for MyScriptInteractiveInk_Runtime (in target 'MyScriptInteractiveInk-Runtime' from project 'Pods')

SwiftDriver\ Compilation\ Requirements MyScriptInteractiveInk-Runtime normal arm64 com.apple.xcode.tools.swift.compiler (in target 'MyScriptInteractiveInk-Runtime' from project 'Pods')
    cd /Users/andrewallen/Desktop/swift_projects/Trivial/Pods
    builtin-Swift-Compilation-Requirements -- /Applications/Xcode.app/Contents/Developer/Toolchains/XcodeDefault.xctoolchain/usr/bin/swiftc -module-name MyScriptInteractiveInk_Runtime -Onone -enforce-exclusivity\=checked @/Users/andrewallen/Library/Developer/Xcode/DerivedData/Trivial-glmldcsxtxmqdqdrpsfrewoyidwc/Build/Intermediates.noindex/Pods.build/Debug-iphonesimulator/MyScriptInteractiveInk-Runtime.build/Objects-normal/arm64/MyScriptInteractiveInk-Runtime.SwiftFileList -DDEBUG -D COCOAPODS -import-underlying-module -Xcc -fmodule-map-file\=/Users/andrewallen/Desktop/swift_projects/Trivial/Pods/Headers/Public/MyScriptInteractiveInk_Runtime/MyScriptInteractiveInk-Runtime.modulemap -enable-bare-slash-regex -enable-experimental-feature DebugDescriptionMacro -sdk /Applications/Xcode.app/Contents/Developer/Platforms/iPhoneSimulator.platform/Developer/SDKs/iPhoneSimulator26.2.sdk -target arm64-apple-ios13.0-simulator -g -module-cache-path /Users/andrewallen/Library/Developer/Xcode/DerivedData/ModuleCache.noindex -Xfrontend -serialize-debugging-options -enable-testing -index-store-path /Users/andrewallen/Library/Developer/Xcode/DerivedData/Trivial-glmldcsxtxmqdqdrpsfrewoyidwc/Index.noindex/DataStore -Xcc -D_LIBCPP_HARDENING_MODE\=_LIBCPP_HARDENING_MODE_DEBUG -swift-version 5 -I /Users/andrewallen/Library/Developer/Xcode/DerivedData/Trivial-glmldcsxtxmqdqdrpsfrewoyidwc/Build/Products/Debug-iphonesimulator/MyScriptInteractiveInk-Runtime -F /Users/andrewallen/Library/Developer/Xcode/DerivedData/Trivial-glmldcsxtxmqdqdrpsfrewoyidwc/Build/Products/Debug-iphonesimulator/MyScriptInteractiveInk-Runtime -F /Users/andrewallen/Desktop/swift_projects/Trivial/Pods/MyScriptInteractiveInk-Runtime -parse-as-library -c -j8 -enable-batch-mode -incremental -Xcc -ivfsstatcache -Xcc /Users/andrewallen/Library/Developer/Xcode/DerivedData/SDKStatCaches.noindex/iphonesimulator26.2-23C53-7d00a8b37fbd7999ea79df8ebc024bf0.sdkstatcache -output-file-map /Users/andrewallen/Library/Developer/Xcode/DerivedData/Trivial-glmldcsxtxmqdqdrpsfrewoyidwc/Build/Intermediates.noindex/Pods.build/Debug-iphonesimulator/MyScriptInteractiveInk-Runtime.build/Objects-normal/arm64/MyScriptInteractiveInk-Runtime-OutputFileMap.json -use-frontend-parseable-output -save-temps -no-color-diagnostics -explicit-module-build -module-cache-path /Users/andrewallen/Library/Developer/Xcode/DerivedData/Trivial-glmldcsxtxmqdqdrpsfrewoyidwc/Build/Intermediates.noindex/SwiftExplicitPrecompiledModules -clang-scanner-module-cache-path /Users/andrewallen/Library/Developer/Xcode/DerivedData/ModuleCache.noindex -sdk-module-cache-path /Users/andrewallen/Library/Developer/Xcode/DerivedData/ModuleCache.noindex -serialize-diagnostics -emit-dependencies -emit-module -emit-module-path /Users/andrewallen/Library/Developer/Xcode/DerivedData/Trivial-glmldcsxtxmqdqdrpsfrewoyidwc/Build/Intermediates.noindex/Pods.build/Debug-iphonesimulator/MyScriptInteractiveInk-Runtime.build/Objects-normal/arm64/MyScriptInteractiveInk_Runtime.swiftmodule -validate-clang-modules-once -clang-build-session-file /Users/andrewallen/Library/Developer/Xcode/DerivedData/ModuleCache.noindex/Session.modulevalidation -Xcc -I/Users/andrewallen/Library/Developer/Xcode/DerivedData/Trivial-glmldcsxtxmqdqdrpsfrewoyidwc/Build/Intermediates.noindex/Pods.build/Debug-iphonesimulator/MyScriptInteractiveInk-Runtime.build/swift-overrides.hmap -emit-const-values -Xfrontend -const-gather-protocols-file -Xfrontend /Users/andrewallen/Library/Developer/Xcode/DerivedData/Trivial-glmldcsxtxmqdqdrpsfrewoyidwc/Build/Intermediates.noindex/Pods.build/Debug-iphonesimulator/MyScriptInteractiveInk-Runtime.build/Objects-normal/arm64/MyScriptInteractiveInk-Runtime_const_extract_protocols.json -Xcc -iquote -Xcc /Users/andrewallen/Library/Developer/Xcode/DerivedData/Trivial-glmldcsxtxmqdqdrpsfrewoyidwc/Build/Intermediates.noindex/Pods.build/Debug-iphonesimulator/MyScriptInteractiveInk-Runtime.build/MyScriptInteractiveInk-Runtime-generated-files.hmap -Xcc -I/Users/andrewallen/Library/Developer/Xcode/DerivedData/Trivial-glmldcsxtxmqdqdrpsfrewoyidwc/Build/Intermediates.noindex/Pods.build/Debug-iphonesimulator/MyScriptInteractiveInk-Runtime.build/MyScriptInteractiveInk-Runtime-own-target-headers.hmap -Xcc -I/Users/andrewallen/Library/Developer/Xcode/DerivedData/Trivial-glmldcsxtxmqdqdrpsfrewoyidwc/Build/Intermediates.noindex/Pods.build/Debug-iphonesimulator/MyScriptInteractiveInk-Runtime.build/MyScriptInteractiveInk-Runtime-all-target-headers.hmap -Xcc -iquote -Xcc /Users/andrewallen/Library/Developer/Xcode/DerivedData/Trivial-glmldcsxtxmqdqdrpsfrewoyidwc/Build/Intermediates.noindex/Pods.build/Debug-iphonesimulator/MyScriptInteractiveInk-Runtime.build/MyScriptInteractiveInk-Runtime-project-headers.hmap -Xcc -I/Users/andrewallen/Library/Developer/Xcode/DerivedData/Trivial-glmldcsxtxmqdqdrpsfrewoyidwc/Build/Products/Debug-iphonesimulator/MyScriptInteractiveInk-Runtime/include -Xcc -I/Users/andrewallen/Desktop/swift_projects/Trivial/Pods/Headers/Private -Xcc -I/Users/andrewallen/Desktop/swift_projects/Trivial/Pods/Headers/Private/MyScriptInteractiveInk-Runtime -Xcc -I/Users/andrewallen/Desktop/swift_projects/Trivial/Pods/Headers/Public -Xcc -I/Users/andrewallen/Desktop/swift_projects/Trivial/Pods/Headers/Public/MyScriptInteractiveInk-Runtime -Xcc -I/Users/andrewallen/Library/Developer/Xcode/DerivedData/Trivial-glmldcsxtxmqdqdrpsfrewoyidwc/Build/Products/Debug-iphonesimulator/XCFrameworkIntermediates/MyScriptInteractiveInk-Runtime/Headers -Xcc -I/Users/andrewallen/Library/Developer/Xcode/DerivedData/Trivial-glmldcsxtxmqdqdrpsfrewoyidwc/Build/Products/Debug-iphonesimulator/XCFrameworkIntermediates/MyScriptInteractiveInk-Runtime/Headers -Xcc -I/Users/andrewallen/Library/Developer/Xcode/DerivedData/Trivial-glmldcsxtxmqdqdrpsfrewoyidwc/Build/Products/Debug-iphonesimulator/XCFrameworkIntermediates/MyScriptInteractiveInk-Runtime/Headers -Xcc -I/Users/andrewallen/Library/Developer/Xcode/DerivedData/Trivial-glmldcsxtxmqdqdrpsfrewoyidwc/Build/Products/Debug-iphonesimulator/XCFrameworkIntermediates/MyScriptInteractiveInk-Runtime/Headers -Xcc -I/Users/andrewallen/Library/Developer/Xcode/DerivedData/Trivial-glmldcsxtxmqdqdrpsfrewoyidwc/Build/Products/Debug-iphonesimulator/XCFrameworkIntermediates/MyScriptInteractiveInk-Runtime/Headers -Xcc -I/Users/andrewallen/Library/Developer/Xcode/DerivedData/Trivial-glmldcsxtxmqdqdrpsfrewoyidwc/Build/Products/Debug-iphonesimulator/XCFrameworkIntermediates/MyScriptInteractiveInk-Runtime/Headers -Xcc -I/Users/andrewallen/Library/Developer/Xcode/DerivedData/Trivial-glmldcsxtxmqdqdrpsfrewoyidwc/Build/Products/Debug-iphonesimulator/XCFrameworkIntermediates/MyScriptInteractiveInk-Runtime/Headers -Xcc -I/Users/andrewallen/Library/Developer/Xcode/DerivedData/Trivial-glmldcsxtxmqdqdrpsfrewoyidwc/Build/Products/Debug-iphonesimulator/XCFrameworkIntermediates/MyScriptInteractiveInk-Runtime/Headers -Xcc -I/Users/andrewallen/Library/Developer/Xcode/DerivedData/Trivial-glmldcsxtxmqdqdrpsfrewoyidwc/Build/Products/Debug-iphonesimulator/XCFrameworkIntermediates/MyScriptInteractiveInk-Runtime/Headers -Xcc -I/Users/andrewallen/Library/Developer/Xcode/DerivedData/Trivial-glmldcsxtxmqdqdrpsfrewoyidwc/Build/Products/Debug-iphonesimulator/XCFrameworkIntermediates/MyScriptInteractiveInk-Runtime/Headers -Xcc -I/Users/andrewallen/Library/Developer/Xcode/DerivedData/Trivial-glmldcsxtxmqdqdrpsfrewoyidwc/Build/Products/Debug-iphonesimulator/XCFrameworkIntermediates/MyScriptInteractiveInk-Runtime/Headers -Xcc -I/Users/andrewallen/Library/Developer/Xcode/DerivedData/Trivial-glmldcsxtxmqdqdrpsfrewoyidwc/Build/Intermediates.noindex/Pods.build/Debug-iphonesimulator/MyScriptInteractiveInk-Runtime.build/DerivedSources-normal/arm64 -Xcc -I/Users/andrewallen/Library/Developer/Xcode/DerivedData/Trivial-glmldcsxtxmqdqdrpsfrewoyidwc/Build/Intermediates.noindex/Pods.build/Debug-iphonesimulator/MyScriptInteractiveInk-Runtime.build/DerivedSources/arm64 -Xcc -I/Users/andrewallen/Library/Developer/Xcode/DerivedData/Trivial-glmldcsxtxmqdqdrpsfrewoyidwc/Build/Intermediates.noindex/Pods.build/Debug-iphonesimulator/MyScriptInteractiveInk-Runtime.build/DerivedSources -Xcc -DPOD_CONFIGURATION_DEBUG\=1 -Xcc -DDEBUG\=1 -Xcc -DCOCOAPODS\=1 -emit-objc-header -emit-objc-header-path /Users/andrewallen/Library/Developer/Xcode/DerivedData/Trivial-glmldcsxtxmqdqdrpsfrewoyidwc/Build/Intermediates.noindex/Pods.build/Debug-iphonesimulator/MyScriptInteractiveInk-Runtime.build/Objects-normal/arm64/MyScriptInteractiveInk_Runtime-Swift.h -working-directory /Users/andrewallen/Desktop/swift_projects/Trivial/Pods -experimental-emit-module-separately -disable-cmo

SwiftMergeGeneratedHeaders /Users/andrewallen/Library/Developer/Xcode/DerivedData/Trivial-glmldcsxtxmqdqdrpsfrewoyidwc/Build/Intermediates.noindex/Pods.build/Debug-iphonesimulator/MyScriptInteractiveInk-Runtime.build/DerivedSources/MyScriptInteractiveInk_Runtime-Swift.h /Users/andrewallen/Library/Developer/Xcode/DerivedData/Trivial-glmldcsxtxmqdqdrpsfrewoyidwc/Build/Intermediates.noindex/Pods.build/Debug-iphonesimulator/MyScriptInteractiveInk-Runtime.build/Objects-normal/arm64/MyScriptInteractiveInk_Runtime-Swift.h (in target 'MyScriptInteractiveInk-Runtime' from project 'Pods')
    cd /Users/andrewallen/Desktop/swift_projects/Trivial/Pods
    builtin-swiftHeaderTool -arch arm64 /Users/andrewallen/Library/Developer/Xcode/DerivedData/Trivial-glmldcsxtxmqdqdrpsfrewoyidwc/Build/Intermediates.noindex/Pods.build/Debug-iphonesimulator/MyScriptInteractiveInk-Runtime.build/Objects-normal/arm64/MyScriptInteractiveInk_Runtime-Swift.h -o /Users/andrewallen/Library/Developer/Xcode/DerivedData/Trivial-glmldcsxtxmqdqdrpsfrewoyidwc/Build/Intermediates.noindex/Pods.build/Debug-iphonesimulator/MyScriptInteractiveInk-Runtime.build/DerivedSources/MyScriptInteractiveInk_Runtime-Swift.h

Copy /Users/andrewallen/Library/Developer/Xcode/DerivedData/Trivial-glmldcsxtxmqdqdrpsfrewoyidwc/Build/Products/Debug-iphonesimulator/MyScriptInteractiveInk-Runtime/MyScriptInteractiveInk_Runtime.swiftmodule/arm64-apple-ios-simulator.swiftdoc /Users/andrewallen/Library/Developer/Xcode/DerivedData/Trivial-glmldcsxtxmqdqdrpsfrewoyidwc/Build/Intermediates.noindex/Pods.build/Debug-iphonesimulator/MyScriptInteractiveInk-Runtime.build/Objects-normal/arm64/MyScriptInteractiveInk_Runtime.swiftdoc (in target 'MyScriptInteractiveInk-Runtime' from project 'Pods')
    cd /Users/andrewallen/Desktop/swift_projects/Trivial/Pods
    builtin-copy -exclude .DS_Store -exclude CVS -exclude .svn -exclude .git -exclude .hg -resolve-src-symlinks -rename /Users/andrewallen/Library/Developer/Xcode/DerivedData/Trivial-glmldcsxtxmqdqdrpsfrewoyidwc/Build/Intermediates.noindex/Pods.build/Debug-iphonesimulator/MyScriptInteractiveInk-Runtime.build/Objects-normal/arm64/MyScriptInteractiveInk_Runtime.swiftdoc /Users/andrewallen/Library/Developer/Xcode/DerivedData/Trivial-glmldcsxtxmqdqdrpsfrewoyidwc/Build/Products/Debug-iphonesimulator/MyScriptInteractiveInk-Runtime/MyScriptInteractiveInk_Runtime.swiftmodule/arm64-apple-ios-simulator.swiftdoc

Copy /Users/andrewallen/Library/Developer/Xcode/DerivedData/Trivial-glmldcsxtxmqdqdrpsfrewoyidwc/Build/Products/Debug-iphonesimulator/MyScriptInteractiveInk-Runtime/MyScriptInteractiveInk_Runtime.swiftmodule/arm64-apple-ios-simulator.abi.json /Users/andrewallen/Library/Developer/Xcode/DerivedData/Trivial-glmldcsxtxmqdqdrpsfrewoyidwc/Build/Intermediates.noindex/Pods.build/Debug-iphonesimulator/MyScriptInteractiveInk-Runtime.build/Objects-normal/arm64/MyScriptInteractiveInk_Runtime.abi.json (in target 'MyScriptInteractiveInk-Runtime' from project 'Pods')
    cd /Users/andrewallen/Desktop/swift_projects/Trivial/Pods
    builtin-copy -exclude .DS_Store -exclude CVS -exclude .svn -exclude .git -exclude .hg -resolve-src-symlinks -rename /Users/andrewallen/Library/Developer/Xcode/DerivedData/Trivial-glmldcsxtxmqdqdrpsfrewoyidwc/Build/Intermediates.noindex/Pods.build/Debug-iphonesimulator/MyScriptInteractiveInk-Runtime.build/Objects-normal/arm64/MyScriptInteractiveInk_Runtime.abi.json /Users/andrewallen/Library/Developer/Xcode/DerivedData/Trivial-glmldcsxtxmqdqdrpsfrewoyidwc/Build/Products/Debug-iphonesimulator/MyScriptInteractiveInk-Runtime/MyScriptInteractiveInk_Runtime.swiftmodule/arm64-apple-ios-simulator.abi.json

Copy /Users/andrewallen/Library/Developer/Xcode/DerivedData/Trivial-glmldcsxtxmqdqdrpsfrewoyidwc/Build/Products/Debug-iphonesimulator/MyScriptInteractiveInk-Runtime/MyScriptInteractiveInk_Runtime.swiftmodule/arm64-apple-ios-simulator.swiftmodule /Users/andrewallen/Library/Developer/Xcode/DerivedData/Trivial-glmldcsxtxmqdqdrpsfrewoyidwc/Build/Intermediates.noindex/Pods.build/Debug-iphonesimulator/MyScriptInteractiveInk-Runtime.build/Objects-normal/arm64/MyScriptInteractiveInk_Runtime.swiftmodule (in target 'MyScriptInteractiveInk-Runtime' from project 'Pods')
    cd /Users/andrewallen/Desktop/swift_projects/Trivial/Pods
    builtin-copy -exclude .DS_Store -exclude CVS -exclude .svn -exclude .git -exclude .hg -resolve-src-symlinks -rename /Users/andrewallen/Library/Developer/Xcode/DerivedData/Trivial-glmldcsxtxmqdqdrpsfrewoyidwc/Build/Intermediates.noindex/Pods.build/Debug-iphonesimulator/MyScriptInteractiveInk-Runtime.build/Objects-normal/arm64/MyScriptInteractiveInk_Runtime.swiftmodule /Users/andrewallen/Library/Developer/Xcode/DerivedData/Trivial-glmldcsxtxmqdqdrpsfrewoyidwc/Build/Products/Debug-iphonesimulator/MyScriptInteractiveInk-Runtime/MyScriptInteractiveInk_Runtime.swiftmodule/arm64-apple-ios-simulator.swiftmodule

Copy /Users/andrewallen/Library/Developer/Xcode/DerivedData/Trivial-glmldcsxtxmqdqdrpsfrewoyidwc/Build/Products/Debug-iphonesimulator/MyScriptInteractiveInk-Runtime/MyScriptInteractiveInk_Runtime.swiftmodule/Project/arm64-apple-ios-simulator.swiftsourceinfo /Users/andrewallen/Library/Developer/Xcode/DerivedData/Trivial-glmldcsxtxmqdqdrpsfrewoyidwc/Build/Intermediates.noindex/Pods.build/Debug-iphonesimulator/MyScriptInteractiveInk-Runtime.build/Objects-normal/arm64/MyScriptInteractiveInk_Runtime.swiftsourceinfo (in target 'MyScriptInteractiveInk-Runtime' from project 'Pods')
    cd /Users/andrewallen/Desktop/swift_projects/Trivial/Pods
    builtin-copy -exclude .DS_Store -exclude CVS -exclude .svn -exclude .git -exclude .hg -resolve-src-symlinks -rename /Users/andrewallen/Library/Developer/Xcode/DerivedData/Trivial-glmldcsxtxmqdqdrpsfrewoyidwc/Build/Intermediates.noindex/Pods.build/Debug-iphonesimulator/MyScriptInteractiveInk-Runtime.build/Objects-normal/arm64/MyScriptInteractiveInk_Runtime.swiftsourceinfo /Users/andrewallen/Library/Developer/Xcode/DerivedData/Trivial-glmldcsxtxmqdqdrpsfrewoyidwc/Build/Products/Debug-iphonesimulator/MyScriptInteractiveInk-Runtime/MyScriptInteractiveInk_Runtime.swiftmodule/Project/arm64-apple-ios-simulator.swiftsourceinfo

ScanDependencies /Users/andrewallen/Library/Developer/Xcode/DerivedData/Trivial-glmldcsxtxmqdqdrpsfrewoyidwc/Build/Intermediates.noindex/Pods.build/Debug-iphonesimulator/MyScriptInteractiveInk-Runtime.build/Objects-normal/arm64/MyScriptInteractiveInk-Runtime-dummy.o /Users/andrewallen/Desktop/swift_projects/Trivial/Pods/Target\ Support\ Files/MyScriptInteractiveInk-Runtime/MyScriptInteractiveInk-Runtime-dummy.m normal arm64 objective-c com.apple.compilers.llvm.clang.1_0.compiler (in target 'MyScriptInteractiveInk-Runtime' from project 'Pods')
    cd /Users/andrewallen/Desktop/swift_projects/Trivial/Pods
    
    Using response file: /Users/andrewallen/Library/Developer/Xcode/DerivedData/Trivial-glmldcsxtxmqdqdrpsfrewoyidwc/Build/Intermediates.noindex/Pods.build/Debug-iphonesimulator/MyScriptInteractiveInk-Runtime.build/Objects-normal/arm64/e6072d4f65d7061329687fe24e3d63a7-common-args.resp
    
    builtin-ScanDependencies -o /Users/andrewallen/Library/Developer/Xcode/DerivedData/Trivial-glmldcsxtxmqdqdrpsfrewoyidwc/Build/Intermediates.noindex/Pods.build/Debug-iphonesimulator/MyScriptInteractiveInk-Runtime.build/Objects-normal/arm64/MyScriptInteractiveInk-Runtime-dummy.o.scan -- /Applications/Xcode.app/Contents/Developer/Toolchains/XcodeDefault.xctoolchain/usr/bin/clang -x objective-c -ivfsstatcache /Users/andrewallen/Library/Developer/Xcode/DerivedData/SDKStatCaches.noindex/iphonesimulator26.2-23C53-7d00a8b37fbd7999ea79df8ebc024bf0.sdkstatcache -fmessage-length\=0 -fdiagnostics-show-note-include-stack -fmacro-backtrace-limit\=0 -fno-color-diagnostics -fmodules-prune-interval\=86400 -fmodules-prune-after\=345600 -fbuild-session-file\=/Users/andrewallen/Library/Developer/Xcode/DerivedData/ModuleCache.noindex/Session.modulevalidation -fmodules-validate-once-per-build-session -Wnon-modular-include-in-framework-module -Werror\=non-modular-include-in-framework-module -Wno-trigraphs -Wno-missing-field-initializers -Wno-missing-prototypes -Werror\=return-type -Wdocumentation -Wunreachable-code -Wno-implicit-atomic-properties -Werror\=deprecated-objc-isa-usage -Wno-objc-interface-ivars -Werror\=objc-root-class -Wno-arc-repeated-use-of-weak -Wimplicit-retain-self -Wduplicate-method-match -Wno-missing-braces -Wparentheses -Wswitch -Wunused-function -Wno-unused-label -Wno-unused-parameter -Wunused-variable -Wunused-value -Wempty-body -Wuninitialized -Wconditional-uninitialized -Wno-unknown-pragmas -Wno-shadow -Wno-four-char-constants -Wno-conversion -Wconstant-conversion -Wint-conversion -Wbool-conversion -Wenum-conversion -Wno-float-conversion -Wnon-literal-null-conversion -Wobjc-literal-conversion -Wshorten-64-to-32 -Wpointer-sign -Wno-newline-eof -Wno-selector -Wno-strict-selector-match -Wundeclared-selector -Wdeprecated-implementations -Wno-implicit-fallthrough -fstrict-aliasing -Wprotocol -Wdeprecated-declarations -Wno-sign-conversion -Winfinite-recursion -Wcomma -Wblock-capture-autoreleasing -Wstrict-prototypes -Wno-semicolon-before-method-body -Wunguarded-availability -index-store-path /Users/andrewallen/Library/Developer/Xcode/DerivedData/Trivial-glmldcsxtxmqdqdrpsfrewoyidwc/Index.noindex/DataStore @/Users/andrewallen/Library/Developer/Xcode/DerivedData/Trivial-glmldcsxtxmqdqdrpsfrewoyidwc/Build/Intermediates.noindex/Pods.build/Debug-iphonesimulator/MyScriptInteractiveInk-Runtime.build/Objects-normal/arm64/e6072d4f65d7061329687fe24e3d63a7-common-args.resp -include /Users/andrewallen/Desktop/swift_projects/Trivial/Pods/Target\ Support\ Files/MyScriptInteractiveInk-Runtime/MyScriptInteractiveInk-Runtime-prefix.pch -MMD -MT dependencies -MF /Users/andrewallen/Library/Developer/Xcode/DerivedData/Trivial-glmldcsxtxmqdqdrpsfrewoyidwc/Build/Intermediates.noindex/Pods.build/Debug-iphonesimulator/MyScriptInteractiveInk-Runtime.build/Objects-normal/arm64/MyScriptInteractiveInk-Runtime-dummy.d --serialize-diagnostics /Users/andrewallen/Library/Developer/Xcode/DerivedData/Trivial-glmldcsxtxmqdqdrpsfrewoyidwc/Build/Intermediates.noindex/Pods.build/Debug-iphonesimulator/MyScriptInteractiveInk-Runtime.build/Objects-normal/arm64/MyScriptInteractiveInk-Runtime-dummy.dia -c /Users/andrewallen/Desktop/swift_projects/Trivial/Pods/Target\ Support\ Files/MyScriptInteractiveInk-Runtime/MyScriptInteractiveInk-Runtime-dummy.m -o /Users/andrewallen/Library/Developer/Xcode/DerivedData/Trivial-glmldcsxtxmqdqdrpsfrewoyidwc/Build/Intermediates.noindex/Pods.build/Debug-iphonesimulator/MyScriptInteractiveInk-Runtime.build/Objects-normal/arm64/MyScriptInteractiveInk-Runtime-dummy.o -index-unit-output-path /Pods.build/Debug-iphonesimulator/MyScriptInteractiveInk-Runtime.build/Objects-normal/arm64/MyScriptInteractiveInk-Runtime-dummy.o

SwiftDriverJobDiscovery normal arm64 Compiling IINK.swift (in target 'MyScriptInteractiveInk-Runtime' from project 'Pods')

SwiftDriver\ Compilation MyScriptInteractiveInk-Runtime normal arm64 com.apple.xcode.tools.swift.compiler (in target 'MyScriptInteractiveInk-Runtime' from project 'Pods')
    cd /Users/andrewallen/Desktop/swift_projects/Trivial/Pods
    builtin-Swift-Compilation -- /Applications/Xcode.app/Contents/Developer/Toolchains/XcodeDefault.xctoolchain/usr/bin/swiftc -module-name MyScriptInteractiveInk_Runtime -Onone -enforce-exclusivity\=checked @/Users/andrewallen/Library/Developer/Xcode/DerivedData/Trivial-glmldcsxtxmqdqdrpsfrewoyidwc/Build/Intermediates.noindex/Pods.build/Debug-iphonesimulator/MyScriptInteractiveInk-Runtime.build/Objects-normal/arm64/MyScriptInteractiveInk-Runtime.SwiftFileList -DDEBUG -D COCOAPODS -import-underlying-module -Xcc -fmodule-map-file\=/Users/andrewallen/Desktop/swift_projects/Trivial/Pods/Headers/Public/MyScriptInteractiveInk_Runtime/MyScriptInteractiveInk-Runtime.modulemap -enable-bare-slash-regex -enable-experimental-feature DebugDescriptionMacro -sdk /Applications/Xcode.app/Contents/Developer/Platforms/iPhoneSimulator.platform/Developer/SDKs/iPhoneSimulator26.2.sdk -target arm64-apple-ios13.0-simulator -g -module-cache-path /Users/andrewallen/Library/Developer/Xcode/DerivedData/ModuleCache.noindex -Xfrontend -serialize-debugging-options -enable-testing -index-store-path /Users/andrewallen/Library/Developer/Xcode/DerivedData/Trivial-glmldcsxtxmqdqdrpsfrewoyidwc/Index.noindex/DataStore -Xcc -D_LIBCPP_HARDENING_MODE\=_LIBCPP_HARDENING_MODE_DEBUG -swift-version 5 -I /Users/andrewallen/Library/Developer/Xcode/DerivedData/Trivial-glmldcsxtxmqdqdrpsfrewoyidwc/Build/Products/Debug-iphonesimulator/MyScriptInteractiveInk-Runtime -F /Users/andrewallen/Library/Developer/Xcode/DerivedData/Trivial-glmldcsxtxmqdqdrpsfrewoyidwc/Build/Products/Debug-iphonesimulator/MyScriptInteractiveInk-Runtime -F /Users/andrewallen/Desktop/swift_projects/Trivial/Pods/MyScriptInteractiveInk-Runtime -parse-as-library -c -j8 -enable-batch-mode -incremental -Xcc -ivfsstatcache -Xcc /Users/andrewallen/Library/Developer/Xcode/DerivedData/SDKStatCaches.noindex/iphonesimulator26.2-23C53-7d00a8b37fbd7999ea79df8ebc024bf0.sdkstatcache -output-file-map /Users/andrewallen/Library/Developer/Xcode/DerivedData/Trivial-glmldcsxtxmqdqdrpsfrewoyidwc/Build/Intermediates.noindex/Pods.build/Debug-iphonesimulator/MyScriptInteractiveInk-Runtime.build/Objects-normal/arm64/MyScriptInteractiveInk-Runtime-OutputFileMap.json -use-frontend-parseable-output -save-temps -no-color-diagnostics -explicit-module-build -module-cache-path /Users/andrewallen/Library/Developer/Xcode/DerivedData/Trivial-glmldcsxtxmqdqdrpsfrewoyidwc/Build/Intermediates.noindex/SwiftExplicitPrecompiledModules -clang-scanner-module-cache-path /Users/andrewallen/Library/Developer/Xcode/DerivedData/ModuleCache.noindex -sdk-module-cache-path /Users/andrewallen/Library/Developer/Xcode/DerivedData/ModuleCache.noindex -serialize-diagnostics -emit-dependencies -emit-module -emit-module-path /Users/andrewallen/Library/Developer/Xcode/DerivedData/Trivial-glmldcsxtxmqdqdrpsfrewoyidwc/Build/Intermediates.noindex/Pods.build/Debug-iphonesimulator/MyScriptInteractiveInk-Runtime.build/Objects-normal/arm64/MyScriptInteractiveInk_Runtime.swiftmodule -validate-clang-modules-once -clang-build-session-file /Users/andrewallen/Library/Developer/Xcode/DerivedData/ModuleCache.noindex/Session.modulevalidation -Xcc -I/Users/andrewallen/Library/Developer/Xcode/DerivedData/Trivial-glmldcsxtxmqdqdrpsfrewoyidwc/Build/Intermediates.noindex/Pods.build/Debug-iphonesimulator/MyScriptInteractiveInk-Runtime.build/swift-overrides.hmap -emit-const-values -Xfrontend -const-gather-protocols-file -Xfrontend /Users/andrewallen/Library/Developer/Xcode/DerivedData/Trivial-glmldcsxtxmqdqdrpsfrewoyidwc/Build/Intermediates.noindex/Pods.build/Debug-iphonesimulator/MyScriptInteractiveInk-Runtime.build/Objects-normal/arm64/MyScriptInteractiveInk-Runtime_const_extract_protocols.json -Xcc -iquote -Xcc /Users/andrewallen/Library/Developer/Xcode/DerivedData/Trivial-glmldcsxtxmqdqdrpsfrewoyidwc/Build/Intermediates.noindex/Pods.build/Debug-iphonesimulator/MyScriptInteractiveInk-Runtime.build/MyScriptInteractiveInk-Runtime-generated-files.hmap -Xcc -I/Users/andrewallen/Library/Developer/Xcode/DerivedData/Trivial-glmldcsxtxmqdqdrpsfrewoyidwc/Build/Intermediates.noindex/Pods.build/Debug-iphonesimulator/MyScriptInteractiveInk-Runtime.build/MyScriptInteractiveInk-Runtime-own-target-headers.hmap -Xcc -I/Users/andrewallen/Library/Developer/Xcode/DerivedData/Trivial-glmldcsxtxmqdqdrpsfrewoyidwc/Build/Intermediates.noindex/Pods.build/Debug-iphonesimulator/MyScriptInteractiveInk-Runtime.build/MyScriptInteractiveInk-Runtime-all-target-headers.hmap -Xcc -iquote -Xcc /Users/andrewallen/Library/Developer/Xcode/DerivedData/Trivial-glmldcsxtxmqdqdrpsfrewoyidwc/Build/Intermediates.noindex/Pods.build/Debug-iphonesimulator/MyScriptInteractiveInk-Runtime.build/MyScriptInteractiveInk-Runtime-project-headers.hmap -Xcc -I/Users/andrewallen/Library/Developer/Xcode/DerivedData/Trivial-glmldcsxtxmqdqdrpsfrewoyidwc/Build/Products/Debug-iphonesimulator/MyScriptInteractiveInk-Runtime/include -Xcc -I/Users/andrewallen/Desktop/swift_projects/Trivial/Pods/Headers/Private -Xcc -I/Users/andrewallen/Desktop/swift_projects/Trivial/Pods/Headers/Private/MyScriptInteractiveInk-Runtime -Xcc -I/Users/andrewallen/Desktop/swift_projects/Trivial/Pods/Headers/Public -Xcc -I/Users/andrewallen/Desktop/swift_projects/Trivial/Pods/Headers/Public/MyScriptInteractiveInk-Runtime -Xcc -I/Users/andrewallen/Library/Developer/Xcode/DerivedData/Trivial-glmldcsxtxmqdqdrpsfrewoyidwc/Build/Products/Debug-iphonesimulator/XCFrameworkIntermediates/MyScriptInteractiveInk-Runtime/Headers -Xcc -I/Users/andrewallen/Library/Developer/Xcode/DerivedData/Trivial-glmldcsxtxmqdqdrpsfrewoyidwc/Build/Products/Debug-iphonesimulator/XCFrameworkIntermediates/MyScriptInteractiveInk-Runtime/Headers -Xcc -I/Users/andrewallen/Library/Developer/Xcode/DerivedData/Trivial-glmldcsxtxmqdqdrpsfrewoyidwc/Build/Products/Debug-iphonesimulator/XCFrameworkIntermediates/MyScriptInteractiveInk-Runtime/Headers -Xcc -I/Users/andrewallen/Library/Developer/Xcode/DerivedData/Trivial-glmldcsxtxmqdqdrpsfrewoyidwc/Build/Products/Debug-iphonesimulator/XCFrameworkIntermediates/MyScriptInteractiveInk-Runtime/Headers -Xcc -I/Users/andrewallen/Library/Developer/Xcode/DerivedData/Trivial-glmldcsxtxmqdqdrpsfrewoyidwc/Build/Products/Debug-iphonesimulator/XCFrameworkIntermediates/MyScriptInteractiveInk-Runtime/Headers -Xcc -I/Users/andrewallen/Library/Developer/Xcode/DerivedData/Trivial-glmldcsxtxmqdqdrpsfrewoyidwc/Build/Products/Debug-iphonesimulator/XCFrameworkIntermediates/MyScriptInteractiveInk-Runtime/Headers -Xcc -I/Users/andrewallen/Library/Developer/Xcode/DerivedData/Trivial-glmldcsxtxmqdqdrpsfrewoyidwc/Build/Products/Debug-iphonesimulator/XCFrameworkIntermediates/MyScriptInteractiveInk-Runtime/Headers -Xcc -I/Users/andrewallen/Library/Developer/Xcode/DerivedData/Trivial-glmldcsxtxmqdqdrpsfrewoyidwc/Build/Products/Debug-iphonesimulator/XCFrameworkIntermediates/MyScriptInteractiveInk-Runtime/Headers -Xcc -I/Users/andrewallen/Library/Developer/Xcode/DerivedData/Trivial-glmldcsxtxmqdqdrpsfrewoyidwc/Build/Products/Debug-iphonesimulator/XCFrameworkIntermediates/MyScriptInteractiveInk-Runtime/Headers -Xcc -I/Users/andrewallen/Library/Developer/Xcode/DerivedData/Trivial-glmldcsxtxmqdqdrpsfrewoyidwc/Build/Products/Debug-iphonesimulator/XCFrameworkIntermediates/MyScriptInteractiveInk-Runtime/Headers -Xcc -I/Users/andrewallen/Library/Developer/Xcode/DerivedData/Trivial-glmldcsxtxmqdqdrpsfrewoyidwc/Build/Products/Debug-iphonesimulator/XCFrameworkIntermediates/MyScriptInteractiveInk-Runtime/Headers -Xcc -I/Users/andrewallen/Library/Developer/Xcode/DerivedData/Trivial-glmldcsxtxmqdqdrpsfrewoyidwc/Build/Intermediates.noindex/Pods.build/Debug-iphonesimulator/MyScriptInteractiveInk-Runtime.build/DerivedSources-normal/arm64 -Xcc -I/Users/andrewallen/Library/Developer/Xcode/DerivedData/Trivial-glmldcsxtxmqdqdrpsfrewoyidwc/Build/Intermediates.noindex/Pods.build/Debug-iphonesimulator/MyScriptInteractiveInk-Runtime.build/DerivedSources/arm64 -Xcc -I/Users/andrewallen/Library/Developer/Xcode/DerivedData/Trivial-glmldcsxtxmqdqdrpsfrewoyidwc/Build/Intermediates.noindex/Pods.build/Debug-iphonesimulator/MyScriptInteractiveInk-Runtime.build/DerivedSources -Xcc -DPOD_CONFIGURATION_DEBUG\=1 -Xcc -DDEBUG\=1 -Xcc -DCOCOAPODS\=1 -emit-objc-header -emit-objc-header-path /Users/andrewallen/Library/Developer/Xcode/DerivedData/Trivial-glmldcsxtxmqdqdrpsfrewoyidwc/Build/Intermediates.noindex/Pods.build/Debug-iphonesimulator/MyScriptInteractiveInk-Runtime.build/Objects-normal/arm64/MyScriptInteractiveInk_Runtime-Swift.h -working-directory /Users/andrewallen/Desktop/swift_projects/Trivial/Pods -experimental-emit-module-separately -disable-cmo

PrecompileModule /Users/andrewallen/Library/Developer/Xcode/DerivedData/Trivial-glmldcsxtxmqdqdrpsfrewoyidwc/Build/Intermediates.noindex/ExplicitPrecompiledModules/ptrauth-AHBQ80Z1U6KNGUAPTEWNWMRSW.scan
    cd /
    builtin-precompileModule /Users/andrewallen/Library/Developer/Xcode/DerivedData/Trivial-glmldcsxtxmqdqdrpsfrewoyidwc/Build/Intermediates.noindex/ExplicitPrecompiledModules/ptrauth-AHBQ80Z1U6KNGUAPTEWNWMRSW.scan

PrecompileModule /Users/andrewallen/Library/Developer/Xcode/DerivedData/Trivial-glmldcsxtxmqdqdrpsfrewoyidwc/Build/Intermediates.noindex/ExplicitPrecompiledModules/_Builtin_stdbool-7QFMMOLB4CLOLSB8VYNAXKKPC.scan
    cd /
    builtin-precompileModule /Users/andrewallen/Library/Developer/Xcode/DerivedData/Trivial-glmldcsxtxmqdqdrpsfrewoyidwc/Build/Intermediates.noindex/ExplicitPrecompiledModules/_Builtin_stdbool-7QFMMOLB4CLOLSB8VYNAXKKPC.scan

PrecompileModule /Users/andrewallen/Library/Developer/Xcode/DerivedData/Trivial-glmldcsxtxmqdqdrpsfrewoyidwc/Build/Intermediates.noindex/ExplicitPrecompiledModules/_Builtin_float-BKTZ0G1KRIQF1NTZQ8IUBQSLG.scan
    cd /
    builtin-precompileModule /Users/andrewallen/Library/Developer/Xcode/DerivedData/Trivial-glmldcsxtxmqdqdrpsfrewoyidwc/Build/Intermediates.noindex/ExplicitPrecompiledModules/_Builtin_float-BKTZ0G1KRIQF1NTZQ8IUBQSLG.scan

PrecompileModule /Users/andrewallen/Library/Developer/Xcode/DerivedData/Trivial-glmldcsxtxmqdqdrpsfrewoyidwc/Build/Intermediates.noindex/ExplicitPrecompiledModules/_Builtin_stddef-D71YWT10M3M2N4QS37T46L8IZ.scan
    cd /
    builtin-precompileModule /Users/andrewallen/Library/Developer/Xcode/DerivedData/Trivial-glmldcsxtxmqdqdrpsfrewoyidwc/Build/Intermediates.noindex/ExplicitPrecompiledModules/_Builtin_stddef-D71YWT10M3M2N4QS37T46L8IZ.scan

PrecompileModule /Users/andrewallen/Library/Developer/Xcode/DerivedData/Trivial-glmldcsxtxmqdqdrpsfrewoyidwc/Build/Intermediates.noindex/ExplicitPrecompiledModules/ptrcheck-AA4Z8F9C95TB49ASGEETD18FL.scan
    cd /
    builtin-precompileModule /Users/andrewallen/Library/Developer/Xcode/DerivedData/Trivial-glmldcsxtxmqdqdrpsfrewoyidwc/Build/Intermediates.noindex/ExplicitPrecompiledModules/ptrcheck-AA4Z8F9C95TB49ASGEETD18FL.scan

PrecompileModule /Users/andrewallen/Library/Developer/Xcode/DerivedData/Trivial-glmldcsxtxmqdqdrpsfrewoyidwc/Build/Intermediates.noindex/ExplicitPrecompiledModules/_AvailabilityInternal-1HG6XA3A77BWMZ3WO8PJZ0R9T.scan
    cd /
    builtin-precompileModule /Users/andrewallen/Library/Developer/Xcode/DerivedData/Trivial-glmldcsxtxmqdqdrpsfrewoyidwc/Build/Intermediates.noindex/ExplicitPrecompiledModules/_AvailabilityInternal-1HG6XA3A77BWMZ3WO8PJZ0R9T.scan

PrecompileModule /Users/andrewallen/Library/Developer/Xcode/DerivedData/Trivial-glmldcsxtxmqdqdrpsfrewoyidwc/Build/Intermediates.noindex/ExplicitPrecompiledModules/_Builtin_stdarg-JDO6SG6KAF224XO9X8R8UFK9.scan
    cd /
    builtin-precompileModule /Users/andrewallen/Library/Developer/Xcode/DerivedData/Trivial-glmldcsxtxmqdqdrpsfrewoyidwc/Build/Intermediates.noindex/ExplicitPrecompiledModules/_Builtin_stdarg-JDO6SG6KAF224XO9X8R8UFK9.scan

PrecompileModule /Users/andrewallen/Library/Developer/Xcode/DerivedData/Trivial-glmldcsxtxmqdqdrpsfrewoyidwc/Build/Intermediates.noindex/ExplicitPrecompiledModules/_DarwinFoundation1-8EAP6NCXMGXUBIPVN06WILZ3Z.scan
    cd /
    builtin-precompileModule /Users/andrewallen/Library/Developer/Xcode/DerivedData/Trivial-glmldcsxtxmqdqdrpsfrewoyidwc/Build/Intermediates.noindex/ExplicitPrecompiledModules/_DarwinFoundation1-8EAP6NCXMGXUBIPVN06WILZ3Z.scan

PrecompileModule /Users/andrewallen/Library/Developer/Xcode/DerivedData/Trivial-glmldcsxtxmqdqdrpsfrewoyidwc/Build/Intermediates.noindex/ExplicitPrecompiledModules/_DarwinFoundation2-2UIBMPQMZT0G5K1K5PYPHTJQK.scan
    cd /
    builtin-precompileModule /Users/andrewallen/Library/Developer/Xcode/DerivedData/Trivial-glmldcsxtxmqdqdrpsfrewoyidwc/Build/Intermediates.noindex/ExplicitPrecompiledModules/_DarwinFoundation2-2UIBMPQMZT0G5K1K5PYPHTJQK.scan

PrecompileModule /Users/andrewallen/Library/Developer/Xcode/DerivedData/Trivial-glmldcsxtxmqdqdrpsfrewoyidwc/Build/Intermediates.noindex/ExplicitPrecompiledModules/_Builtin_limits-B0KNEPQ27E0CAE03UNGL9YP02.scan
    cd /
    builtin-precompileModule /Users/andrewallen/Library/Developer/Xcode/DerivedData/Trivial-glmldcsxtxmqdqdrpsfrewoyidwc/Build/Intermediates.noindex/ExplicitPrecompiledModules/_Builtin_limits-B0KNEPQ27E0CAE03UNGL9YP02.scan

PrecompileModule /Users/andrewallen/Library/Developer/Xcode/DerivedData/Trivial-glmldcsxtxmqdqdrpsfrewoyidwc/Build/Intermediates.noindex/ExplicitPrecompiledModules/_Builtin_stdint-10W4P0G0LMQJHZM7H9KOO0GRT.scan
    cd /
    builtin-precompileModule /Users/andrewallen/Library/Developer/Xcode/DerivedData/Trivial-glmldcsxtxmqdqdrpsfrewoyidwc/Build/Intermediates.noindex/ExplicitPrecompiledModules/_Builtin_stdint-10W4P0G0LMQJHZM7H9KOO0GRT.scan

PrecompileModule /Users/andrewallen/Library/Developer/Xcode/DerivedData/Trivial-glmldcsxtxmqdqdrpsfrewoyidwc/Build/Intermediates.noindex/ExplicitPrecompiledModules/_DarwinFoundation3-2GZVFWKI1CX7NNDT26R53XHPY.scan
    cd /
    builtin-precompileModule /Users/andrewallen/Library/Developer/Xcode/DerivedData/Trivial-glmldcsxtxmqdqdrpsfrewoyidwc/Build/Intermediates.noindex/ExplicitPrecompiledModules/_DarwinFoundation3-2GZVFWKI1CX7NNDT26R53XHPY.scan

PrecompileModule /Users/andrewallen/Library/Developer/Xcode/DerivedData/Trivial-glmldcsxtxmqdqdrpsfrewoyidwc/Build/Intermediates.noindex/ExplicitPrecompiledModules/_Builtin_inttypes-4336JS1NJSPKPP6HZFARRSY83.scan
    cd /
    builtin-precompileModule /Users/andrewallen/Library/Developer/Xcode/DerivedData/Trivial-glmldcsxtxmqdqdrpsfrewoyidwc/Build/Intermediates.noindex/ExplicitPrecompiledModules/_Builtin_inttypes-4336JS1NJSPKPP6HZFARRSY83.scan

PrecompileModule /Users/andrewallen/Library/Developer/Xcode/DerivedData/Trivial-glmldcsxtxmqdqdrpsfrewoyidwc/Build/Intermediates.noindex/ExplicitPrecompiledModules/Darwin-5N0IW6YVYZ6A552P3TSCQE18G.scan
    cd /
    builtin-precompileModule /Users/andrewallen/Library/Developer/Xcode/DerivedData/Trivial-glmldcsxtxmqdqdrpsfrewoyidwc/Build/Intermediates.noindex/ExplicitPrecompiledModules/Darwin-5N0IW6YVYZ6A552P3TSCQE18G.scan

PrecompileModule /Users/andrewallen/Library/Developer/Xcode/DerivedData/Trivial-glmldcsxtxmqdqdrpsfrewoyidwc/Build/Intermediates.noindex/ExplicitPrecompiledModules/ObjectiveC-3R99PW0VXPIPNFQL04OV93IA9.scan
    cd /
    builtin-precompileModule /Users/andrewallen/Library/Developer/Xcode/DerivedData/Trivial-glmldcsxtxmqdqdrpsfrewoyidwc/Build/Intermediates.noindex/ExplicitPrecompiledModules/ObjectiveC-3R99PW0VXPIPNFQL04OV93IA9.scan

PrecompileModule /Users/andrewallen/Library/Developer/Xcode/DerivedData/Trivial-glmldcsxtxmqdqdrpsfrewoyidwc/Build/Intermediates.noindex/ExplicitPrecompiledModules/os_object-C85GEF0DRXQ4IONRVNSHS9JG1.scan
    cd /
    builtin-precompileModule /Users/andrewallen/Library/Developer/Xcode/DerivedData/Trivial-glmldcsxtxmqdqdrpsfrewoyidwc/Build/Intermediates.noindex/ExplicitPrecompiledModules/os_object-C85GEF0DRXQ4IONRVNSHS9JG1.scan

PrecompileModule /Users/andrewallen/Library/Developer/Xcode/DerivedData/Trivial-glmldcsxtxmqdqdrpsfrewoyidwc/Build/Intermediates.noindex/ExplicitPrecompiledModules/os_workgroup-C7SLFM0UVCLANP1V93A4HRYC1.scan
    cd /
    builtin-precompileModule /Users/andrewallen/Library/Developer/Xcode/DerivedData/Trivial-glmldcsxtxmqdqdrpsfrewoyidwc/Build/Intermediates.noindex/ExplicitPrecompiledModules/os_workgroup-C7SLFM0UVCLANP1V93A4HRYC1.scan

PrecompileModule /Users/andrewallen/Library/Developer/Xcode/DerivedData/Trivial-glmldcsxtxmqdqdrpsfrewoyidwc/Build/Intermediates.noindex/ExplicitPrecompiledModules/Dispatch-69XC90D6RENEV1KX8OG2UQT9C.scan
    cd /
    builtin-precompileModule /Users/andrewallen/Library/Developer/Xcode/DerivedData/Trivial-glmldcsxtxmqdqdrpsfrewoyidwc/Build/Intermediates.noindex/ExplicitPrecompiledModules/Dispatch-69XC90D6RENEV1KX8OG2UQT9C.scan

PrecompileModule /Users/andrewallen/Library/Developer/Xcode/DerivedData/Trivial-glmldcsxtxmqdqdrpsfrewoyidwc/Build/Intermediates.noindex/ExplicitPrecompiledModules/CoreFoundation-W2YWDNFTBTDLZ5IUTQNG1PZT.scan
    cd /
    builtin-precompileModule /Users/andrewallen/Library/Developer/Xcode/DerivedData/Trivial-glmldcsxtxmqdqdrpsfrewoyidwc/Build/Intermediates.noindex/ExplicitPrecompiledModules/CoreFoundation-W2YWDNFTBTDLZ5IUTQNG1PZT.scan

PrecompileModule /Users/andrewallen/Library/Developer/Xcode/DerivedData/Trivial-glmldcsxtxmqdqdrpsfrewoyidwc/Build/Intermediates.noindex/ExplicitPrecompiledModules/XPC-E79HLXU8TQL6R85KARQ52VEU4.scan
    cd /
    builtin-precompileModule /Users/andrewallen/Library/Developer/Xcode/DerivedData/Trivial-glmldcsxtxmqdqdrpsfrewoyidwc/Build/Intermediates.noindex/ExplicitPrecompiledModules/XPC-E79HLXU8TQL6R85KARQ52VEU4.scan

PrecompileModule /Users/andrewallen/Library/Developer/Xcode/DerivedData/Trivial-glmldcsxtxmqdqdrpsfrewoyidwc/Build/Intermediates.noindex/ExplicitPrecompiledModules/CFNetwork-C3C820DKL33XB0TH38NQ38FKH.scan
    cd /
    builtin-precompileModule /Users/andrewallen/Library/Developer/Xcode/DerivedData/Trivial-glmldcsxtxmqdqdrpsfrewoyidwc/Build/Intermediates.noindex/ExplicitPrecompiledModules/CFNetwork-C3C820DKL33XB0TH38NQ38FKH.scan

PrecompileModule /Users/andrewallen/Library/Developer/Xcode/DerivedData/Trivial-glmldcsxtxmqdqdrpsfrewoyidwc/Build/Intermediates.noindex/ExplicitPrecompiledModules/CoreGraphics-OFQOMWZD7CKLD7MQDH14QPH0.scan
    cd /
    builtin-precompileModule /Users/andrewallen/Library/Developer/Xcode/DerivedData/Trivial-glmldcsxtxmqdqdrpsfrewoyidwc/Build/Intermediates.noindex/ExplicitPrecompiledModules/CoreGraphics-OFQOMWZD7CKLD7MQDH14QPH0.scan

PrecompileModule /Users/andrewallen/Library/Developer/Xcode/DerivedData/Trivial-glmldcsxtxmqdqdrpsfrewoyidwc/Build/Intermediates.noindex/ExplicitPrecompiledModules/Security-6ZZSD3QEBZZ1MUCF13KXHIB4U.scan
    cd /
    builtin-precompileModule /Users/andrewallen/Library/Developer/Xcode/DerivedData/Trivial-glmldcsxtxmqdqdrpsfrewoyidwc/Build/Intermediates.noindex/ExplicitPrecompiledModules/Security-6ZZSD3QEBZZ1MUCF13KXHIB4U.scan

PrecompileModule /Users/andrewallen/Library/Developer/Xcode/DerivedData/Trivial-glmldcsxtxmqdqdrpsfrewoyidwc/Build/Intermediates.noindex/ExplicitPrecompiledModules/Foundation-2ZP499EGTDDV06F1KWAUGCYM6.scan
    cd /
    builtin-precompileModule /Users/andrewallen/Library/Developer/Xcode/DerivedData/Trivial-glmldcsxtxmqdqdrpsfrewoyidwc/Build/Intermediates.noindex/ExplicitPrecompiledModules/Foundation-2ZP499EGTDDV06F1KWAUGCYM6.scan

PrecompileModule /Users/andrewallen/Library/Developer/Xcode/DerivedData/Trivial-glmldcsxtxmqdqdrpsfrewoyidwc/Build/Intermediates.noindex/ExplicitPrecompiledModules/ImageIO-CZGXD0PI1DOIFIBQCF39KO8E4.scan
    cd /
    builtin-precompileModule /Users/andrewallen/Library/Developer/Xcode/DerivedData/Trivial-glmldcsxtxmqdqdrpsfrewoyidwc/Build/Intermediates.noindex/ExplicitPrecompiledModules/ImageIO-CZGXD0PI1DOIFIBQCF39KO8E4.scan

PrecompileModule /Users/andrewallen/Library/Developer/Xcode/DerivedData/Trivial-glmldcsxtxmqdqdrpsfrewoyidwc/Build/Intermediates.noindex/ExplicitPrecompiledModules/CoreText-18V70JGEI2B9B9MBFL9A88OEN.scan
    cd /
    builtin-precompileModule /Users/andrewallen/Library/Developer/Xcode/DerivedData/Trivial-glmldcsxtxmqdqdrpsfrewoyidwc/Build/Intermediates.noindex/ExplicitPrecompiledModules/CoreText-18V70JGEI2B9B9MBFL9A88OEN.scan

PrecompileModule /Users/andrewallen/Library/Developer/Xcode/DerivedData/Trivial-glmldcsxtxmqdqdrpsfrewoyidwc/Build/Intermediates.noindex/ExplicitPrecompiledModules/UserNotifications-D4T3TIG3H93MNYJZ0LBUTLXC7.scan
    cd /
    builtin-precompileModule /Users/andrewallen/Library/Developer/Xcode/DerivedData/Trivial-glmldcsxtxmqdqdrpsfrewoyidwc/Build/Intermediates.noindex/ExplicitPrecompiledModules/UserNotifications-D4T3TIG3H93MNYJZ0LBUTLXC7.scan

PrecompileModule /Users/andrewallen/Library/Developer/Xcode/DerivedData/Trivial-glmldcsxtxmqdqdrpsfrewoyidwc/Build/Intermediates.noindex/ExplicitPrecompiledModules/FileProvider-F0J0YGQT3YKASHNNPIF403G2H.scan
    cd /
    builtin-precompileModule /Users/andrewallen/Library/Developer/Xcode/DerivedData/Trivial-glmldcsxtxmqdqdrpsfrewoyidwc/Build/Intermediates.noindex/ExplicitPrecompiledModules/FileProvider-F0J0YGQT3YKASHNNPIF403G2H.scan

PrecompileModule /Users/andrewallen/Library/Developer/Xcode/DerivedData/Trivial-glmldcsxtxmqdqdrpsfrewoyidwc/Build/Intermediates.noindex/ExplicitPrecompiledModules/UIUtilities-C54JDNFUGFS7AJBWZL12VRILK.scan
    cd /
    builtin-precompileModule /Users/andrewallen/Library/Developer/Xcode/DerivedData/Trivial-glmldcsxtxmqdqdrpsfrewoyidwc/Build/Intermediates.noindex/ExplicitPrecompiledModules/UIUtilities-C54JDNFUGFS7AJBWZL12VRILK.scan

PrecompileModule /Users/andrewallen/Library/Developer/Xcode/DerivedData/Trivial-glmldcsxtxmqdqdrpsfrewoyidwc/Build/Intermediates.noindex/ExplicitPrecompiledModules/Symbols-AAXEBVU1XBWKZPYOPZX2TVFTX.scan
    cd /
    builtin-precompileModule /Users/andrewallen/Library/Developer/Xcode/DerivedData/Trivial-glmldcsxtxmqdqdrpsfrewoyidwc/Build/Intermediates.noindex/ExplicitPrecompiledModules/Symbols-AAXEBVU1XBWKZPYOPZX2TVFTX.scan

PrecompileModule /Users/andrewallen/Library/Developer/Xcode/DerivedData/Trivial-glmldcsxtxmqdqdrpsfrewoyidwc/Build/Intermediates.noindex/ExplicitPrecompiledModules/IOSurface-A68C68B5I6I4HZG1VTIL08VEX.scan
    cd /
    builtin-precompileModule /Users/andrewallen/Library/Developer/Xcode/DerivedData/Trivial-glmldcsxtxmqdqdrpsfrewoyidwc/Build/Intermediates.noindex/ExplicitPrecompiledModules/IOSurface-A68C68B5I6I4HZG1VTIL08VEX.scan

PrecompileModule /Users/andrewallen/Library/Developer/Xcode/DerivedData/Trivial-glmldcsxtxmqdqdrpsfrewoyidwc/Build/Intermediates.noindex/ExplicitPrecompiledModules/OpenGLES-DR0WQSV7DLUUH0NUEE3VMTN78.scan
    cd /
    builtin-precompileModule /Users/andrewallen/Library/Developer/Xcode/DerivedData/Trivial-glmldcsxtxmqdqdrpsfrewoyidwc/Build/Intermediates.noindex/ExplicitPrecompiledModules/OpenGLES-DR0WQSV7DLUUH0NUEE3VMTN78.scan

PrecompileModule /Users/andrewallen/Library/Developer/Xcode/DerivedData/Trivial-glmldcsxtxmqdqdrpsfrewoyidwc/Build/Intermediates.noindex/ExplicitPrecompiledModules/Metal-2RV9S4F0BDPRL6WRW87MA1QBA.scan
    cd /
    builtin-precompileModule /Users/andrewallen/Library/Developer/Xcode/DerivedData/Trivial-glmldcsxtxmqdqdrpsfrewoyidwc/Build/Intermediates.noindex/ExplicitPrecompiledModules/Metal-2RV9S4F0BDPRL6WRW87MA1QBA.scan

PrecompileModule /Users/andrewallen/Library/Developer/Xcode/DerivedData/Trivial-glmldcsxtxmqdqdrpsfrewoyidwc/Build/Intermediates.noindex/ExplicitPrecompiledModules/CoreVideo-ASX7LXVPYJNIW7WXITIPDD0ZV.scan
    cd /
    builtin-precompileModule /Users/andrewallen/Library/Developer/Xcode/DerivedData/Trivial-glmldcsxtxmqdqdrpsfrewoyidwc/Build/Intermediates.noindex/ExplicitPrecompiledModules/CoreVideo-ASX7LXVPYJNIW7WXITIPDD0ZV.scan

PrecompileModule /Users/andrewallen/Library/Developer/Xcode/DerivedData/Trivial-glmldcsxtxmqdqdrpsfrewoyidwc/Build/Intermediates.noindex/ExplicitPrecompiledModules/QuartzCore-AYTR266MMCC9P1KMG3BJZA3JE.scan
    cd /
    builtin-precompileModule /Users/andrewallen/Library/Developer/Xcode/DerivedData/Trivial-glmldcsxtxmqdqdrpsfrewoyidwc/Build/Intermediates.noindex/ExplicitPrecompiledModules/QuartzCore-AYTR266MMCC9P1KMG3BJZA3JE.scan

PrecompileModule /Users/andrewallen/Library/Developer/Xcode/DerivedData/Trivial-glmldcsxtxmqdqdrpsfrewoyidwc/Build/Intermediates.noindex/ExplicitPrecompiledModules/CoreImage-3QL3S2JAPX6JUAWDJKS3YYP83.scan
    cd /
    builtin-precompileModule /Users/andrewallen/Library/Developer/Xcode/DerivedData/Trivial-glmldcsxtxmqdqdrpsfrewoyidwc/Build/Intermediates.noindex/ExplicitPrecompiledModules/CoreImage-3QL3S2JAPX6JUAWDJKS3YYP83.scan

PrecompileModule /Users/andrewallen/Library/Developer/Xcode/DerivedData/Trivial-glmldcsxtxmqdqdrpsfrewoyidwc/Build/Intermediates.noindex/ExplicitPrecompiledModules/UIKit-396PRJ63LM0EQ19K5TR3DIS99.scan
    cd /
    builtin-precompileModule /Users/andrewallen/Library/Developer/Xcode/DerivedData/Trivial-glmldcsxtxmqdqdrpsfrewoyidwc/Build/Intermediates.noindex/ExplicitPrecompiledModules/UIKit-396PRJ63LM0EQ19K5TR3DIS99.scan

CompileC /Users/andrewallen/Library/Developer/Xcode/DerivedData/Trivial-glmldcsxtxmqdqdrpsfrewoyidwc/Build/Intermediates.noindex/Pods.build/Debug-iphonesimulator/MyScriptInteractiveInk-Runtime.build/Objects-normal/arm64/MyScriptInteractiveInk-Runtime-dummy.o /Users/andrewallen/Desktop/swift_projects/Trivial/Pods/Target\ Support\ Files/MyScriptInteractiveInk-Runtime/MyScriptInteractiveInk-Runtime-dummy.m normal arm64 objective-c com.apple.compilers.llvm.clang.1_0.compiler (in target 'MyScriptInteractiveInk-Runtime' from project 'Pods')
    cd /Users/andrewallen/Desktop/swift_projects/Trivial/Pods
    
    Using response file: /Users/andrewallen/Library/Developer/Xcode/DerivedData/Trivial-glmldcsxtxmqdqdrpsfrewoyidwc/Build/Intermediates.noindex/Pods.build/Debug-iphonesimulator/MyScriptInteractiveInk-Runtime.build/Objects-normal/arm64/e6072d4f65d7061329687fe24e3d63a7-common-args.resp
    
    /Applications/Xcode.app/Contents/Developer/Toolchains/XcodeDefault.xctoolchain/usr/bin/clang -x objective-c -ivfsstatcache /Users/andrewallen/Library/Developer/Xcode/DerivedData/SDKStatCaches.noindex/iphonesimulator26.2-23C53-7d00a8b37fbd7999ea79df8ebc024bf0.sdkstatcache -fmessage-length\=0 -fdiagnostics-show-note-include-stack -fmacro-backtrace-limit\=0 -fno-color-diagnostics -fmodules-prune-interval\=86400 -fmodules-prune-after\=345600 -fbuild-session-file\=/Users/andrewallen/Library/Developer/Xcode/DerivedData/ModuleCache.noindex/Session.modulevalidation -fmodules-validate-once-per-build-session -Wnon-modular-include-in-framework-module -Werror\=non-modular-include-in-framework-module -Wno-trigraphs -Wno-missing-field-initializers -Wno-missing-prototypes -Werror\=return-type -Wdocumentation -Wunreachable-code -Wno-implicit-atomic-properties -Werror\=deprecated-objc-isa-usage -Wno-objc-interface-ivars -Werror\=objc-root-class -Wno-arc-repeated-use-of-weak -Wimplicit-retain-self -Wduplicate-method-match -Wno-missing-braces -Wparentheses -Wswitch -Wunused-function -Wno-unused-label -Wno-unused-parameter -Wunused-variable -Wunused-value -Wempty-body -Wuninitialized -Wconditional-uninitialized -Wno-unknown-pragmas -Wno-shadow -Wno-four-char-constants -Wno-conversion -Wconstant-conversion -Wint-conversion -Wbool-conversion -Wenum-conversion -Wno-float-conversion -Wnon-literal-null-conversion -Wobjc-literal-conversion -Wshorten-64-to-32 -Wpointer-sign -Wno-newline-eof -Wno-selector -Wno-strict-selector-match -Wundeclared-selector -Wdeprecated-implementations -Wno-implicit-fallthrough -fstrict-aliasing -Wprotocol -Wdeprecated-declarations -Wno-sign-conversion -Winfinite-recursion -Wcomma -Wblock-capture-autoreleasing -Wstrict-prototypes -Wno-semicolon-before-method-body -Wunguarded-availability -index-store-path /Users/andrewallen/Library/Developer/Xcode/DerivedData/Trivial-glmldcsxtxmqdqdrpsfrewoyidwc/Index.noindex/DataStore @/Users/andrewallen/Library/Developer/Xcode/DerivedData/Trivial-glmldcsxtxmqdqdrpsfrewoyidwc/Build/Intermediates.noindex/Pods.build/Debug-iphonesimulator/MyScriptInteractiveInk-Runtime.build/Objects-normal/arm64/e6072d4f65d7061329687fe24e3d63a7-common-args.resp -include /Users/andrewallen/Desktop/swift_projects/Trivial/Pods/Target\ Support\ Files/MyScriptInteractiveInk-Runtime/MyScriptInteractiveInk-Runtime-prefix.pch -MMD -MT dependencies -MF /Users/andrewallen/Library/Developer/Xcode/DerivedData/Trivial-glmldcsxtxmqdqdrpsfrewoyidwc/Build/Intermediates.noindex/Pods.build/Debug-iphonesimulator/MyScriptInteractiveInk-Runtime.build/Objects-normal/arm64/MyScriptInteractiveInk-Runtime-dummy.d --serialize-diagnostics /Users/andrewallen/Library/Developer/Xcode/DerivedData/Trivial-glmldcsxtxmqdqdrpsfrewoyidwc/Build/Intermediates.noindex/Pods.build/Debug-iphonesimulator/MyScriptInteractiveInk-Runtime.build/Objects-normal/arm64/MyScriptInteractiveInk-Runtime-dummy.dia -c /Users/andrewallen/Desktop/swift_projects/Trivial/Pods/Target\ Support\ Files/MyScriptInteractiveInk-Runtime/MyScriptInteractiveInk-Runtime-dummy.m -o /Users/andrewallen/Library/Developer/Xcode/DerivedData/Trivial-glmldcsxtxmqdqdrpsfrewoyidwc/Build/Intermediates.noindex/Pods.build/Debug-iphonesimulator/MyScriptInteractiveInk-Runtime.build/Objects-normal/arm64/MyScriptInteractiveInk-Runtime-dummy.o -index-unit-output-path /Pods.build/Debug-iphonesimulator/MyScriptInteractiveInk-Runtime.build/Objects-normal/arm64/MyScriptInteractiveInk-Runtime-dummy.o

Libtool /Users/andrewallen/Library/Developer/Xcode/DerivedData/Trivial-glmldcsxtxmqdqdrpsfrewoyidwc/Build/Products/Debug-iphonesimulator/MyScriptInteractiveInk-Runtime/libMyScriptInteractiveInk-Runtime.a normal (in target 'MyScriptInteractiveInk-Runtime' from project 'Pods')
    cd /Users/andrewallen/Desktop/swift_projects/Trivial/Pods
    /Applications/Xcode.app/Contents/Developer/Toolchains/XcodeDefault.xctoolchain/usr/bin/libtool -static -arch_only arm64 -D -syslibroot /Applications/Xcode.app/Contents/Developer/Platforms/iPhoneSimulator.platform/Developer/SDKs/iPhoneSimulator26.2.sdk -L/Users/andrewallen/Library/Developer/Xcode/DerivedData/Trivial-glmldcsxtxmqdqdrpsfrewoyidwc/Build/Products/Debug-iphonesimulator/MyScriptInteractiveInk-Runtime -L/Users/andrewallen/Desktop/swift_projects/Trivial/Pods/MyScriptInteractiveInk-Runtime -filelist /Users/andrewallen/Library/Developer/Xcode/DerivedData/Trivial-glmldcsxtxmqdqdrpsfrewoyidwc/Build/Intermediates.noindex/Pods.build/Debug-iphonesimulator/MyScriptInteractiveInk-Runtime.build/Objects-normal/arm64/MyScriptInteractiveInk-Runtime.LinkFileList -dependency_info /Users/andrewallen/Library/Developer/Xcode/DerivedData/Trivial-glmldcsxtxmqdqdrpsfrewoyidwc/Build/Intermediates.noindex/Pods.build/Debug-iphonesimulator/MyScriptInteractiveInk-Runtime.build/Objects-normal/arm64/MyScriptInteractiveInk-Runtime_libtool_dependency_info.dat -o /Users/andrewallen/Library/Developer/Xcode/DerivedData/Trivial-glmldcsxtxmqdqdrpsfrewoyidwc/Build/Products/Debug-iphonesimulator/MyScriptInteractiveInk-Runtime/libMyScriptInteractiveInk-Runtime.a

PhaseScriptExecution Copy\ generated\ compatibility\ header /Users/andrewallen/Library/Developer/Xcode/DerivedData/Trivial-glmldcsxtxmqdqdrpsfrewoyidwc/Build/Intermediates.noindex/Pods.build/Debug-iphonesimulator/MyScriptInteractiveInk-Runtime.build/Script-4A7B4ECFEDB50C2F025F224FD29FFEA9.sh (in target 'MyScriptInteractiveInk-Runtime' from project 'Pods')
    cd /Users/andrewallen/Desktop/swift_projects/Trivial/Pods
    export ACTION\=build
    export AD_HOC_CODE_SIGNING_ALLOWED\=YES
    export ALLOW_BUILD_REQUEST_OVERRIDES\=NO
    export ALLOW_TARGET_PLATFORM_SPECIALIZATION\=NO
    export ALTERNATE_GROUP\=staff
    export ALTERNATE_MODE\=u+w,go-w,a+rX
    export ALTERNATE_OWNER\=andrewallen
    export ALTERNATIVE_DISTRIBUTION_WEB\=NO
    export ALWAYS_EMBED_SWIFT_STANDARD_LIBRARIES\=NO
    export ALWAYS_SEARCH_USER_PATHS\=NO
    export ALWAYS_USE_SEPARATE_HEADERMAPS\=NO
    export APPLICATION_EXTENSION_API_ONLY\=NO
    export APPLY_RULES_IN_COPY_FILES\=NO
    export APPLY_RULES_IN_COPY_HEADERS\=NO
    export APP_SHORTCUTS_ENABLE_FLEXIBLE_MATCHING\=YES
    export ARCHS\=arm64
    export ARCHS_STANDARD\=arm64\ x86_64
    export ARCHS_STANDARD_32_64_BIT\=arm64\ x86_64
    export ARCHS_STANDARD_64_BIT\=arm64\ x86_64
    export ARCHS_STANDARD_INCLUDING_64_BIT\=arm64\ x86_64
    export ARCHS_UNIVERSAL_IPHONE_OS\=arm64\ x86_64
    export ASSETCATALOG_FILTER_FOR_DEVICE_MODEL\=iPad15,7
    export ASSETCATALOG_FILTER_FOR_DEVICE_OS_VERSION\=26.2
    export ASSETCATALOG_FILTER_FOR_THINNING_DEVICE_CONFIGURATION\=iPad15,7
    export AUTOMATICALLY_MERGE_DEPENDENCIES\=NO
    export AUTOMATION_APPLE_EVENTS\=NO
    export AVAILABLE_PLATFORMS\=android\ appletvos\ appletvsimulator\ driverkit\ iphoneos\ iphonesimulator\ macosx\ qnx\ watchos\ watchsimulator\ webassembly\ xros\ xrsimulator
    export BUILD_ACTIVE_RESOURCES_ONLY\=YES
    export BUILD_COMPONENTS\=headers\ build
    export BUILD_DIR\=/Users/andrewallen/Library/Developer/Xcode/DerivedData/Trivial-glmldcsxtxmqdqdrpsfrewoyidwc/Build/Products
    export BUILD_LIBRARY_FOR_DISTRIBUTION\=NO
    export BUILD_ROOT\=/Users/andrewallen/Library/Developer/Xcode/DerivedData/Trivial-glmldcsxtxmqdqdrpsfrewoyidwc/Build/Products
    export BUILD_STYLE\=
    export BUILD_VARIANTS\=normal
    export BUILT_PRODUCTS_DIR\=/Users/andrewallen/Library/Developer/Xcode/DerivedData/Trivial-glmldcsxtxmqdqdrpsfrewoyidwc/Build/Products/Debug-iphonesimulator/MyScriptInteractiveInk-Runtime
    export BUNDLE_CONTENTS_FOLDER_PATH_deep\=Contents/
    export BUNDLE_EXECUTABLE_FOLDER_NAME_deep\=MacOS
    export BUNDLE_EXTENSIONS_FOLDER_PATH\=Extensions
    export BUNDLE_FORMAT\=shallow
    export BUNDLE_FRAMEWORKS_FOLDER_PATH\=Frameworks
    export BUNDLE_PLUGINS_FOLDER_PATH\=PlugIns
    export BUNDLE_PRIVATE_HEADERS_FOLDER_PATH\=PrivateHeaders
    export BUNDLE_PUBLIC_HEADERS_FOLDER_PATH\=Headers
    export CACHE_ROOT\=/var/folders/ls/jqp9btrj3kd3x5b0lmr7mw6m0000gn/C/com.apple.DeveloperTools/26.2-17C52/Xcode
    export CCHROOT\=/var/folders/ls/jqp9btrj3kd3x5b0lmr7mw6m0000gn/C/com.apple.DeveloperTools/26.2-17C52/Xcode
    export CHMOD\=/bin/chmod
    export CHOWN\=/usr/sbin/chown
    export CLANG_ANALYZER_LOCALIZABILITY_NONLOCALIZED\=YES
    export CLANG_ANALYZER_NONNULL\=YES
    export CLANG_ANALYZER_NUMBER_OBJECT_CONVERSION\=YES_AGGRESSIVE
    export CLANG_CACHE_FINE_GRAINED_OUTPUTS\=YES
    export CLANG_CXX_LANGUAGE_STANDARD\=gnu++14
    export CLANG_CXX_LIBRARY\=libc++
    export CLANG_ENABLE_EXPLICIT_MODULES\=YES
    export CLANG_ENABLE_MODULES\=YES
    export CLANG_ENABLE_MODULE_DEBUGGING\=NO
    export CLANG_ENABLE_OBJC_ARC\=YES
    export CLANG_ENABLE_OBJC_WEAK\=NO
    export CLANG_MODULES_BUILD_SESSION_FILE\=/Users/andrewallen/Library/Developer/Xcode/DerivedData/ModuleCache.noindex/Session.modulevalidation
    export CLANG_WARN_BLOCK_CAPTURE_AUTORELEASING\=YES
    export CLANG_WARN_BOOL_CONVERSION\=YES
    export CLANG_WARN_COMMA\=YES
    export CLANG_WARN_CONSTANT_CONVERSION\=YES
    export CLANG_WARN_DEPRECATED_OBJC_IMPLEMENTATIONS\=YES
    export CLANG_WARN_DIRECT_OBJC_ISA_USAGE\=YES_ERROR
    export CLANG_WARN_DOCUMENTATION_COMMENTS\=YES
    export CLANG_WARN_EMPTY_BODY\=YES
    export CLANG_WARN_ENUM_CONVERSION\=YES
    export CLANG_WARN_INFINITE_RECURSION\=YES
    export CLANG_WARN_INT_CONVERSION\=YES
    export CLANG_WARN_NON_LITERAL_NULL_CONVERSION\=YES
    export CLANG_WARN_OBJC_IMPLICIT_RETAIN_SELF\=YES
    export CLANG_WARN_OBJC_LITERAL_CONVERSION\=YES
    export CLANG_WARN_OBJC_ROOT_CLASS\=YES_ERROR
    export CLANG_WARN_QUOTED_INCLUDE_IN_FRAMEWORK_HEADER\=NO
    export CLANG_WARN_RANGE_LOOP_ANALYSIS\=YES
    export CLANG_WARN_STRICT_PROTOTYPES\=YES
    export CLANG_WARN_SUSPICIOUS_MOVE\=YES
    export CLANG_WARN_UNGUARDED_AVAILABILITY\=YES_AGGRESSIVE
    export CLANG_WARN_UNREACHABLE_CODE\=YES
    export CLANG_WARN__DUPLICATE_METHOD_MATCH\=YES
    export CLASS_FILE_DIR\=/Users/andrewallen/Library/Developer/Xcode/DerivedData/Trivial-glmldcsxtxmqdqdrpsfrewoyidwc/Build/Intermediates.noindex/Pods.build/Debug-iphonesimulator/MyScriptInteractiveInk-Runtime.build/JavaClasses
    export CLEAN_PRECOMPS\=YES
    export CLONE_HEADERS\=NO
    export CODESIGNING_FOLDER_PATH\=/Users/andrewallen/Library/Developer/Xcode/DerivedData/Trivial-glmldcsxtxmqdqdrpsfrewoyidwc/Build/Products/Debug-iphonesimulator/MyScriptInteractiveInk-Runtime/libMyScriptInteractiveInk-Runtime.a
    export CODE_SIGNING_ALLOWED\=NO
    export CODE_SIGNING_REQUIRED\=YES
    export CODE_SIGN_CONTEXT_CLASS\=XCiPhoneSimulatorCodeSignContext
    export CODE_SIGN_IDENTITY\=-
    export CODE_SIGN_INJECT_BASE_ENTITLEMENTS\=YES
    export COLOR_DIAGNOSTICS\=NO
    export COMBINE_HIDPI_IMAGES\=NO
    export COMPILATION_CACHE_CAS_PATH\=/Users/andrewallen/Library/Developer/Xcode/DerivedData/CompilationCache.noindex
    export COMPILATION_CACHE_KEEP_CAS_DIRECTORY\=YES
    export COMPILER_INDEX_STORE_ENABLE\=Default
    export COMPOSITE_SDK_DIRS\=/Users/andrewallen/Library/Developer/Xcode/DerivedData/Trivial-glmldcsxtxmqdqdrpsfrewoyidwc/Build/Intermediates.noindex/CompositeSDKs
    export COMPRESS_PNG_FILES\=YES
    export CONFIGURATION\=Debug
    export CONFIGURATION_BUILD_DIR\=/Users/andrewallen/Library/Developer/Xcode/DerivedData/Trivial-glmldcsxtxmqdqdrpsfrewoyidwc/Build/Products/Debug-iphonesimulator/MyScriptInteractiveInk-Runtime
    export CONFIGURATION_TEMP_DIR\=/Users/andrewallen/Library/Developer/Xcode/DerivedData/Trivial-glmldcsxtxmqdqdrpsfrewoyidwc/Build/Intermediates.noindex/Pods.build/Debug-iphonesimulator
    export COPYING_PRESERVES_HFS_DATA\=NO
    export COPY_HEADERS_RUN_UNIFDEF\=NO
    export COPY_PHASE_STRIP\=NO
    export CORRESPONDING_DEVICE_PLATFORM_DIR\=/Applications/Xcode.app/Contents/Developer/Platforms/iPhoneOS.platform
    export CORRESPONDING_DEVICE_PLATFORM_NAME\=iphoneos
    export CORRESPONDING_DEVICE_SDK_DIR\=/Applications/Xcode.app/Contents/Developer/Platforms/iPhoneOS.platform/Developer/SDKs/iPhoneOS26.2.sdk
    export CORRESPONDING_DEVICE_SDK_NAME\=iphoneos26.2
    export CP\=/bin/cp
    export CREATE_INFOPLIST_SECTION_IN_BINARY\=NO
    export CURRENT_ARCH\=undefined_arch
    export CURRENT_VARIANT\=normal
    export DEAD_CODE_STRIPPING\=YES
    export DEBUGGING_SYMBOLS\=YES
    export DEBUG_INFORMATION_FORMAT\=dwarf
    export DEBUG_INFORMATION_VERSION\=compiler-default
    export DEFAULT_COMPILER\=com.apple.compilers.llvm.clang.1_0
    export DEFAULT_DEXT_INSTALL_PATH\=/System/Library/DriverExtensions
    export DEFAULT_KEXT_INSTALL_PATH\=/System/Library/Extensions
    export DEFINES_MODULE\=NO
    export DEPLOYMENT_LOCATION\=NO
    export DEPLOYMENT_POSTPROCESSING\=NO
    export DEPLOYMENT_TARGET_SETTING_NAME\=IPHONEOS_DEPLOYMENT_TARGET
    export DEPLOYMENT_TARGET_SUGGESTED_VALUES\=12.0\ 12.1\ 12.2\ 12.3\ 12.4\ 13.0\ 13.1\ 13.2\ 13.3\ 13.4\ 13.5\ 13.6\ 14.0\ 14.1\ 14.2\ 14.3\ 14.4\ 14.5\ 14.6\ 14.7\ 15.0\ 15.1\ 15.2\ 15.3\ 15.4\ 15.5\ 15.6\ 16.0\ 16.1\ 16.2\ 16.3\ 16.4\ 16.5\ 16.6\ 17.0\ 17.1\ 17.2\ 17.3\ 17.4\ 17.5\ 17.6\ 18.0\ 18.1\ 18.2\ 18.3\ 18.4\ 18.5\ 18.6\ 26.0\ 26.1\ 26.2
    export DERIVED_FILES_DIR\=/Users/andrewallen/Library/Developer/Xcode/DerivedData/Trivial-glmldcsxtxmqdqdrpsfrewoyidwc/Build/Intermediates.noindex/Pods.build/Debug-iphonesimulator/MyScriptInteractiveInk-Runtime.build/DerivedSources
    export DERIVED_FILE_DIR\=/Users/andrewallen/Library/Developer/Xcode/DerivedData/Trivial-glmldcsxtxmqdqdrpsfrewoyidwc/Build/Intermediates.noindex/Pods.build/Debug-iphonesimulator/MyScriptInteractiveInk-Runtime.build/DerivedSources
    export DERIVED_SOURCES_DIR\=/Users/andrewallen/Library/Developer/Xcode/DerivedData/Trivial-glmldcsxtxmqdqdrpsfrewoyidwc/Build/Intermediates.noindex/Pods.build/Debug-iphonesimulator/MyScriptInteractiveInk-Runtime.build/DerivedSources
    export DEVELOPER_APPLICATIONS_DIR\=/Applications/Xcode.app/Contents/Developer/Applications
    export DEVELOPER_BIN_DIR\=/Applications/Xcode.app/Contents/Developer/usr/bin
    export DEVELOPER_DIR\=/Applications/Xcode.app/Contents/Developer
    export DEVELOPER_FRAMEWORKS_DIR\=/Applications/Xcode.app/Contents/Developer/Library/Frameworks
    export DEVELOPER_FRAMEWORKS_DIR_QUOTED\=/Applications/Xcode.app/Contents/Developer/Library/Frameworks
    export DEVELOPER_LIBRARY_DIR\=/Applications/Xcode.app/Contents/Developer/Library
    export DEVELOPER_SDK_DIR\=/Applications/Xcode.app/Contents/Developer/Platforms/MacOSX.platform/Developer/SDKs
    export DEVELOPER_TOOLS_DIR\=/Applications/Xcode.app/Contents/Developer/Tools
    export DEVELOPER_USR_DIR\=/Applications/Xcode.app/Contents/Developer/usr
    export DEVELOPMENT_LANGUAGE\=en
    export DIAGNOSE_MISSING_TARGET_DEPENDENCIES\=YES
    export DIFF\=/usr/bin/diff
    export DONT_GENERATE_INFOPLIST_FILE\=NO
    export DSTROOT\=/tmp/Pods.dst
    export DT_TOOLCHAIN_DIR\=/Applications/Xcode.app/Contents/Developer/Toolchains/XcodeDefault.xctoolchain
    export DWARF_DSYM_FILE_NAME\=libMyScriptInteractiveInk-Runtime.a.dSYM
    export DWARF_DSYM_FILE_SHOULD_ACCOMPANY_PRODUCT\=NO
    export DWARF_DSYM_FOLDER_PATH\=/Users/andrewallen/Library/Developer/Xcode/DerivedData/Trivial-glmldcsxtxmqdqdrpsfrewoyidwc/Build/Products/Debug-iphonesimulator/MyScriptInteractiveInk-Runtime
    export DYNAMIC_LIBRARY_EXTENSION\=dylib
    export EAGER_COMPILATION_ALLOW_SCRIPTS\=NO
    export EAGER_LINKING\=NO
    export EFFECTIVE_PLATFORM_NAME\=-iphonesimulator
    export EMBEDDED_CONTENT_CONTAINS_SWIFT\=NO
    export EMBED_ASSET_PACKS_IN_PRODUCT_BUNDLE\=NO
    export ENABLE_APP_SANDBOX\=NO
    export ENABLE_BITCODE\=NO
    export ENABLE_CODE_COVERAGE\=YES
    export ENABLE_CPLUSPLUS_BOUNDS_SAFE_BUFFERS\=NO
    export ENABLE_C_BOUNDS_SAFETY\=NO
    export ENABLE_DEFAULT_HEADER_SEARCH_PATHS\=YES
    export ENABLE_DEFAULT_SEARCH_PATHS\=YES
    export ENABLE_ENHANCED_SECURITY\=NO
    export ENABLE_HARDENED_RUNTIME\=NO
    export ENABLE_HEADER_DEPENDENCIES\=YES
    export ENABLE_INCOMING_NETWORK_CONNECTIONS\=NO
    export ENABLE_MODULE_VERIFIER\=NO
    export ENABLE_ON_DEMAND_RESOURCES\=NO
    export ENABLE_OUTGOING_NETWORK_CONNECTIONS\=NO
    export ENABLE_POINTER_AUTHENTICATION\=NO
    export ENABLE_PREVIEWS\=NO
    export ENABLE_RESOURCE_ACCESS_AUDIO_INPUT\=NO
    export ENABLE_RESOURCE_ACCESS_BLUETOOTH\=NO
    export ENABLE_RESOURCE_ACCESS_CALENDARS\=NO
    export ENABLE_RESOURCE_ACCESS_CAMERA\=NO
    export ENABLE_RESOURCE_ACCESS_CONTACTS\=NO
    export ENABLE_RESOURCE_ACCESS_LOCATION\=NO
    export ENABLE_RESOURCE_ACCESS_PHOTO_LIBRARY\=NO
    export ENABLE_RESOURCE_ACCESS_PRINTING\=NO
    export ENABLE_RESOURCE_ACCESS_USB\=NO
    export ENABLE_SDK_IMPORTS\=NO
    export ENABLE_SECURITY_COMPILER_WARNINGS\=NO
    export ENABLE_STRICT_OBJC_MSGSEND\=YES
    export ENABLE_TESTABILITY\=YES
    export ENABLE_TESTING_SEARCH_PATHS\=NO
    export ENABLE_USER_SCRIPT_SANDBOXING\=NO
    export ENABLE_XOJIT_PREVIEWS\=YES
    export ENFORCE_VALID_ARCHS\=YES
    export ENTITLEMENTS_DESTINATION\=__entitlements
    export ENTITLEMENTS_REQUIRED\=YES
    export EXCLUDED_INSTALLSRC_SUBDIRECTORY_PATTERNS\=.DS_Store\ .svn\ .git\ .hg\ CVS
    export EXCLUDED_RECURSIVE_SEARCH_PATH_SUBDIRECTORIES\=\*.nib\ \*.lproj\ \*.framework\ \*.gch\ \*.xcode\*\ \*.xcassets\ \*.icon\ \(\*\)\ .DS_Store\ CVS\ .svn\ .git\ .hg\ \*.pbproj\ \*.pbxproj
    export EXECUTABLE_EXTENSION\=a
    export EXECUTABLE_NAME\=libMyScriptInteractiveInk-Runtime.a
    export EXECUTABLE_PATH\=libMyScriptInteractiveInk-Runtime.a
    export EXECUTABLE_PREFIX\=lib
    export EXECUTABLE_SUFFIX\=.a
    export FILE_LIST\=/Users/andrewallen/Library/Developer/Xcode/DerivedData/Trivial-glmldcsxtxmqdqdrpsfrewoyidwc/Build/Intermediates.noindex/Pods.build/Debug-iphonesimulator/MyScriptInteractiveInk-Runtime.build/Objects/LinkFileList
    export FIXED_FILES_DIR\=/Users/andrewallen/Library/Developer/Xcode/DerivedData/Trivial-glmldcsxtxmqdqdrpsfrewoyidwc/Build/Intermediates.noindex/Pods.build/Debug-iphonesimulator/MyScriptInteractiveInk-Runtime.build/FixedFiles
    export FRAMEWORK_FLAG_PREFIX\=-framework
    export FRAMEWORK_SEARCH_PATHS\=/Users/andrewallen/Library/Developer/Xcode/DerivedData/Trivial-glmldcsxtxmqdqdrpsfrewoyidwc/Build/Products/Debug-iphonesimulator/MyScriptInteractiveInk-Runtime\ \ \"/Users/andrewallen/Desktop/swift_projects/Trivial/Pods/MyScriptInteractiveInk-Runtime\"
    export FRAMEWORK_VERSION\=A
    export FULL_PRODUCT_NAME\=libMyScriptInteractiveInk-Runtime.a
    export FUSE_BUILD_PHASES\=YES
    export FUSE_BUILD_SCRIPT_PHASES\=NO
    export GCC3_VERSION\=3.3
    export GCC_C_LANGUAGE_STANDARD\=gnu11
    export GCC_DYNAMIC_NO_PIC\=NO
    export GCC_NO_COMMON_BLOCKS\=YES
    export GCC_OBJC_LEGACY_DISPATCH\=YES
    export GCC_OPTIMIZATION_LEVEL\=0
    export GCC_PFE_FILE_C_DIALECTS\=c\ objective-c\ c++\ objective-c++
    export GCC_PREFIX_HEADER\=Target\ Support\ Files/MyScriptInteractiveInk-Runtime/MyScriptInteractiveInk-Runtime-prefix.pch
    export GCC_PREPROCESSOR_DEFINITIONS\=POD_CONFIGURATION_DEBUG\=1\ DEBUG\=1\ \ COCOAPODS\=1
    export GCC_TREAT_WARNINGS_AS_ERRORS\=NO
    export GCC_VERSION\=com.apple.compilers.llvm.clang.1_0
    export GCC_VERSION_IDENTIFIER\=com_apple_compilers_llvm_clang_1_0
    export GCC_WARN_64_TO_32_BIT_CONVERSION\=YES
    export GCC_WARN_ABOUT_RETURN_TYPE\=YES_ERROR
    export GCC_WARN_UNDECLARED_SELECTOR\=YES
    export GCC_WARN_UNINITIALIZED_AUTOS\=YES_AGGRESSIVE
    export GCC_WARN_UNUSED_FUNCTION\=YES
    export GCC_WARN_UNUSED_VARIABLE\=YES
    export GENERATED_MODULEMAP_DIR\=/Users/andrewallen/Library/Developer/Xcode/DerivedData/Trivial-glmldcsxtxmqdqdrpsfrewoyidwc/Build/Intermediates.noindex/GeneratedModuleMaps-iphonesimulator
    export GENERATE_INFOPLIST_FILE\=NO
    export GENERATE_INTERMEDIATE_TEXT_BASED_STUBS\=YES
    export GENERATE_PKGINFO_FILE\=NO
    export GENERATE_PRELINK_OBJECT_FILE\=NO
    export GENERATE_PROFILING_CODE\=NO
    export GENERATE_TEXT_BASED_STUBS\=NO
    export GID\=20
    export GROUP\=staff
    export HEADERMAP_INCLUDES_FLAT_ENTRIES_FOR_TARGET_BEING_BUILT\=YES
    export HEADERMAP_INCLUDES_FRAMEWORK_ENTRIES_FOR_ALL_PRODUCT_TYPES\=YES
    export HEADERMAP_INCLUDES_FRAMEWORK_ENTRIES_FOR_TARGETS_NOT_BEING_BUILT\=YES
    export HEADERMAP_INCLUDES_NONPUBLIC_NONPRIVATE_HEADERS\=YES
    export HEADERMAP_INCLUDES_PROJECT_HEADERS\=YES
    export HEADERMAP_USES_FRAMEWORK_PREFIX_ENTRIES\=YES
    export HEADERMAP_USES_VFS\=NO
    export HEADER_SEARCH_PATHS\=/Users/andrewallen/Library/Developer/Xcode/DerivedData/Trivial-glmldcsxtxmqdqdrpsfrewoyidwc/Build/Products/Debug-iphonesimulator/MyScriptInteractiveInk-Runtime/include\ \ \"/Users/andrewallen/Desktop/swift_projects/Trivial/Pods/Headers/Private\"\ \"/Users/andrewallen/Desktop/swift_projects/Trivial/Pods/Headers/Private/MyScriptInteractiveInk-Runtime\"\ \"/Users/andrewallen/Desktop/swift_projects/Trivial/Pods/Headers/Public\"\ \"/Users/andrewallen/Desktop/swift_projects/Trivial/Pods/Headers/Public/MyScriptInteractiveInk-Runtime\"\ \"/Users/andrewallen/Library/Developer/Xcode/DerivedData/Trivial-glmldcsxtxmqdqdrpsfrewoyidwc/Build/Products/Debug-iphonesimulator/XCFrameworkIntermediates/MyScriptInteractiveInk-Runtime/Headers\"\ \"/Users/andrewallen/Library/Developer/Xcode/DerivedData/Trivial-glmldcsxtxmqdqdrpsfrewoyidwc/Build/Products/Debug-iphonesimulator/XCFrameworkIntermediates/MyScriptInteractiveInk-Runtime/Headers\"\ \"/Users/andrewallen/Library/Developer/Xcode/DerivedData/Trivial-glmldcsxtxmqdqdrpsfrewoyidwc/Build/Products/Debug-iphonesimulator/XCFrameworkIntermediates/MyScriptInteractiveInk-Runtime/Headers\"\ \"/Users/andrewallen/Library/Developer/Xcode/DerivedData/Trivial-glmldcsxtxmqdqdrpsfrewoyidwc/Build/Products/Debug-iphonesimulator/XCFrameworkIntermediates/MyScriptInteractiveInk-Runtime/Headers\"\ \"/Users/andrewallen/Library/Developer/Xcode/DerivedData/Trivial-glmldcsxtxmqdqdrpsfrewoyidwc/Build/Products/Debug-iphonesimulator/XCFrameworkIntermediates/MyScriptInteractiveInk-Runtime/Headers\"\ \"/Users/andrewallen/Library/Developer/Xcode/DerivedData/Trivial-glmldcsxtxmqdqdrpsfrewoyidwc/Build/Products/Debug-iphonesimulator/XCFrameworkIntermediates/MyScriptInteractiveInk-Runtime/Headers\"\ \"/Users/andrewallen/Library/Developer/Xcode/DerivedData/Trivial-glmldcsxtxmqdqdrpsfrewoyidwc/Build/Products/Debug-iphonesimulator/XCFrameworkIntermediates/MyScriptInteractiveInk-Runtime/Headers\"\ \"/Users/andrewallen/Library/Developer/Xcode/DerivedData/Trivial-glmldcsxtxmqdqdrpsfrewoyidwc/Build/Products/Debug-iphonesimulator/XCFrameworkIntermediates/MyScriptInteractiveInk-Runtime/Headers\"\ \"/Users/andrewallen/Library/Developer/Xcode/DerivedData/Trivial-glmldcsxtxmqdqdrpsfrewoyidwc/Build/Products/Debug-iphonesimulator/XCFrameworkIntermediates/MyScriptInteractiveInk-Runtime/Headers\"\ \"/Users/andrewallen/Library/Developer/Xcode/DerivedData/Trivial-glmldcsxtxmqdqdrpsfrewoyidwc/Build/Products/Debug-iphonesimulator/XCFrameworkIntermediates/MyScriptInteractiveInk-Runtime/Headers\"\ \"/Users/andrewallen/Library/Developer/Xcode/DerivedData/Trivial-glmldcsxtxmqdqdrpsfrewoyidwc/Build/Products/Debug-iphonesimulator/XCFrameworkIntermediates/MyScriptInteractiveInk-Runtime/Headers\"
    export HOME\=/Users/andrewallen
    export HOST_ARCH\=arm64
    export HOST_PLATFORM\=macosx
    export ICONV\=/usr/bin/iconv
    export IMPLICIT_DEPENDENCY_DOMAIN\=default
    export INFOPLIST_ENABLE_CFBUNDLEICONS_MERGE\=YES
    export INFOPLIST_EXPAND_BUILD_SETTINGS\=YES
    export INFOPLIST_OUTPUT_FORMAT\=binary
    export INFOPLIST_PREPROCESS\=NO
    export INLINE_PRIVATE_FRAMEWORKS\=NO
    export INSTALLAPI_IGNORE_SKIP_INSTALL\=YES
    export INSTALLHDRS_COPY_PHASE\=NO
    export INSTALLHDRS_SCRIPT_PHASE\=NO
    export INSTALL_DIR\=/tmp/Pods.dst/usr/local/lib
    export INSTALL_GROUP\=staff
    export INSTALL_MODE_FLAG\=u+w,go-w,a+rX
    export INSTALL_OWNER\=andrewallen
    export INSTALL_PATH\=/usr/local/lib
    export INSTALL_ROOT\=/tmp/Pods.dst
    export IPHONEOS_DEPLOYMENT_TARGET\=13.0
    export IS_UNOPTIMIZED_BUILD\=YES
    export JAVAC_DEFAULT_FLAGS\=-J-Xms64m\ -J-XX:NewSize\=4M\ -J-Dfile.encoding\=UTF8
    export JAVA_APP_STUB\=/System/Library/Frameworks/JavaVM.framework/Resources/MacOS/JavaApplicationStub
    export JAVA_ARCHIVE_CLASSES\=YES
    export JAVA_ARCHIVE_TYPE\=JAR
    export JAVA_COMPILER\=/usr/bin/javac
    export JAVA_FRAMEWORK_RESOURCES_DIRS\=Resources
    export JAVA_JAR_FLAGS\=cv
    export JAVA_SOURCE_SUBDIR\=.
    export JAVA_USE_DEPENDENCIES\=YES
    export JAVA_ZIP_FLAGS\=-urg
    export JIKES_DEFAULT_FLAGS\=+E\ +OLDCSO
    export KEEP_PRIVATE_EXTERNS\=NO
    export LD_DEPENDENCY_INFO_FILE\=/Users/andrewallen/Library/Developer/Xcode/DerivedData/Trivial-glmldcsxtxmqdqdrpsfrewoyidwc/Build/Intermediates.noindex/Pods.build/Debug-iphonesimulator/MyScriptInteractiveInk-Runtime.build/Objects-normal/undefined_arch/MyScriptInteractiveInk-Runtime_dependency_info.dat
    export LD_EXPORT_SYMBOLS\=YES
    export LD_GENERATE_MAP_FILE\=NO
    export LD_MAP_FILE_PATH\=/Users/andrewallen/Library/Developer/Xcode/DerivedData/Trivial-glmldcsxtxmqdqdrpsfrewoyidwc/Build/Intermediates.noindex/Pods.build/Debug-iphonesimulator/MyScriptInteractiveInk-Runtime.build/MyScriptInteractiveInk-Runtime-LinkMap-normal-undefined_arch.txt
    export LD_NO_PIE\=NO
    export LD_QUOTE_LINKER_ARGUMENTS_FOR_COMPILER_DRIVER\=YES
    export LD_SHARED_CACHE_ELIGIBLE\=Automatic
    export LD_WARN_DUPLICATE_LIBRARIES\=NO
    export LD_WARN_UNUSED_DYLIBS\=NO
    export LEGACY_DEVELOPER_DIR\=/Applications/Xcode.app/Contents/PlugIns/Xcode3Core.ideplugin/Contents/SharedSupport/Developer
    export LEX\=lex
    export LIBRARY_DEXT_INSTALL_PATH\=/Library/DriverExtensions
    export LIBRARY_FLAG_NOSPACE\=YES
    export LIBRARY_FLAG_PREFIX\=-l
    export LIBRARY_KEXT_INSTALL_PATH\=/Library/Extensions
    export LIBRARY_SEARCH_PATHS\=/Users/andrewallen/Library/Developer/Xcode/DerivedData/Trivial-glmldcsxtxmqdqdrpsfrewoyidwc/Build/Products/Debug-iphonesimulator/MyScriptInteractiveInk-Runtime\ \ \"/Users/andrewallen/Desktop/swift_projects/Trivial/Pods/MyScriptInteractiveInk-Runtime/\"
    export LINKER_DISPLAYS_MANGLED_NAMES\=NO
    export LINK_FILE_LIST_normal_arm64\=/Users/andrewallen/Library/Developer/Xcode/DerivedData/Trivial-glmldcsxtxmqdqdrpsfrewoyidwc/Build/Intermediates.noindex/Pods.build/Debug-iphonesimulator/MyScriptInteractiveInk-Runtime.build/Objects-normal/arm64/MyScriptInteractiveInk-Runtime.LinkFileList
    export LINK_OBJC_RUNTIME\=YES
    export LINK_WITH_STANDARD_LIBRARIES\=YES
    export LLVM_TARGET_TRIPLE_OS_VERSION\=ios13.0
    export LLVM_TARGET_TRIPLE_SUFFIX\=-simulator
    export LLVM_TARGET_TRIPLE_VENDOR\=apple
    export LM_AUX_CONST_METADATA_LIST_PATH_normal_arm64\=/Users/andrewallen/Library/Developer/Xcode/DerivedData/Trivial-glmldcsxtxmqdqdrpsfrewoyidwc/Build/Intermediates.noindex/Pods.build/Debug-iphonesimulator/MyScriptInteractiveInk-Runtime.build/Objects-normal/arm64/MyScriptInteractiveInk-Runtime.SwiftConstValuesFileList
    export LOCALIZATION_EXPORT_SUPPORTED\=YES
    export LOCALIZATION_PREFERS_STRING_CATALOGS\=NO
    export LOCALIZED_STRING_MACRO_NAMES\=NSLocalizedString\ CFCopyLocalizedString
    export LOCALIZED_STRING_SWIFTUI_SUPPORT\=YES
    export LOCAL_ADMIN_APPS_DIR\=/Applications/Utilities
    export LOCAL_APPS_DIR\=/Applications
    export LOCAL_DEVELOPER_DIR\=/Library/Developer
    export LOCAL_LIBRARY_DIR\=/Library
    export LOCROOT\=/Users/andrewallen/Desktop/swift_projects/Trivial/Pods
    export LOCSYMROOT\=/Users/andrewallen/Desktop/swift_projects/Trivial/Pods
    export MACH_O_TYPE\=staticlib
    export MAC_OS_X_PRODUCT_BUILD_VERSION\=25C56
    export MAC_OS_X_VERSION_ACTUAL\=260200
    export MAC_OS_X_VERSION_MAJOR\=260000
    export MAC_OS_X_VERSION_MINOR\=260200
    export MAKE_MERGEABLE\=NO
    export MERGEABLE_LIBRARY\=NO
    export MERGED_BINARY_TYPE\=none
    export MERGE_LINKED_LIBRARIES\=NO
    export METAL_LIBRARY_FILE_BASE\=default
    export METAL_LIBRARY_OUTPUT_DIR\=/Users/andrewallen/Library/Developer/Xcode/DerivedData/Trivial-glmldcsxtxmqdqdrpsfrewoyidwc/Build/Products/Debug-iphonesimulator/MyScriptInteractiveInk-Runtime/
    export MODULEMAP_FILE\=Headers/Public/MyScriptInteractiveInk_Runtime/MyScriptInteractiveInk-Runtime.modulemap
    export MODULE_CACHE_DIR\=/Users/andrewallen/Library/Developer/Xcode/DerivedData/ModuleCache.noindex
    export MTL_ENABLE_DEBUG_INFO\=INCLUDE_SOURCE
    export MTL_FAST_MATH\=YES
    export NATIVE_ARCH\=arm64
    export NATIVE_ARCH_32_BIT\=arm
    export NATIVE_ARCH_64_BIT\=arm64
    export NATIVE_ARCH_ACTUAL\=arm64
    export NO_COMMON\=YES
    export OBJC_ABI_VERSION\=2
    export OBJECT_FILE_DIR\=/Users/andrewallen/Library/Developer/Xcode/DerivedData/Trivial-glmldcsxtxmqdqdrpsfrewoyidwc/Build/Intermediates.noindex/Pods.build/Debug-iphonesimulator/MyScriptInteractiveInk-Runtime.build/Objects
    export OBJECT_FILE_DIR_normal\=/Users/andrewallen/Library/Developer/Xcode/DerivedData/Trivial-glmldcsxtxmqdqdrpsfrewoyidwc/Build/Intermediates.noindex/Pods.build/Debug-iphonesimulator/MyScriptInteractiveInk-Runtime.build/Objects-normal
    export OBJROOT\=/Users/andrewallen/Library/Developer/Xcode/DerivedData/Trivial-glmldcsxtxmqdqdrpsfrewoyidwc/Build/Intermediates.noindex
    export ONLY_ACTIVE_ARCH\=YES
    export OS\=MACOS
    export OSAC\=/usr/bin/osacompile
    export OTHER_LDFLAGS\=\ -Wl,-u,_MyScript2D\ -Wl,-u,_MyScriptAnalyzer\ -Wl,-u,_MyScriptDocument\ -Wl,-u,_MyScriptEngine\ -Wl,-u,_MyScriptGesture\ -Wl,-u,_MyScriptInk\ -Wl,-u,_MyScriptMLOrt\ -Wl,-u,_MyScriptMath\ -Wl,-u,_MyScriptShape\ -Wl,-u,_MyScriptText
    export OTHER_SWIFT_FLAGS\=\ -D\ COCOAPODS\ -import-underlying-module\ -Xcc\ -fmodule-map-file\=\"/Users/andrewallen/Desktop/swift_projects/Trivial/Pods/Headers/Public/MyScriptInteractiveInk_Runtime/MyScriptInteractiveInk-Runtime.modulemap\"
    export PACKAGE_TYPE\=com.apple.package-type.static-library
    export PASCAL_STRINGS\=YES
    export PATH\=/Applications/Xcode.app/Contents/SharedFrameworks/SwiftBuild.framework/Versions/A/PlugIns/SWBBuildService.bundle/Contents/PlugIns/SWBUniversalPlatformPlugin.bundle/Contents/Frameworks/SWBUniversalPlatform.framework/Resources:/Applications/Xcode.app/Contents/Developer/Toolchains/XcodeDefault.xctoolchain/usr/bin:/Applications/Xcode.app/Contents/Developer/Toolchains/XcodeDefault.xctoolchain/usr/local/bin:/Applications/Xcode.app/Contents/Developer/Toolchains/XcodeDefault.xctoolchain/usr/libexec:/Applications/Xcode.app/Contents/Developer/Platforms/iPhoneSimulator.platform/usr/bin:/Applications/Xcode.app/Contents/Developer/Platforms/iPhoneSimulator.platform/usr/local/bin:/Applications/Xcode.app/Contents/Developer/Platforms/iPhoneSimulator.platform/Developer/usr/bin:/Applications/Xcode.app/Contents/Developer/Platforms/iPhoneSimulator.platform/Developer/usr/local/bin:/Applications/Xcode.app/Contents/Developer/usr/bin:/Applications/Xcode.app/Contents/Developer/usr/local/bin:/usr/local/bin:/System/Cryptexes/App/usr/bin:/usr/bin:/bin:/usr/sbin:/sbin:/var/run/com.apple.security.cryptexd/codex.system/bootstrap/usr/local/bin:/var/run/com.apple.security.cryptexd/codex.system/bootstrap/usr/bin:/var/run/com.apple.security.cryptexd/codex.system/bootstrap/usr/appleinternal/bin:/opt/pmk/env/global/bin:/Library/Apple/usr/bin:/Library/TeX/texbin:/Applications/VMware\ Fusion.app/Contents/Public:/usr/local/go/bin:/Library/Frameworks/Python.framework/Versions/3.13/bin:/Users/andrewallen/.local/bin:/opt/homebrew/bin:/opt/homebrew/sbin:/Users/andrewallen/.cursor/extensions/ms-python.debugpy-2025.14.1-darwin-arm64/bundled/scripts/noConfigScripts
    export PATH_PREFIXES_EXCLUDED_FROM_HEADER_DEPENDENCIES\=/usr/include\ /usr/local/include\ /System/Library/Frameworks\ /System/Library/PrivateFrameworks\ /Applications/Xcode.app/Contents/Developer/Headers\ /Applications/Xcode.app/Contents/Developer/SDKs\ /Applications/Xcode.app/Contents/Developer/Platforms
    export PER_ARCH_MODULE_FILE_DIR\=/Users/andrewallen/Library/Developer/Xcode/DerivedData/Trivial-glmldcsxtxmqdqdrpsfrewoyidwc/Build/Intermediates.noindex/Pods.build/Debug-iphonesimulator/MyScriptInteractiveInk-Runtime.build/Objects-normal/undefined_arch
    export PER_ARCH_OBJECT_FILE_DIR\=/Users/andrewallen/Library/Developer/Xcode/DerivedData/Trivial-glmldcsxtxmqdqdrpsfrewoyidwc/Build/Intermediates.noindex/Pods.build/Debug-iphonesimulator/MyScriptInteractiveInk-Runtime.build/Objects-normal/undefined_arch
    export PER_VARIANT_OBJECT_FILE_DIR\=/Users/andrewallen/Library/Developer/Xcode/DerivedData/Trivial-glmldcsxtxmqdqdrpsfrewoyidwc/Build/Intermediates.noindex/Pods.build/Debug-iphonesimulator/MyScriptInteractiveInk-Runtime.build/Objects-normal
    export PKGINFO_FILE_PATH\=/Users/andrewallen/Library/Developer/Xcode/DerivedData/Trivial-glmldcsxtxmqdqdrpsfrewoyidwc/Build/Intermediates.noindex/Pods.build/Debug-iphonesimulator/MyScriptInteractiveInk-Runtime.build/PkgInfo
    export PLATFORM_DEVELOPER_APPLICATIONS_DIR\=/Applications/Xcode.app/Contents/Developer/Platforms/iPhoneSimulator.platform/Developer/Applications
    export PLATFORM_DEVELOPER_BIN_DIR\=/Applications/Xcode.app/Contents/Developer/Platforms/iPhoneSimulator.platform/Developer/usr/bin
    export PLATFORM_DEVELOPER_LIBRARY_DIR\=/Applications/Xcode.app/Contents/Developer/Platforms/iPhoneSimulator.platform/Developer/Library
    export PLATFORM_DEVELOPER_SDK_DIR\=/Applications/Xcode.app/Contents/Developer/Platforms/iPhoneSimulator.platform/Developer/SDKs
    export PLATFORM_DEVELOPER_TOOLS_DIR\=/Applications/Xcode.app/Contents/Developer/Platforms/iPhoneSimulator.platform/Developer/Tools
    export PLATFORM_DEVELOPER_USR_DIR\=/Applications/Xcode.app/Contents/Developer/Platforms/iPhoneSimulator.platform/Developer/usr
    export PLATFORM_DIR\=/Applications/Xcode.app/Contents/Developer/Platforms/iPhoneSimulator.platform
    export PLATFORM_DISPLAY_NAME\=iOS\ Simulator
    export PLATFORM_FAMILY_NAME\=iOS
    export PLATFORM_NAME\=iphonesimulator
    export PLATFORM_PREFERRED_ARCH\=x86_64
    export PLATFORM_PRODUCT_BUILD_VERSION\=23C53
    export PLATFORM_REQUIRES_SWIFT_AUTOLINK_EXTRACT\=NO
    export PLATFORM_REQUIRES_SWIFT_MODULEWRAP\=NO
    export PLIST_FILE_OUTPUT_FORMAT\=binary
    export PODS_BUILD_DIR\=/Users/andrewallen/Library/Developer/Xcode/DerivedData/Trivial-glmldcsxtxmqdqdrpsfrewoyidwc/Build/Products
    export PODS_CONFIGURATION_BUILD_DIR\=/Users/andrewallen/Library/Developer/Xcode/DerivedData/Trivial-glmldcsxtxmqdqdrpsfrewoyidwc/Build/Products/Debug-iphonesimulator
    export PODS_DEVELOPMENT_LANGUAGE\=en
    export PODS_ROOT\=/Users/andrewallen/Desktop/swift_projects/Trivial/Pods
    export PODS_TARGET_SRCROOT\=/Users/andrewallen/Desktop/swift_projects/Trivial/Pods/MyScriptInteractiveInk-Runtime
    export PODS_XCFRAMEWORKS_BUILD_DIR\=/Users/andrewallen/Library/Developer/Xcode/DerivedData/Trivial-glmldcsxtxmqdqdrpsfrewoyidwc/Build/Products/Debug-iphonesimulator/XCFrameworkIntermediates
    export PRECOMPS_INCLUDE_HEADERS_FROM_BUILT_PRODUCTS_DIR\=YES
    export PRECOMP_DESTINATION_DIR\=/Users/andrewallen/Library/Developer/Xcode/DerivedData/Trivial-glmldcsxtxmqdqdrpsfrewoyidwc/Build/Intermediates.noindex/Pods.build/Debug-iphonesimulator/MyScriptInteractiveInk-Runtime.build/PrefixHeaders
    export PROCESSED_INFOPLIST_PATH\=/Users/andrewallen/Library/Developer/Xcode/DerivedData/Trivial-glmldcsxtxmqdqdrpsfrewoyidwc/Build/Intermediates.noindex/Pods.build/Debug-iphonesimulator/MyScriptInteractiveInk-Runtime.build/Objects-normal/undefined_arch/Processed-Info.plist
    export PRODUCT_BUNDLE_IDENTIFIER\=org.cocoapods.MyScriptInteractiveInk-Runtime
    export PRODUCT_MODULE_NAME\=MyScriptInteractiveInk_Runtime
    export PRODUCT_NAME\=MyScriptInteractiveInk-Runtime
    export PRODUCT_SETTINGS_PATH\=
    export PRODUCT_TYPE\=com.apple.product-type.library.static
    export PROFILING_CODE\=NO
    export PROJECT\=Pods
    export PROJECT_DERIVED_FILE_DIR\=/Users/andrewallen/Library/Developer/Xcode/DerivedData/Trivial-glmldcsxtxmqdqdrpsfrewoyidwc/Build/Intermediates.noindex/Pods.build/DerivedSources
    export PROJECT_DIR\=/Users/andrewallen/Desktop/swift_projects/Trivial/Pods
    export PROJECT_FILE_PATH\=/Users/andrewallen/Desktop/swift_projects/Trivial/Pods/Pods.xcodeproj
    export PROJECT_GUID\=8699adb1dd336b26511df848a716bd42
    export PROJECT_NAME\=Pods
    export PROJECT_TEMP_DIR\=/Users/andrewallen/Library/Developer/Xcode/DerivedData/Trivial-glmldcsxtxmqdqdrpsfrewoyidwc/Build/Intermediates.noindex/Pods.build
    export PROJECT_TEMP_ROOT\=/Users/andrewallen/Library/Developer/Xcode/DerivedData/Trivial-glmldcsxtxmqdqdrpsfrewoyidwc/Build/Intermediates.noindex
    export RECOMMENDED_IPHONEOS_DEPLOYMENT_TARGET\=15.0
    export RECURSIVE_SEARCH_PATHS_FOLLOW_SYMLINKS\=YES
    export REMOVE_CVS_FROM_RESOURCES\=YES
    export REMOVE_GIT_FROM_RESOURCES\=YES
    export REMOVE_HEADERS_FROM_EMBEDDED_BUNDLES\=YES
    export REMOVE_HG_FROM_RESOURCES\=YES
    export REMOVE_STATIC_EXECUTABLES_FROM_EMBEDDED_BUNDLES\=YES
    export REMOVE_SVN_FROM_RESOURCES\=YES
    export RESCHEDULE_INDEPENDENT_HEADERS_PHASES\=YES
    export REZ_COLLECTOR_DIR\=/Users/andrewallen/Library/Developer/Xcode/DerivedData/Trivial-glmldcsxtxmqdqdrpsfrewoyidwc/Build/Intermediates.noindex/Pods.build/Debug-iphonesimulator/MyScriptInteractiveInk-Runtime.build/ResourceManagerResources
    export REZ_EXECUTABLE\=YES
    export REZ_OBJECTS_DIR\=/Users/andrewallen/Library/Developer/Xcode/DerivedData/Trivial-glmldcsxtxmqdqdrpsfrewoyidwc/Build/Intermediates.noindex/Pods.build/Debug-iphonesimulator/MyScriptInteractiveInk-Runtime.build/ResourceManagerResources/Objects
    export REZ_SEARCH_PATHS\=/Users/andrewallen/Library/Developer/Xcode/DerivedData/Trivial-glmldcsxtxmqdqdrpsfrewoyidwc/Build/Products/Debug-iphonesimulator/MyScriptInteractiveInk-Runtime\ 
    export RUNTIME_EXCEPTION_ALLOW_DYLD_ENVIRONMENT_VARIABLES\=NO
    export RUNTIME_EXCEPTION_ALLOW_JIT\=NO
    export RUNTIME_EXCEPTION_ALLOW_UNSIGNED_EXECUTABLE_MEMORY\=NO
    export RUNTIME_EXCEPTION_DEBUGGING_TOOL\=NO
    export RUNTIME_EXCEPTION_DISABLE_EXECUTABLE_PAGE_PROTECTION\=NO
    export RUNTIME_EXCEPTION_DISABLE_LIBRARY_VALIDATION\=NO
    export SCAN_ALL_SOURCE_FILES_FOR_INCLUDES\=NO
    export SCRIPT_INPUT_FILE_0\=/Users/andrewallen/Library/Developer/Xcode/DerivedData/Trivial-glmldcsxtxmqdqdrpsfrewoyidwc/Build/Intermediates.noindex/Pods.build/Debug-iphonesimulator/MyScriptInteractiveInk-Runtime.build/DerivedSources/MyScriptInteractiveInk_Runtime-Swift.h
    export SCRIPT_INPUT_FILE_1\=/Users/andrewallen/Desktop/swift_projects/Trivial/Pods/Headers/Public/MyScriptInteractiveInk_Runtime/MyScriptInteractiveInk-Runtime.modulemap
    export SCRIPT_INPUT_FILE_2\=/Users/andrewallen/Desktop/swift_projects/Trivial/Pods/Headers/Public/MyScriptInteractiveInk_Runtime/MyScriptInteractiveInk-Runtime-umbrella.h
    export SCRIPT_INPUT_FILE_COUNT\=3
    export SCRIPT_INPUT_FILE_LIST_COUNT\=0
    export SCRIPT_OUTPUT_FILE_0\=/Users/andrewallen/Library/Developer/Xcode/DerivedData/Trivial-glmldcsxtxmqdqdrpsfrewoyidwc/Build/Products/Debug-iphonesimulator/MyScriptInteractiveInk-Runtime/MyScriptInteractiveInk_Runtime.modulemap
    export SCRIPT_OUTPUT_FILE_1\=/Users/andrewallen/Library/Developer/Xcode/DerivedData/Trivial-glmldcsxtxmqdqdrpsfrewoyidwc/Build/Products/Debug-iphonesimulator/MyScriptInteractiveInk-Runtime/MyScriptInteractiveInk-Runtime-umbrella.h
    export SCRIPT_OUTPUT_FILE_2\=/Users/andrewallen/Library/Developer/Xcode/DerivedData/Trivial-glmldcsxtxmqdqdrpsfrewoyidwc/Build/Products/Debug-iphonesimulator/MyScriptInteractiveInk-Runtime/Swift\ Compatibility\ Header/MyScriptInteractiveInk_Runtime-Swift.h
    export SCRIPT_OUTPUT_FILE_COUNT\=3
    export SCRIPT_OUTPUT_FILE_LIST_COUNT\=0
    export SDKROOT\=/Applications/Xcode.app/Contents/Developer/Platforms/iPhoneSimulator.platform/Developer/SDKs/iPhoneSimulator26.2.sdk
    export SDK_DIR\=/Applications/Xcode.app/Contents/Developer/Platforms/iPhoneSimulator.platform/Developer/SDKs/iPhoneSimulator26.2.sdk
    export SDK_DIR_iphonesimulator\=/Applications/Xcode.app/Contents/Developer/Platforms/iPhoneSimulator.platform/Developer/SDKs/iPhoneSimulator26.2.sdk
    export SDK_DIR_iphonesimulator26_2\=/Applications/Xcode.app/Contents/Developer/Platforms/iPhoneSimulator.platform/Developer/SDKs/iPhoneSimulator26.2.sdk
    export SDK_NAME\=iphonesimulator26.2
    export SDK_NAMES\=iphonesimulator26.2
    export SDK_PRODUCT_BUILD_VERSION\=23C53
    export SDK_STAT_CACHE_DIR\=/Users/andrewallen/Library/Developer/Xcode/DerivedData
    export SDK_STAT_CACHE_ENABLE\=YES
    export SDK_STAT_CACHE_PATH\=/Users/andrewallen/Library/Developer/Xcode/DerivedData/SDKStatCaches.noindex/iphonesimulator26.2-23C53-7d00a8b37fbd7999ea79df8ebc024bf0.sdkstatcache
    export SDK_VERSION\=26.2
    export SDK_VERSION_ACTUAL\=260200
    export SDK_VERSION_MAJOR\=260000
    export SDK_VERSION_MINOR\=260200
    export SED\=/usr/bin/sed
    export SEPARATE_STRIP\=NO
    export SEPARATE_SYMBOL_EDIT\=NO
    export SET_DIR_MODE_OWNER_GROUP\=YES
    export SET_FILE_MODE_OWNER_GROUP\=NO
    export SHALLOW_BUNDLE\=NO
    export SHARED_DERIVED_FILE_DIR\=/Users/andrewallen/Library/Developer/Xcode/DerivedData/Trivial-glmldcsxtxmqdqdrpsfrewoyidwc/Build/Products/Debug-iphonesimulator/MyScriptInteractiveInk-Runtime/DerivedSources
    export SHARED_PRECOMPS_DIR\=/Users/andrewallen/Library/Developer/Xcode/DerivedData/Trivial-glmldcsxtxmqdqdrpsfrewoyidwc/Build/Intermediates.noindex/PrecompiledHeaders
    export SKIP_INSTALL\=YES
    export SOURCE_ROOT\=/Users/andrewallen/Desktop/swift_projects/Trivial/Pods
    export SRCROOT\=/Users/andrewallen/Desktop/swift_projects/Trivial/Pods
    export STRINGSDATA_DIR\=/Users/andrewallen/Library/Developer/Xcode/DerivedData/Trivial-glmldcsxtxmqdqdrpsfrewoyidwc/Build/Intermediates.noindex/Pods.build/Debug-iphonesimulator/MyScriptInteractiveInk-Runtime.build/Objects-normal/undefined_arch
    export STRINGSDATA_ROOT\=/Users/andrewallen/Library/Developer/Xcode/DerivedData/Trivial-glmldcsxtxmqdqdrpsfrewoyidwc/Build/Intermediates.noindex/Pods.build/Debug-iphonesimulator/MyScriptInteractiveInk-Runtime.build
    export STRINGS_FILE_INFOPLIST_RENAME\=YES
    export STRINGS_FILE_OUTPUT_ENCODING\=binary
    export STRING_CATALOG_GENERATE_SYMBOLS\=NO
    export STRIP_BITCODE_FROM_COPIED_FILES\=NO
    export STRIP_INSTALLED_PRODUCT\=NO
    export STRIP_STYLE\=debugging
    export STRIP_SWIFT_SYMBOLS\=YES
    export SUPPORTED_DEVICE_FAMILIES\=1,2
    export SUPPORTED_PLATFORMS\=iphoneos\ iphonesimulator
    export SUPPORTS_TEXT_BASED_API\=NO
    export SUPPRESS_WARNINGS\=NO
    export SWIFT_ACTIVE_COMPILATION_CONDITIONS\=DEBUG\ 
    export SWIFT_EMIT_CONST_VALUE_PROTOCOLS\=AppIntent\ EntityQuery\ AppEntity\ TransientEntity\ AppEnum\ AppShortcutProviding\ AppShortcutsProvider\ AnyResolverProviding\ AppIntentsPackage\ DynamicOptionsProvider\ _IntentValueRepresentable\ _AssistantIntentsProvider\ _GenerativeFunctionExtractable\ IntentValueQuery\ Resolver\ AppExtension\ ExtensionPointDefining
    export SWIFT_EMIT_LOC_STRINGS\=NO
    export SWIFT_ENABLE_EXPLICIT_MODULES\=YES
    export SWIFT_INSTALL_OBJC_HEADER\=YES
    export SWIFT_OPTIMIZATION_LEVEL\=-Onone
    export SWIFT_PLATFORM_TARGET_PREFIX\=ios
    export SWIFT_RESPONSE_FILE_PATH_normal_arm64\=/Users/andrewallen/Library/Developer/Xcode/DerivedData/Trivial-glmldcsxtxmqdqdrpsfrewoyidwc/Build/Intermediates.noindex/Pods.build/Debug-iphonesimulator/MyScriptInteractiveInk-Runtime.build/Objects-normal/arm64/MyScriptInteractiveInk-Runtime.SwiftFileList
    export SWIFT_VERSION\=5.0
    export SYMROOT\=/Users/andrewallen/Library/Developer/Xcode/DerivedData/Trivial-glmldcsxtxmqdqdrpsfrewoyidwc/Build/Products
    export SYSTEM_ADMIN_APPS_DIR\=/Applications/Utilities
    export SYSTEM_APPS_DIR\=/Applications
    export SYSTEM_CORE_SERVICES_DIR\=/System/Library/CoreServices
    export SYSTEM_DEMOS_DIR\=/Applications/Extras
    export SYSTEM_DEVELOPER_APPS_DIR\=/Applications/Xcode.app/Contents/Developer/Applications
    export SYSTEM_DEVELOPER_BIN_DIR\=/Applications/Xcode.app/Contents/Developer/usr/bin
    export SYSTEM_DEVELOPER_DEMOS_DIR\=/Applications/Xcode.app/Contents/Developer/Applications/Utilities/Built\ Examples
    export SYSTEM_DEVELOPER_DIR\=/Applications/Xcode.app/Contents/Developer
    export SYSTEM_DEVELOPER_DOC_DIR\=/Applications/Xcode.app/Contents/Developer/ADC\ Reference\ Library
    export SYSTEM_DEVELOPER_GRAPHICS_TOOLS_DIR\=/Applications/Xcode.app/Contents/Developer/Applications/Graphics\ Tools
    export SYSTEM_DEVELOPER_JAVA_TOOLS_DIR\=/Applications/Xcode.app/Contents/Developer/Applications/Java\ Tools
    export SYSTEM_DEVELOPER_PERFORMANCE_TOOLS_DIR\=/Applications/Xcode.app/Contents/Developer/Applications/Performance\ Tools
    export SYSTEM_DEVELOPER_RELEASENOTES_DIR\=/Applications/Xcode.app/Contents/Developer/ADC\ Reference\ Library/releasenotes
    export SYSTEM_DEVELOPER_TOOLS\=/Applications/Xcode.app/Contents/Developer/Tools
    export SYSTEM_DEVELOPER_TOOLS_DOC_DIR\=/Applications/Xcode.app/Contents/Developer/ADC\ Reference\ Library/documentation/DeveloperTools
    export SYSTEM_DEVELOPER_TOOLS_RELEASENOTES_DIR\=/Applications/Xcode.app/Contents/Developer/ADC\ Reference\ Library/releasenotes/DeveloperTools
    export SYSTEM_DEVELOPER_USR_DIR\=/Applications/Xcode.app/Contents/Developer/usr
    export SYSTEM_DEVELOPER_UTILITIES_DIR\=/Applications/Xcode.app/Contents/Developer/Applications/Utilities
    export SYSTEM_DEXT_INSTALL_PATH\=/System/Library/DriverExtensions
    export SYSTEM_DOCUMENTATION_DIR\=/Library/Documentation
    export SYSTEM_KEXT_INSTALL_PATH\=/System/Library/Extensions
    export SYSTEM_LIBRARY_DIR\=/System/Library
    export TAPI_DEMANGLE\=YES
    export TAPI_ENABLE_PROJECT_HEADERS\=NO
    export TAPI_LANGUAGE\=objective-c
    export TAPI_LANGUAGE_STANDARD\=compiler-default
    export TAPI_USE_SRCROOT\=YES
    export TAPI_VERIFY_MODE\=Pedantic
    export TARGETED_DEVICE_FAMILY\=1,2
    export TARGETNAME\=MyScriptInteractiveInk-Runtime
    export TARGET_BUILD_DIR\=/Users/andrewallen/Library/Developer/Xcode/DerivedData/Trivial-glmldcsxtxmqdqdrpsfrewoyidwc/Build/Products/Debug-iphonesimulator/MyScriptInteractiveInk-Runtime
    export TARGET_DEVICE_IDENTIFIER\=2A25CDA1-7B8C-4F56-B401-D08FEACCA691
    export TARGET_DEVICE_MODEL\=iPad15,7
    export TARGET_DEVICE_OS_VERSION\=26.2
    export TARGET_DEVICE_PLATFORM_NAME\=iphonesimulator
    export TARGET_NAME\=MyScriptInteractiveInk-Runtime
    export TARGET_TEMP_DIR\=/Users/andrewallen/Library/Developer/Xcode/DerivedData/Trivial-glmldcsxtxmqdqdrpsfrewoyidwc/Build/Intermediates.noindex/Pods.build/Debug-iphonesimulator/MyScriptInteractiveInk-Runtime.build
    export TEMP_DIR\=/Users/andrewallen/Library/Developer/Xcode/DerivedData/Trivial-glmldcsxtxmqdqdrpsfrewoyidwc/Build/Intermediates.noindex/Pods.build/Debug-iphonesimulator/MyScriptInteractiveInk-Runtime.build
    export TEMP_FILES_DIR\=/Users/andrewallen/Library/Developer/Xcode/DerivedData/Trivial-glmldcsxtxmqdqdrpsfrewoyidwc/Build/Intermediates.noindex/Pods.build/Debug-iphonesimulator/MyScriptInteractiveInk-Runtime.build
    export TEMP_FILE_DIR\=/Users/andrewallen/Library/Developer/Xcode/DerivedData/Trivial-glmldcsxtxmqdqdrpsfrewoyidwc/Build/Intermediates.noindex/Pods.build/Debug-iphonesimulator/MyScriptInteractiveInk-Runtime.build
    export TEMP_ROOT\=/Users/andrewallen/Library/Developer/Xcode/DerivedData/Trivial-glmldcsxtxmqdqdrpsfrewoyidwc/Build/Intermediates.noindex
    export TEMP_SANDBOX_DIR\=/Users/andrewallen/Library/Developer/Xcode/DerivedData/Trivial-glmldcsxtxmqdqdrpsfrewoyidwc/Build/Intermediates.noindex/TemporaryTaskSandboxes
    export TEST_FRAMEWORK_SEARCH_PATHS\=\ /Applications/Xcode.app/Contents/Developer/Platforms/iPhoneSimulator.platform/Developer/Library/Frameworks\ /Applications/Xcode.app/Contents/Developer/Platforms/iPhoneSimulator.platform/Developer/SDKs/iPhoneSimulator26.2.sdk/Developer/Library/Frameworks
    export TEST_LIBRARY_SEARCH_PATHS\=\ /Applications/Xcode.app/Contents/Developer/Platforms/iPhoneSimulator.platform/Developer/usr/lib
    export TOOLCHAINS\=com.apple.dt.toolchain.XcodeDefault
    export TOOLCHAIN_DIR\=/Applications/Xcode.app/Contents/Developer/Toolchains/XcodeDefault.xctoolchain
    export TREAT_MISSING_BASELINES_AS_TEST_FAILURES\=NO
    export TREAT_MISSING_SCRIPT_PHASE_OUTPUTS_AS_ERRORS\=NO
    export UID\=501
    export UNINSTALLED_PRODUCTS_DIR\=/Users/andrewallen/Library/Developer/Xcode/DerivedData/Trivial-glmldcsxtxmqdqdrpsfrewoyidwc/Build/Intermediates.noindex/UninstalledProducts
    export UNSTRIPPED_PRODUCT\=NO
    export USER\=andrewallen
    export USER_APPS_DIR\=/Users/andrewallen/Applications
    export USER_LIBRARY_DIR\=/Users/andrewallen/Library
    export USE_DYNAMIC_NO_PIC\=YES
    export USE_HEADERMAP\=YES
    export USE_HEADER_SYMLINKS\=NO
    export USE_RECURSIVE_SCRIPT_INPUTS_IN_SCRIPT_PHASES\=YES
    export VALIDATE_DEVELOPMENT_ASSET_PATHS\=YES_ERROR
    export VALIDATE_PRODUCT\=NO
    export VALID_ARCHS\=arm64\ x86_64
    export VERBOSE_PBXCP\=NO
    export VERSION_INFO_BUILDER\=andrewallen
    export VERSION_INFO_FILE\=MyScriptInteractiveInk-Runtime_vers.c
    export VERSION_INFO_STRING\=\"@\(\#\)PROGRAM:MyScriptInteractiveInk-Runtime\ \ PROJECT:Pods-\"
    export WORKSPACE_DIR\=/Users/andrewallen/Desktop/swift_projects/Trivial
    export WRAP_ASSET_PACKS_IN_SEPARATE_DIRECTORIES\=NO
    export XCODE_APP_SUPPORT_DIR\=/Applications/Xcode.app/Contents/Developer/Library/Xcode
    export XCODE_PRODUCT_BUILD_VERSION\=17C52
    export XCODE_VERSION_ACTUAL\=2620
    export XCODE_VERSION_MAJOR\=2600
    export XCODE_VERSION_MINOR\=2620
    export XPCSERVICES_FOLDER_PATH\=/XPCServices
    export YACC\=yacc
    export _DISCOVER_COMMAND_LINE_LINKER_INPUTS\=YES
    export _DISCOVER_COMMAND_LINE_LINKER_INPUTS_INCLUDE_WL\=YES
    export _LD_MULTIARCH\=YES
    export __DIAGNOSE_DEPRECATED_ARCHS\=YES
    export arch\=undefined_arch
    export variant\=normal
    /bin/sh -c /Users/andrewallen/Library/Developer/Xcode/DerivedData/Trivial-glmldcsxtxmqdqdrpsfrewoyidwc/Build/Intermediates.noindex/Pods.build/Debug-iphonesimulator/MyScriptInteractiveInk-Runtime.build/Script-4A7B4ECFEDB50C2F025F224FD29FFEA9.sh

ExtractAppIntentsMetadata (in target 'MyScriptInteractiveInk-Runtime' from project 'Pods')
    cd /Users/andrewallen/Desktop/swift_projects/Trivial/Pods
    /Applications/Xcode.app/Contents/Developer/Toolchains/XcodeDefault.xctoolchain/usr/bin/appintentsmetadataprocessor --toolchain-dir /Applications/Xcode.app/Contents/Developer/Toolchains/XcodeDefault.xctoolchain --module-name MyScriptInteractiveInk_Runtime --sdk-root /Applications/Xcode.app/Contents/Developer/Platforms/iPhoneSimulator.platform/Developer/SDKs/iPhoneSimulator26.2.sdk --xcode-version 17C52 --platform-family iOS --deployment-target 13.0 --bundle-identifier org.cocoapods.MyScriptInteractiveInk-Runtime --output /Users/andrewallen/Library/Developer/Xcode/DerivedData/Trivial-glmldcsxtxmqdqdrpsfrewoyidwc/Build/Products/Debug-iphonesimulator/MyScriptInteractiveInk-Runtime/MyScriptInteractiveInk_Runtime.appintents --target-triple arm64-apple-ios13.0-simulator --binary-file /Users/andrewallen/Library/Developer/Xcode/DerivedData/Trivial-glmldcsxtxmqdqdrpsfrewoyidwc/Build/Products/Debug-iphonesimulator/MyScriptInteractiveInk-Runtime/libMyScriptInteractiveInk-Runtime.a --dependency-file /Users/andrewallen/Library/Developer/Xcode/DerivedData/Trivial-glmldcsxtxmqdqdrpsfrewoyidwc/Build/Intermediates.noindex/Pods.build/Debug-iphonesimulator/MyScriptInteractiveInk-Runtime.build/Objects-normal/arm64/MyScriptInteractiveInk-Runtime_libtool_dependency_info.dat --stringsdata-file /Users/andrewallen/Library/Developer/Xcode/DerivedData/Trivial-glmldcsxtxmqdqdrpsfrewoyidwc/Build/Intermediates.noindex/Pods.build/Debug-iphonesimulator/MyScriptInteractiveInk-Runtime.build/Objects-normal/arm64/ExtractedAppShortcutsMetadata.stringsdata --source-file-list /Users/andrewallen/Library/Developer/Xcode/DerivedData/Trivial-glmldcsxtxmqdqdrpsfrewoyidwc/Build/Intermediates.noindex/Pods.build/Debug-iphonesimulator/MyScriptInteractiveInk-Runtime.build/Objects-normal/arm64/MyScriptInteractiveInk-Runtime.SwiftFileList --metadata-file-list /Users/andrewallen/Library/Developer/Xcode/DerivedData/Trivial-glmldcsxtxmqdqdrpsfrewoyidwc/Build/Intermediates.noindex/Pods.build/Debug-iphonesimulator/MyScriptInteractiveInk-Runtime.build/MyScriptInteractiveInk-Runtime.DependencyMetadataFileList --static-metadata-file-list /Users/andrewallen/Library/Developer/Xcode/DerivedData/Trivial-glmldcsxtxmqdqdrpsfrewoyidwc/Build/Intermediates.noindex/Pods.build/Debug-iphonesimulator/MyScriptInteractiveInk-Runtime.build/MyScriptInteractiveInk-Runtime.DependencyStaticMetadataFileList --swift-const-vals-list /Users/andrewallen/Library/Developer/Xcode/DerivedData/Trivial-glmldcsxtxmqdqdrpsfrewoyidwc/Build/Intermediates.noindex/Pods.build/Debug-iphonesimulator/MyScriptInteractiveInk-Runtime.build/Objects-normal/arm64/MyScriptInteractiveInk-Runtime.SwiftConstValuesFileList --force --compile-time-extraction --deployment-aware-processing --validate-assistant-intents --no-app-shortcuts-localization
2025-12-22 11:02:24.447 appintentsmetadataprocessor[76927:4509115] Starting appintentsmetadataprocessor export
2025-12-22 11:02:24.596 appintentsmetadataprocessor[76927:4509115] Extracted no relevant App Intents symbols, skipping writing output

ProcessProductPackaging "" /Users/andrewallen/Library/Developer/Xcode/DerivedData/Trivial-glmldcsxtxmqdqdrpsfrewoyidwc/Build/Intermediates.noindex/Trivial.build/Debug-iphonesimulator/Trivial.build/Trivial.app-Simulated.xcent (in target 'Trivial' from project 'Trivial')
    cd /Users/andrewallen/Desktop/swift_projects/Trivial
    
    Entitlements:
    
    {
    "application-identifier" = "FAKETEAMID.me.andy.allen.Trivial";
}
    
    builtin-productPackagingUtility -entitlements -format xml -o /Users/andrewallen/Library/Developer/Xcode/DerivedData/Trivial-glmldcsxtxmqdqdrpsfrewoyidwc/Build/Intermediates.noindex/Trivial.build/Debug-iphonesimulator/Trivial.build/Trivial.app-Simulated.xcent

ScanDependencies /Users/andrewallen/Library/Developer/Xcode/DerivedData/Trivial-glmldcsxtxmqdqdrpsfrewoyidwc/Build/Intermediates.noindex/Pods.build/Debug-iphonesimulator/Pods-Trivial.build/Objects-normal/arm64/Pods-Trivial-dummy.o /Users/andrewallen/Desktop/swift_projects/Trivial/Pods/Target\ Support\ Files/Pods-Trivial/Pods-Trivial-dummy.m normal arm64 objective-c com.apple.compilers.llvm.clang.1_0.compiler (in target 'Pods-Trivial' from project 'Pods')
    cd /Users/andrewallen/Desktop/swift_projects/Trivial/Pods
    
    Using response file: /Users/andrewallen/Library/Developer/Xcode/DerivedData/Trivial-glmldcsxtxmqdqdrpsfrewoyidwc/Build/Intermediates.noindex/Pods.build/Debug-iphonesimulator/Pods-Trivial.build/Objects-normal/arm64/e6072d4f65d7061329687fe24e3d63a7-common-args.resp
    
    builtin-ScanDependencies -o /Users/andrewallen/Library/Developer/Xcode/DerivedData/Trivial-glmldcsxtxmqdqdrpsfrewoyidwc/Build/Intermediates.noindex/Pods.build/Debug-iphonesimulator/Pods-Trivial.build/Objects-normal/arm64/Pods-Trivial-dummy.o.scan -- /Applications/Xcode.app/Contents/Developer/Toolchains/XcodeDefault.xctoolchain/usr/bin/clang -x objective-c -ivfsstatcache /Users/andrewallen/Library/Developer/Xcode/DerivedData/SDKStatCaches.noindex/iphonesimulator26.2-23C53-7d00a8b37fbd7999ea79df8ebc024bf0.sdkstatcache -fmessage-length\=0 -fdiagnostics-show-note-include-stack -fmacro-backtrace-limit\=0 -fno-color-diagnostics -fmodules-prune-interval\=86400 -fmodules-prune-after\=345600 -fbuild-session-file\=/Users/andrewallen/Library/Developer/Xcode/DerivedData/ModuleCache.noindex/Session.modulevalidation -fmodules-validate-once-per-build-session -Wnon-modular-include-in-framework-module -Werror\=non-modular-include-in-framework-module -Wno-trigraphs -Wno-missing-field-initializers -Wno-missing-prototypes -Werror\=return-type -Wdocumentation -Wunreachable-code -Wno-implicit-atomic-properties -Werror\=deprecated-objc-isa-usage -Wno-objc-interface-ivars -Werror\=objc-root-class -Wno-arc-repeated-use-of-weak -Wimplicit-retain-self -Wduplicate-method-match -Wno-missing-braces -Wparentheses -Wswitch -Wunused-function -Wno-unused-label -Wno-unused-parameter -Wunused-variable -Wunused-value -Wempty-body -Wuninitialized -Wconditional-uninitialized -Wno-unknown-pragmas -Wno-shadow -Wno-four-char-constants -Wno-conversion -Wconstant-conversion -Wint-conversion -Wbool-conversion -Wenum-conversion -Wno-float-conversion -Wnon-literal-null-conversion -Wobjc-literal-conversion -Wshorten-64-to-32 -Wpointer-sign -Wno-newline-eof -Wno-selector -Wno-strict-selector-match -Wundeclared-selector -Wdeprecated-implementations -Wno-implicit-fallthrough -fstrict-aliasing -Wprotocol -Wdeprecated-declarations -Wno-sign-conversion -Winfinite-recursion -Wcomma -Wblock-capture-autoreleasing -Wstrict-prototypes -Wno-semicolon-before-method-body -Wunguarded-availability -index-store-path /Users/andrewallen/Library/Developer/Xcode/DerivedData/Trivial-glmldcsxtxmqdqdrpsfrewoyidwc/Index.noindex/DataStore @/Users/andrewallen/Library/Developer/Xcode/DerivedData/Trivial-glmldcsxtxmqdqdrpsfrewoyidwc/Build/Intermediates.noindex/Pods.build/Debug-iphonesimulator/Pods-Trivial.build/Objects-normal/arm64/e6072d4f65d7061329687fe24e3d63a7-common-args.resp -MMD -MT dependencies -MF /Users/andrewallen/Library/Developer/Xcode/DerivedData/Trivial-glmldcsxtxmqdqdrpsfrewoyidwc/Build/Intermediates.noindex/Pods.build/Debug-iphonesimulator/Pods-Trivial.build/Objects-normal/arm64/Pods-Trivial-dummy.d --serialize-diagnostics /Users/andrewallen/Library/Developer/Xcode/DerivedData/Trivial-glmldcsxtxmqdqdrpsfrewoyidwc/Build/Intermediates.noindex/Pods.build/Debug-iphonesimulator/Pods-Trivial.build/Objects-normal/arm64/Pods-Trivial-dummy.dia -c /Users/andrewallen/Desktop/swift_projects/Trivial/Pods/Target\ Support\ Files/Pods-Trivial/Pods-Trivial-dummy.m -o /Users/andrewallen/Library/Developer/Xcode/DerivedData/Trivial-glmldcsxtxmqdqdrpsfrewoyidwc/Build/Intermediates.noindex/Pods.build/Debug-iphonesimulator/Pods-Trivial.build/Objects-normal/arm64/Pods-Trivial-dummy.o -index-unit-output-path /Pods.build/Debug-iphonesimulator/Pods-Trivial.build/Objects-normal/arm64/Pods-Trivial-dummy.o

ProcessProductPackagingDER /Users/andrewallen/Library/Developer/Xcode/DerivedData/Trivial-glmldcsxtxmqdqdrpsfrewoyidwc/Build/Intermediates.noindex/Trivial.build/Debug-iphonesimulator/Trivial.build/Trivial.app-Simulated.xcent /Users/andrewallen/Library/Developer/Xcode/DerivedData/Trivial-glmldcsxtxmqdqdrpsfrewoyidwc/Build/Intermediates.noindex/Trivial.build/Debug-iphonesimulator/Trivial.build/Trivial.app-Simulated.xcent.der (in target 'Trivial' from project 'Trivial')
    cd /Users/andrewallen/Desktop/swift_projects/Trivial
    /usr/bin/derq query -f xml -i /Users/andrewallen/Library/Developer/Xcode/DerivedData/Trivial-glmldcsxtxmqdqdrpsfrewoyidwc/Build/Intermediates.noindex/Trivial.build/Debug-iphonesimulator/Trivial.build/Trivial.app-Simulated.xcent -o /Users/andrewallen/Library/Developer/Xcode/DerivedData/Trivial-glmldcsxtxmqdqdrpsfrewoyidwc/Build/Intermediates.noindex/Trivial.build/Debug-iphonesimulator/Trivial.build/Trivial.app-Simulated.xcent.der --raw

MkDir /Users/andrewallen/Library/Developer/Xcode/DerivedData/Trivial-glmldcsxtxmqdqdrpsfrewoyidwc/Build/Intermediates.noindex/Trivial.build/Debug-iphonesimulator/Trivial.build/assetcatalog_output/thinned (in target 'Trivial' from project 'Trivial')
    cd /Users/andrewallen/Desktop/swift_projects/Trivial
    /bin/mkdir -p /Users/andrewallen/Library/Developer/Xcode/DerivedData/Trivial-glmldcsxtxmqdqdrpsfrewoyidwc/Build/Intermediates.noindex/Trivial.build/Debug-iphonesimulator/Trivial.build/assetcatalog_output/thinned

MkDir /Users/andrewallen/Library/Developer/Xcode/DerivedData/Trivial-glmldcsxtxmqdqdrpsfrewoyidwc/Build/Intermediates.noindex/Trivial.build/Debug-iphonesimulator/Trivial.build/assetcatalog_output/unthinned (in target 'Trivial' from project 'Trivial')
    cd /Users/andrewallen/Desktop/swift_projects/Trivial
    /bin/mkdir -p /Users/andrewallen/Library/Developer/Xcode/DerivedData/Trivial-glmldcsxtxmqdqdrpsfrewoyidwc/Build/Intermediates.noindex/Trivial.build/Debug-iphonesimulator/Trivial.build/assetcatalog_output/unthinned

GenerateAssetSymbols /Users/andrewallen/Desktop/swift_projects/Trivial/Trivial/Assets.xcassets (in target 'Trivial' from project 'Trivial')
    cd /Users/andrewallen/Desktop/swift_projects/Trivial
    /Applications/Xcode.app/Contents/Developer/usr/bin/actool /Users/andrewallen/Desktop/swift_projects/Trivial/Trivial/Assets.xcassets --compile /Users/andrewallen/Library/Developer/Xcode/DerivedData/Trivial-glmldcsxtxmqdqdrpsfrewoyidwc/Build/Products/Debug-iphonesimulator/Trivial.app --output-format human-readable-text --notices --warnings --export-dependency-info /Users/andrewallen/Library/Developer/Xcode/DerivedData/Trivial-glmldcsxtxmqdqdrpsfrewoyidwc/Build/Intermediates.noindex/Trivial.build/Debug-iphonesimulator/Trivial.build/assetcatalog_dependencies --output-partial-info-plist /Users/andrewallen/Library/Developer/Xcode/DerivedData/Trivial-glmldcsxtxmqdqdrpsfrewoyidwc/Build/Intermediates.noindex/Trivial.build/Debug-iphonesimulator/Trivial.build/assetcatalog_generated_info.plist --app-icon AppIcon --accent-color AccentColor --compress-pngs --enable-on-demand-resources YES --development-region en --target-device iphone --target-device ipad --minimum-deployment-target 26.2 --platform iphonesimulator --bundle-identifier me.andy.allen.Trivial --generate-swift-asset-symbols /Users/andrewallen/Library/Developer/Xcode/DerivedData/Trivial-glmldcsxtxmqdqdrpsfrewoyidwc/Build/Intermediates.noindex/Trivial.build/Debug-iphonesimulator/Trivial.build/DerivedSources/GeneratedAssetSymbols.swift --generate-objc-asset-symbols /Users/andrewallen/Library/Developer/Xcode/DerivedData/Trivial-glmldcsxtxmqdqdrpsfrewoyidwc/Build/Intermediates.noindex/Trivial.build/Debug-iphonesimulator/Trivial.build/DerivedSources/GeneratedAssetSymbols.h --generate-asset-symbol-index /Users/andrewallen/Library/Developer/Xcode/DerivedData/Trivial-glmldcsxtxmqdqdrpsfrewoyidwc/Build/Intermediates.noindex/Trivial.build/Debug-iphonesimulator/Trivial.build/DerivedSources/GeneratedAssetSymbols-Index.plist
/* com.apple.actool.compilation-results */
/Users/andrewallen/Library/Developer/Xcode/DerivedData/Trivial-glmldcsxtxmqdqdrpsfrewoyidwc/Build/Intermediates.noindex/Trivial.build/Debug-iphonesimulator/Trivial.build/DerivedSources/GeneratedAssetSymbols-Index.plist
/Users/andrewallen/Library/Developer/Xcode/DerivedData/Trivial-glmldcsxtxmqdqdrpsfrewoyidwc/Build/Intermediates.noindex/Trivial.build/Debug-iphonesimulator/Trivial.build/DerivedSources/GeneratedAssetSymbols.h
/Users/andrewallen/Library/Developer/Xcode/DerivedData/Trivial-glmldcsxtxmqdqdrpsfrewoyidwc/Build/Intermediates.noindex/Trivial.build/Debug-iphonesimulator/Trivial.build/DerivedSources/GeneratedAssetSymbols.swift


CompileAssetCatalogVariant thinned /Users/andrewallen/Library/Developer/Xcode/DerivedData/Trivial-glmldcsxtxmqdqdrpsfrewoyidwc/Build/Products/Debug-iphonesimulator/Trivial.app /Users/andrewallen/Desktop/swift_projects/Trivial/Trivial/Assets.xcassets (in target 'Trivial' from project 'Trivial')
    cd /Users/andrewallen/Desktop/swift_projects/Trivial
    /Applications/Xcode.app/Contents/Developer/usr/bin/actool /Users/andrewallen/Desktop/swift_projects/Trivial/Trivial/Assets.xcassets --compile /Users/andrewallen/Library/Developer/Xcode/DerivedData/Trivial-glmldcsxtxmqdqdrpsfrewoyidwc/Build/Intermediates.noindex/Trivial.build/Debug-iphonesimulator/Trivial.build/assetcatalog_output/thinned --output-format human-readable-text --notices --warnings --export-dependency-info /Users/andrewallen/Library/Developer/Xcode/DerivedData/Trivial-glmldcsxtxmqdqdrpsfrewoyidwc/Build/Intermediates.noindex/Trivial.build/Debug-iphonesimulator/Trivial.build/assetcatalog_dependencies_thinned --output-partial-info-plist /Users/andrewallen/Library/Developer/Xcode/DerivedData/Trivial-glmldcsxtxmqdqdrpsfrewoyidwc/Build/Intermediates.noindex/Trivial.build/Debug-iphonesimulator/Trivial.build/assetcatalog_generated_info.plist_thinned --app-icon AppIcon --accent-color AccentColor --compress-pngs --enable-on-demand-resources YES --filter-for-thinning-device-configuration iPad15,7 --filter-for-device-os-version 26.2 --development-region en --target-device iphone --target-device ipad --minimum-deployment-target 26.2 --platform iphonesimulator
/* com.apple.actool.compilation-results */
/Users/andrewallen/Library/Developer/Xcode/DerivedData/Trivial-glmldcsxtxmqdqdrpsfrewoyidwc/Build/Intermediates.noindex/Trivial.build/Debug-iphonesimulator/Trivial.build/assetcatalog_generated_info.plist_thinned


PrecompileModule /Users/andrewallen/Library/Developer/Xcode/DerivedData/Trivial-glmldcsxtxmqdqdrpsfrewoyidwc/Build/Intermediates.noindex/ExplicitPrecompiledModules/_Builtin_float-21105B3DO0156TURFJ9V4MIK1.scan
    cd /
    builtin-precompileModule /Users/andrewallen/Library/Developer/Xcode/DerivedData/Trivial-glmldcsxtxmqdqdrpsfrewoyidwc/Build/Intermediates.noindex/ExplicitPrecompiledModules/_Builtin_float-21105B3DO0156TURFJ9V4MIK1.scan

PrecompileModule /Users/andrewallen/Library/Developer/Xcode/DerivedData/Trivial-glmldcsxtxmqdqdrpsfrewoyidwc/Build/Intermediates.noindex/ExplicitPrecompiledModules/_Builtin_stddef-D3X3UYQSBW2UAE00L1HELWVQ7.scan
    cd /
    builtin-precompileModule /Users/andrewallen/Library/Developer/Xcode/DerivedData/Trivial-glmldcsxtxmqdqdrpsfrewoyidwc/Build/Intermediates.noindex/ExplicitPrecompiledModules/_Builtin_stddef-D3X3UYQSBW2UAE00L1HELWVQ7.scan

PrecompileModule /Users/andrewallen/Library/Developer/Xcode/DerivedData/Trivial-glmldcsxtxmqdqdrpsfrewoyidwc/Build/Intermediates.noindex/ExplicitPrecompiledModules/_Builtin_stdarg-956BKGC2VJKAJR42PX1APPB8J.scan
    cd /
    builtin-precompileModule /Users/andrewallen/Library/Developer/Xcode/DerivedData/Trivial-glmldcsxtxmqdqdrpsfrewoyidwc/Build/Intermediates.noindex/ExplicitPrecompiledModules/_Builtin_stdarg-956BKGC2VJKAJR42PX1APPB8J.scan

PrecompileModule /Users/andrewallen/Library/Developer/Xcode/DerivedData/Trivial-glmldcsxtxmqdqdrpsfrewoyidwc/Build/Intermediates.noindex/ExplicitPrecompiledModules/ptrauth-98FAXXZBBMI8JR8SZQD2J3A86.scan
    cd /
    builtin-precompileModule /Users/andrewallen/Library/Developer/Xcode/DerivedData/Trivial-glmldcsxtxmqdqdrpsfrewoyidwc/Build/Intermediates.noindex/ExplicitPrecompiledModules/ptrauth-98FAXXZBBMI8JR8SZQD2J3A86.scan

PrecompileModule /Users/andrewallen/Library/Developer/Xcode/DerivedData/Trivial-glmldcsxtxmqdqdrpsfrewoyidwc/Build/Intermediates.noindex/ExplicitPrecompiledModules/_Builtin_stdbool-8722TTHYJ6IRQJXUDO5QUXGFI.scan
    cd /
    builtin-precompileModule /Users/andrewallen/Library/Developer/Xcode/DerivedData/Trivial-glmldcsxtxmqdqdrpsfrewoyidwc/Build/Intermediates.noindex/ExplicitPrecompiledModules/_Builtin_stdbool-8722TTHYJ6IRQJXUDO5QUXGFI.scan

PrecompileModule /Users/andrewallen/Library/Developer/Xcode/DerivedData/Trivial-glmldcsxtxmqdqdrpsfrewoyidwc/Build/Intermediates.noindex/ExplicitPrecompiledModules/ptrcheck-4BKBKJELBPPU6BS343PFIQY30.scan
    cd /
    builtin-precompileModule /Users/andrewallen/Library/Developer/Xcode/DerivedData/Trivial-glmldcsxtxmqdqdrpsfrewoyidwc/Build/Intermediates.noindex/ExplicitPrecompiledModules/ptrcheck-4BKBKJELBPPU6BS343PFIQY30.scan

PrecompileModule /Users/andrewallen/Library/Developer/Xcode/DerivedData/Trivial-glmldcsxtxmqdqdrpsfrewoyidwc/Build/Intermediates.noindex/ExplicitPrecompiledModules/_AvailabilityInternal-224T47F60VDNDVM75RLPYNDC6.scan
    cd /
    builtin-precompileModule /Users/andrewallen/Library/Developer/Xcode/DerivedData/Trivial-glmldcsxtxmqdqdrpsfrewoyidwc/Build/Intermediates.noindex/ExplicitPrecompiledModules/_AvailabilityInternal-224T47F60VDNDVM75RLPYNDC6.scan

LinkAssetCatalog /Users/andrewallen/Desktop/swift_projects/Trivial/Trivial/Assets.xcassets (in target 'Trivial' from project 'Trivial')
    cd /Users/andrewallen/Desktop/swift_projects/Trivial
    builtin-linkAssetCatalog --thinned /Users/andrewallen/Library/Developer/Xcode/DerivedData/Trivial-glmldcsxtxmqdqdrpsfrewoyidwc/Build/Intermediates.noindex/Trivial.build/Debug-iphonesimulator/Trivial.build/assetcatalog_output/thinned --thinned-dependencies /Users/andrewallen/Library/Developer/Xcode/DerivedData/Trivial-glmldcsxtxmqdqdrpsfrewoyidwc/Build/Intermediates.noindex/Trivial.build/Debug-iphonesimulator/Trivial.build/assetcatalog_dependencies_thinned --thinned-info-plist-content /Users/andrewallen/Library/Developer/Xcode/DerivedData/Trivial-glmldcsxtxmqdqdrpsfrewoyidwc/Build/Intermediates.noindex/Trivial.build/Debug-iphonesimulator/Trivial.build/assetcatalog_generated_info.plist_thinned --unthinned /Users/andrewallen/Library/Developer/Xcode/DerivedData/Trivial-glmldcsxtxmqdqdrpsfrewoyidwc/Build/Intermediates.noindex/Trivial.build/Debug-iphonesimulator/Trivial.build/assetcatalog_output/unthinned --unthinned-dependencies /Users/andrewallen/Library/Developer/Xcode/DerivedData/Trivial-glmldcsxtxmqdqdrpsfrewoyidwc/Build/Intermediates.noindex/Trivial.build/Debug-iphonesimulator/Trivial.build/assetcatalog_dependencies_unthinned --unthinned-info-plist-content /Users/andrewallen/Library/Developer/Xcode/DerivedData/Trivial-glmldcsxtxmqdqdrpsfrewoyidwc/Build/Intermediates.noindex/Trivial.build/Debug-iphonesimulator/Trivial.build/assetcatalog_generated_info.plist_unthinned --output /Users/andrewallen/Library/Developer/Xcode/DerivedData/Trivial-glmldcsxtxmqdqdrpsfrewoyidwc/Build/Products/Debug-iphonesimulator/Trivial.app --plist-output /Users/andrewallen/Library/Developer/Xcode/DerivedData/Trivial-glmldcsxtxmqdqdrpsfrewoyidwc/Build/Intermediates.noindex/Trivial.build/Debug-iphonesimulator/Trivial.build/assetcatalog_generated_info.plist

SwiftDriver Trivial normal arm64 com.apple.xcode.tools.swift.compiler (in target 'Trivial' from project 'Trivial')
    cd /Users/andrewallen/Desktop/swift_projects/Trivial
    builtin-SwiftDriver -- /Applications/Xcode.app/Contents/Developer/Toolchains/XcodeDefault.xctoolchain/usr/bin/swiftc -module-name Trivial -Onone -enforce-exclusivity\=checked @/Users/andrewallen/Library/Developer/Xcode/DerivedData/Trivial-glmldcsxtxmqdqdrpsfrewoyidwc/Build/Intermediates.noindex/Trivial.build/Debug-iphonesimulator/Trivial.build/Objects-normal/arm64/Trivial.SwiftFileList -DDEBUG -D COCOAPODS -Xcc -fmodule-map-file\=/Users/andrewallen/Library/Developer/Xcode/DerivedData/Trivial-glmldcsxtxmqdqdrpsfrewoyidwc/Build/Products/Debug-iphonesimulator/MyScriptInteractiveInk-Runtime/MyScriptInteractiveInk_Runtime.modulemap -enable-bare-slash-regex -enable-upcoming-feature DisableOutwardActorInference -enable-upcoming-feature InferSendableFromCaptures -enable-upcoming-feature GlobalActorIsolatedTypesUsability -enable-upcoming-feature MemberImportVisibility -enable-upcoming-feature InferIsolatedConformances -enable-upcoming-feature NonisolatedNonsendingByDefault -enable-experimental-feature DebugDescriptionMacro -sdk /Applications/Xcode.app/Contents/Developer/Platforms/iPhoneSimulator.platform/Developer/SDKs/iPhoneSimulator26.2.sdk -target arm64-apple-ios26.2-simulator -g -module-cache-path /Users/andrewallen/Library/Developer/Xcode/DerivedData/ModuleCache.noindex -Xfrontend -serialize-debugging-options -enable-testing -index-store-path /Users/andrewallen/Library/Developer/Xcode/DerivedData/Trivial-glmldcsxtxmqdqdrpsfrewoyidwc/Index.noindex/DataStore -Xcc -D_LIBCPP_HARDENING_MODE\=_LIBCPP_HARDENING_MODE_DEBUG -swift-version 5 -I /Users/andrewallen/Library/Developer/Xcode/DerivedData/Trivial-glmldcsxtxmqdqdrpsfrewoyidwc/Build/Products/Debug-iphonesimulator -I /Users/andrewallen/Library/Developer/Xcode/DerivedData/Trivial-glmldcsxtxmqdqdrpsfrewoyidwc/Build/Products/Debug-iphonesimulator/MyScriptInteractiveInk-Runtime -F /Users/andrewallen/Library/Developer/Xcode/DerivedData/Trivial-glmldcsxtxmqdqdrpsfrewoyidwc/Build/Products/Debug-iphonesimulator -F /Users/andrewallen/Desktop/swift_projects/Trivial/Pods/MyScriptInteractiveInk-Runtime -emit-localized-strings -emit-localized-strings-path /Users/andrewallen/Library/Developer/Xcode/DerivedData/Trivial-glmldcsxtxmqdqdrpsfrewoyidwc/Build/Intermediates.noindex/Trivial.build/Debug-iphonesimulator/Trivial.build/Objects-normal/arm64 -c -j8 -enable-batch-mode -incremental -Xcc -ivfsstatcache -Xcc /Users/andrewallen/Library/Developer/Xcode/DerivedData/SDKStatCaches.noindex/iphonesimulator26.2-23C53-7d00a8b37fbd7999ea79df8ebc024bf0.sdkstatcache -output-file-map /Users/andrewallen/Library/Developer/Xcode/DerivedData/Trivial-glmldcsxtxmqdqdrpsfrewoyidwc/Build/Intermediates.noindex/Trivial.build/Debug-iphonesimulator/Trivial.build/Objects-normal/arm64/Trivial-OutputFileMap.json -use-frontend-parseable-output -save-temps -no-color-diagnostics -explicit-module-build -module-cache-path /Users/andrewallen/Library/Developer/Xcode/DerivedData/Trivial-glmldcsxtxmqdqdrpsfrewoyidwc/Build/Intermediates.noindex/SwiftExplicitPrecompiledModules -clang-scanner-module-cache-path /Users/andrewallen/Library/Developer/Xcode/DerivedData/ModuleCache.noindex -sdk-module-cache-path /Users/andrewallen/Library/Developer/Xcode/DerivedData/ModuleCache.noindex -serialize-diagnostics -emit-dependencies -emit-module -emit-module-path /Users/andrewallen/Library/Developer/Xcode/DerivedData/Trivial-glmldcsxtxmqdqdrpsfrewoyidwc/Build/Intermediates.noindex/Trivial.build/Debug-iphonesimulator/Trivial.build/Objects-normal/arm64/Trivial.swiftmodule -validate-clang-modules-once -clang-build-session-file /Users/andrewallen/Library/Developer/Xcode/DerivedData/ModuleCache.noindex/Session.modulevalidation -Xcc -I/Users/andrewallen/Library/Developer/Xcode/DerivedData/Trivial-glmldcsxtxmqdqdrpsfrewoyidwc/Build/Intermediates.noindex/Trivial.build/Debug-iphonesimulator/Trivial.build/swift-overrides.hmap -emit-const-values -Xfrontend -const-gather-protocols-file -Xfrontend /Users/andrewallen/Library/Developer/Xcode/DerivedData/Trivial-glmldcsxtxmqdqdrpsfrewoyidwc/Build/Intermediates.noindex/Trivial.build/Debug-iphonesimulator/Trivial.build/Objects-normal/arm64/Trivial_const_extract_protocols.json -Xcc -iquote -Xcc /Users/andrewallen/Library/Developer/Xcode/DerivedData/Trivial-glmldcsxtxmqdqdrpsfrewoyidwc/Build/Intermediates.noindex/Trivial.build/Debug-iphonesimulator/Trivial.build/Trivial-generated-files.hmap -Xcc -I/Users/andrewallen/Library/Developer/Xcode/DerivedData/Trivial-glmldcsxtxmqdqdrpsfrewoyidwc/Build/Intermediates.noindex/Trivial.build/Debug-iphonesimulator/Trivial.build/Trivial-own-target-headers.hmap -Xcc -I/Users/andrewallen/Library/Developer/Xcode/DerivedData/Trivial-glmldcsxtxmqdqdrpsfrewoyidwc/Build/Intermediates.noindex/Trivial.build/Debug-iphonesimulator/Trivial.build/Trivial-all-target-headers.hmap -Xcc -iquote -Xcc /Users/andrewallen/Library/Developer/Xcode/DerivedData/Trivial-glmldcsxtxmqdqdrpsfrewoyidwc/Build/Intermediates.noindex/Trivial.build/Debug-iphonesimulator/Trivial.build/Trivial-project-headers.hmap -Xcc -iquote -Xcc /Users/andrewallen/Desktop/swift_projects/Trivial/Pods/MyScriptInteractiveInk-Runtime/Frameworks/iink.framework/Headers -Xcc -I/Users/andrewallen/Library/Developer/Xcode/DerivedData/Trivial-glmldcsxtxmqdqdrpsfrewoyidwc/Build/Products/Debug-iphonesimulator/include -Xcc -I/Users/andrewallen/Desktop/swift_projects/Trivial/Pods/Headers/Public -Xcc -I/Users/andrewallen/Desktop/swift_projects/Trivial/Pods/Headers/Public/MyScriptInteractiveInk-Runtime -Xcc -I/Users/andrewallen/Library/Developer/Xcode/DerivedData/Trivial-glmldcsxtxmqdqdrpsfrewoyidwc/Build/Products/Debug-iphonesimulator/XCFrameworkIntermediates/MyScriptInteractiveInk-Runtime/Headers -Xcc -I/Users/andrewallen/Library/Developer/Xcode/DerivedData/Trivial-glmldcsxtxmqdqdrpsfrewoyidwc/Build/Products/Debug-iphonesimulator/MyScriptInteractiveInk-Runtime/MyScriptInteractiveInk_Runtime.framework/Headers -Xcc -I/Users/andrewallen/Library/Developer/Xcode/DerivedData/Trivial-glmldcsxtxmqdqdrpsfrewoyidwc/Build/Products/Debug-iphonesimulator/XCFrameworkIntermediates/MyScriptInteractiveInk-Runtime/Headers -Xcc -I/Users/andrewallen/Desktop/swift_projects/Trivial/Pods/MyScriptInteractiveInk-Runtime/Frameworks/iink.framework/Headers -Xcc -I/Users/andrewallen/Desktop/swift_projects/Trivial/Pods/Headers/Public -Xcc -I/Users/andrewallen/Desktop/swift_projects/Trivial/Pods/Headers/Public/MyScriptInteractiveInk-Runtime -Xcc -I/Users/andrewallen/Library/Developer/Xcode/DerivedData/Trivial-glmldcsxtxmqdqdrpsfrewoyidwc/Build/Products/Debug-iphonesimulator/XCFrameworkIntermediates/MyScriptInteractiveInk-Runtime/Headers -Xcc -I/Users/andrewallen/Library/Developer/Xcode/DerivedData/Trivial-glmldcsxtxmqdqdrpsfrewoyidwc/Build/Intermediates.noindex/Trivial.build/Debug-iphonesimulator/Trivial.build/DerivedSources-normal/arm64 -Xcc -I/Users/andrewallen/Library/Developer/Xcode/DerivedData/Trivial-glmldcsxtxmqdqdrpsfrewoyidwc/Build/Intermediates.noindex/Trivial.build/Debug-iphonesimulator/Trivial.build/DerivedSources/arm64 -Xcc -I/Users/andrewallen/Library/Developer/Xcode/DerivedData/Trivial-glmldcsxtxmqdqdrpsfrewoyidwc/Build/Intermediates.noindex/Trivial.build/Debug-iphonesimulator/Trivial.build/DerivedSources -Xcc -DDEBUG\=1 -Xcc -DCOCOAPODS\=1 -emit-objc-header -emit-objc-header-path /Users/andrewallen/Library/Developer/Xcode/DerivedData/Trivial-glmldcsxtxmqdqdrpsfrewoyidwc/Build/Intermediates.noindex/Trivial.build/Debug-iphonesimulator/Trivial.build/Objects-normal/arm64/Trivial-Swift.h -import-objc-header /Users/andrewallen/Desktop/swift_projects/Trivial/Trivial/Trivial-Bridging-Header.h -working-directory /Users/andrewallen/Desktop/swift_projects/Trivial -experimental-emit-module-separately -disable-cmo

PrecompileModule /Users/andrewallen/Library/Developer/Xcode/DerivedData/Trivial-glmldcsxtxmqdqdrpsfrewoyidwc/Build/Intermediates.noindex/ExplicitPrecompiledModules/_DarwinFoundation1-7HZ1M1MCO3TQI2OVX9TY0K749.scan
    cd /
    builtin-precompileModule /Users/andrewallen/Library/Developer/Xcode/DerivedData/Trivial-glmldcsxtxmqdqdrpsfrewoyidwc/Build/Intermediates.noindex/ExplicitPrecompiledModules/_DarwinFoundation1-7HZ1M1MCO3TQI2OVX9TY0K749.scan

PrecompileModule /Users/andrewallen/Library/Developer/Xcode/DerivedData/Trivial-glmldcsxtxmqdqdrpsfrewoyidwc/Build/Intermediates.noindex/ExplicitPrecompiledModules/_Builtin_limits-61UY8DVEN0RT0B5TPIR8GO5YL.scan
    cd /
    builtin-precompileModule /Users/andrewallen/Library/Developer/Xcode/DerivedData/Trivial-glmldcsxtxmqdqdrpsfrewoyidwc/Build/Intermediates.noindex/ExplicitPrecompiledModules/_Builtin_limits-61UY8DVEN0RT0B5TPIR8GO5YL.scan

PrecompileModule /Users/andrewallen/Library/Developer/Xcode/DerivedData/Trivial-glmldcsxtxmqdqdrpsfrewoyidwc/Build/Intermediates.noindex/ExplicitPrecompiledModules/_DarwinFoundation2-8VGR2V52BOX4V3FH5YOM3B5HR.scan
    cd /
    builtin-precompileModule /Users/andrewallen/Library/Developer/Xcode/DerivedData/Trivial-glmldcsxtxmqdqdrpsfrewoyidwc/Build/Intermediates.noindex/ExplicitPrecompiledModules/_DarwinFoundation2-8VGR2V52BOX4V3FH5YOM3B5HR.scan

PrecompileModule /Users/andrewallen/Library/Developer/Xcode/DerivedData/Trivial-glmldcsxtxmqdqdrpsfrewoyidwc/Build/Intermediates.noindex/ExplicitPrecompiledModules/_Builtin_stdint-D28BPUXQUCXP4824SKYYZEBTQ.scan
    cd /
    builtin-precompileModule /Users/andrewallen/Library/Developer/Xcode/DerivedData/Trivial-glmldcsxtxmqdqdrpsfrewoyidwc/Build/Intermediates.noindex/ExplicitPrecompiledModules/_Builtin_stdint-D28BPUXQUCXP4824SKYYZEBTQ.scan

PrecompileModule /Users/andrewallen/Library/Developer/Xcode/DerivedData/Trivial-glmldcsxtxmqdqdrpsfrewoyidwc/Build/Intermediates.noindex/ExplicitPrecompiledModules/_DarwinFoundation3-6O7BXLM3GC5AEUWHXBUPHMUXB.scan
    cd /
    builtin-precompileModule /Users/andrewallen/Library/Developer/Xcode/DerivedData/Trivial-glmldcsxtxmqdqdrpsfrewoyidwc/Build/Intermediates.noindex/ExplicitPrecompiledModules/_DarwinFoundation3-6O7BXLM3GC5AEUWHXBUPHMUXB.scan

PrecompileModule /Users/andrewallen/Library/Developer/Xcode/DerivedData/Trivial-glmldcsxtxmqdqdrpsfrewoyidwc/Build/Intermediates.noindex/ExplicitPrecompiledModules/_Builtin_inttypes-5JXJ6DIT7QEX4ES50FCSVDCBV.scan
    cd /
    builtin-precompileModule /Users/andrewallen/Library/Developer/Xcode/DerivedData/Trivial-glmldcsxtxmqdqdrpsfrewoyidwc/Build/Intermediates.noindex/ExplicitPrecompiledModules/_Builtin_inttypes-5JXJ6DIT7QEX4ES50FCSVDCBV.scan

PrecompileModule /Users/andrewallen/Library/Developer/Xcode/DerivedData/Trivial-glmldcsxtxmqdqdrpsfrewoyidwc/Build/Intermediates.noindex/ExplicitPrecompiledModules/Darwin-5IZETHLYN6N0C5136E3FCUPY7.scan
    cd /
    builtin-precompileModule /Users/andrewallen/Library/Developer/Xcode/DerivedData/Trivial-glmldcsxtxmqdqdrpsfrewoyidwc/Build/Intermediates.noindex/ExplicitPrecompiledModules/Darwin-5IZETHLYN6N0C5136E3FCUPY7.scan

SwiftGeneratePch normal arm64 Compiling\ bridging\ header (in target 'Trivial' from project 'Trivial')

PrecompileModule /Users/andrewallen/Library/Developer/Xcode/DerivedData/Trivial-glmldcsxtxmqdqdrpsfrewoyidwc/Build/Intermediates.noindex/ExplicitPrecompiledModules/ObjectiveC-6RT3D4PL9XMURDKY3I2MJ0ET2.scan
    cd /
    builtin-precompileModule /Users/andrewallen/Library/Developer/Xcode/DerivedData/Trivial-glmldcsxtxmqdqdrpsfrewoyidwc/Build/Intermediates.noindex/ExplicitPrecompiledModules/ObjectiveC-6RT3D4PL9XMURDKY3I2MJ0ET2.scan

PrecompileModule /Users/andrewallen/Library/Developer/Xcode/DerivedData/Trivial-glmldcsxtxmqdqdrpsfrewoyidwc/Build/Intermediates.noindex/ExplicitPrecompiledModules/os_object-397XTWI7HIGWTOUYL195MB4GK.scan
    cd /
    builtin-precompileModule /Users/andrewallen/Library/Developer/Xcode/DerivedData/Trivial-glmldcsxtxmqdqdrpsfrewoyidwc/Build/Intermediates.noindex/ExplicitPrecompiledModules/os_object-397XTWI7HIGWTOUYL195MB4GK.scan

PrecompileModule /Users/andrewallen/Library/Developer/Xcode/DerivedData/Trivial-glmldcsxtxmqdqdrpsfrewoyidwc/Build/Intermediates.noindex/ExplicitPrecompiledModules/os_workgroup-AI7189Q8N5WA5LWWRIWBFAPJ7.scan
    cd /
    builtin-precompileModule /Users/andrewallen/Library/Developer/Xcode/DerivedData/Trivial-glmldcsxtxmqdqdrpsfrewoyidwc/Build/Intermediates.noindex/ExplicitPrecompiledModules/os_workgroup-AI7189Q8N5WA5LWWRIWBFAPJ7.scan

PrecompileModule /Users/andrewallen/Library/Developer/Xcode/DerivedData/Trivial-glmldcsxtxmqdqdrpsfrewoyidwc/Build/Intermediates.noindex/ExplicitPrecompiledModules/Dispatch-C203KLK36J1YQVXYV16BY8WHH.scan
    cd /
    builtin-precompileModule /Users/andrewallen/Library/Developer/Xcode/DerivedData/Trivial-glmldcsxtxmqdqdrpsfrewoyidwc/Build/Intermediates.noindex/ExplicitPrecompiledModules/Dispatch-C203KLK36J1YQVXYV16BY8WHH.scan

PrecompileModule /Users/andrewallen/Library/Developer/Xcode/DerivedData/Trivial-glmldcsxtxmqdqdrpsfrewoyidwc/Build/Intermediates.noindex/ExplicitPrecompiledModules/CoreFoundation-CKAQXDMG5NDQMEY85QME8WFIL.scan
    cd /
    builtin-precompileModule /Users/andrewallen/Library/Developer/Xcode/DerivedData/Trivial-glmldcsxtxmqdqdrpsfrewoyidwc/Build/Intermediates.noindex/ExplicitPrecompiledModules/CoreFoundation-CKAQXDMG5NDQMEY85QME8WFIL.scan

PrecompileModule /Users/andrewallen/Library/Developer/Xcode/DerivedData/Trivial-glmldcsxtxmqdqdrpsfrewoyidwc/Build/Intermediates.noindex/ExplicitPrecompiledModules/XPC-5GKSKJP9AVMSO49UACNYRLHMI.scan
    cd /
    builtin-precompileModule /Users/andrewallen/Library/Developer/Xcode/DerivedData/Trivial-glmldcsxtxmqdqdrpsfrewoyidwc/Build/Intermediates.noindex/ExplicitPrecompiledModules/XPC-5GKSKJP9AVMSO49UACNYRLHMI.scan

SwiftDriverJobDiscovery normal arm64 Compiling bridging header (in target 'Trivial' from project 'Trivial')

SwiftEmitModule normal arm64 Emitting\ module\ for\ Trivial (in target 'Trivial' from project 'Trivial')

EmitSwiftModule normal arm64 (in target 'Trivial' from project 'Trivial')
    cd /Users/andrewallen/Desktop/swift_projects/Trivial
    

SwiftCompile normal arm64 Compiling\ Canvas.swift,\ Helper.swift,\ OffscreenRenderSurfaces.swift /Users/andrewallen/Desktop/swift_projects/Trivial/Trivial/MyScript/Graphics/Canvas.swift /Users/andrewallen/Desktop/swift_projects/Trivial/Trivial/MyScript/Graphics/Helper.swift /Users/andrewallen/Desktop/swift_projects/Trivial/Trivial/MyScript/Graphics/OffscreenRenderSurfaces.swift (in target 'Trivial' from project 'Trivial')
Failed frontend command:
/Applications/Xcode.app/Contents/Developer/Toolchains/XcodeDefault.xctoolchain/usr/bin/swift-frontend -frontend -c /Users/andrewallen/Desktop/swift_projects/Trivial/Trivial/App/AppRootView.swift /Users/andrewallen/Desktop/swift_projects/Trivial/Trivial/Features/Dashboard/DashboardView.swift /Users/andrewallen/Desktop/swift_projects/Trivial/Trivial/Features/Dashboard/NotebookLibrary.swift /Users/andrewallen/Desktop/swift_projects/Trivial/Trivial/Features/Notebook/NotebookEditorHost.swift /Users/andrewallen/Desktop/swift_projects/Trivial/Trivial/Features/Notebook/NotebookEditorViewController.swift /Users/andrewallen/Desktop/swift_projects/Trivial/Trivial/Features/Notebook/NotebookModel.swift /Users/andrewallen/Desktop/swift_projects/Trivial/Trivial/Features/Notebook/NotebookView.swift /Users/andrewallen/Desktop/swift_projects/Trivial/Trivial/Features/Shared/UIComponents.swift /Users/andrewallen/Desktop/swift_projects/Trivial/Trivial/MyScript/Display/DisplayModel.swift /Users/andrewallen/Desktop/swift_projects/Trivial/Trivial/MyScript/Display/DisplayViewController.swift /Users/andrewallen/Desktop/swift_projects/Trivial/Trivial/MyScript/Display/DisplayViewModel.swift -primary-file /Users/andrewallen/Desktop/swift_projects/Trivial/Trivial/MyScript/Graphics/Canvas.swift -primary-file /Users/andrewallen/Desktop/swift_projects/Trivial/Trivial/MyScript/Graphics/Helper.swift -primary-file /Users/andrewallen/Desktop/swift_projects/Trivial/Trivial/MyScript/Graphics/OffscreenRenderSurfaces.swift /Users/andrewallen/Desktop/swift_projects/Trivial/Trivial/MyScript/UIObjects/InputView.swift /Users/andrewallen/Desktop/swift_projects/Trivial/Trivial/MyScript/UIObjects/RenderView.swift /Users/andrewallen/Desktop/swift_projects/Trivial/Trivial/MyScript/EditorWorker.swift /Users/andrewallen/Desktop/swift_projects/Trivial/Trivial/MyScript/EngineProvider.swift /Users/andrewallen/Desktop/swift_projects/Trivial/Trivial/MyScript/FontMetricsProvider.swift /Users/andrewallen/Desktop/swift_projects/Trivial/Trivial/MyScript/Path.swift /Users/andrewallen/Desktop/swift_projects/Trivial/Trivial/Storage/BundleManager.swift /Users/andrewallen/Desktop/swift_projects/Trivial/Trivial/Storage/BundleStorage.swift /Users/andrewallen/Desktop/swift_projects/Trivial/Trivial/Storage/DocumentHandle.swift /Users/andrewallen/Desktop/swift_projects/Trivial/Trivial/Storage/Manifest.swift /Users/andrewallen/Desktop/swift_projects/Trivial/Trivial/TrivialApp.swift /Users/andrewallen/Library/Developer/Xcode/DerivedData/Trivial-glmldcsxtxmqdqdrpsfrewoyidwc/Build/Intermediates.noindex/Trivial.build/Debug-iphonesimulator/Trivial.build/DerivedSources/GeneratedAssetSymbols.swift -supplementary-output-file-map /Users/andrewallen/Library/Developer/Xcode/DerivedData/Trivial-glmldcsxtxmqdqdrpsfrewoyidwc/Build/Intermediates.noindex/Trivial.build/Debug-iphonesimulator/Trivial.build/Objects-normal/arm64/supplementaryOutputs-4 -emit-localized-strings -emit-localized-strings-path /Users/andrewallen/Library/Developer/Xcode/DerivedData/Trivial-glmldcsxtxmqdqdrpsfrewoyidwc/Build/Intermediates.noindex/Trivial.build/Debug-iphonesimulator/Trivial.build/Objects-normal/arm64 -target arm64-apple-ios26.2-simulator -module-can-import-version DeveloperToolsSupport 23.0.4 23.0.4 -module-can-import-version SwiftUI 7.2.5.1 7.2.5 -module-can-import-version UIKit 9126.2.4.1 9126.2.4 -load-resolved-plugin /Applications/Xcode.app/Contents/Developer/Platforms/iPhoneOS.platform/Developer/usr/lib/swift/host/plugins/libFoundationMacros.dylib\#/Applications/Xcode.app/Contents/Developer/Platforms/iPhoneOS.platform/Developer/usr/bin/swift-plugin-server\#FoundationMacros -load-resolved-plugin /Applications/Xcode.app/Contents/Developer/Platforms/iPhoneOS.platform/Developer/usr/lib/swift/host/plugins/libObservationMacros.dylib\#/Applications/Xcode.app/Contents/Developer/Platforms/iPhoneOS.platform/Developer/usr/bin/swift-plugin-server\#ObservationMacros -load-resolved-plugin /Applications/Xcode.app/Contents/Developer/Platforms/iPhoneOS.platform/Developer/usr/lib/swift/host/plugins/libPreviewsMacros.dylib\#/Applications/Xcode.app/Contents/Developer/Platforms/iPhoneOS.platform/Developer/usr/bin/swift-plugin-server\#PreviewsMacros -load-resolved-plugin /Applications/Xcode.app/Contents/Developer/Platforms/iPhoneOS.platform/Developer/usr/lib/swift/host/plugins/libSwiftMacros.dylib\#/Applications/Xcode.app/Contents/Developer/Platforms/iPhoneOS.platform/Developer/usr/bin/swift-plugin-server\#SwiftMacros -load-resolved-plugin /Applications/Xcode.app/Contents/Developer/Platforms/iPhoneOS.platform/Developer/usr/lib/swift/host/plugins/libSwiftUIMacros.dylib\#/Applications/Xcode.app/Contents/Developer/Platforms/iPhoneOS.platform/Developer/usr/bin/swift-plugin-server\#SwiftUIMacros -disable-implicit-swift-modules -Xcc -fno-implicit-modules -Xcc -fno-implicit-module-maps -explicit-swift-module-map-file /Users/andrewallen/Library/Developer/Xcode/DerivedData/Trivial-glmldcsxtxmqdqdrpsfrewoyidwc/Build/Intermediates.noindex/Trivial.build/Debug-iphonesimulator/Trivial.build/Objects-normal/arm64/Trivial-dependencies-1.json -Xllvm -aarch64-use-tbi -enable-objc-interop -sdk /Applications/Xcode.app/Contents/Developer/Platforms/iPhoneSimulator.platform/Developer/SDKs/iPhoneSimulator26.2.sdk -I /Users/andrewallen/Library/Developer/Xcode/DerivedData/Trivial-glmldcsxtxmqdqdrpsfrewoyidwc/Build/Products/Debug-iphonesimulator -I /Users/andrewallen/Library/Developer/Xcode/DerivedData/Trivial-glmldcsxtxmqdqdrpsfrewoyidwc/Build/Products/Debug-iphonesimulator/MyScriptInteractiveInk-Runtime -F /Users/andrewallen/Library/Developer/Xcode/DerivedData/Trivial-glmldcsxtxmqdqdrpsfrewoyidwc/Build/Products/Debug-iphonesimulator -F /Users/andrewallen/Desktop/swift_projects/Trivial/Pods/MyScriptInteractiveInk-Runtime -no-color-diagnostics -Xcc -fno-color-diagnostics -enable-testing -g -debug-info-format\=dwarf -dwarf-version\=5 -module-cache-path /Users/andrewallen/Library/Developer/Xcode/DerivedData/Trivial-glmldcsxtxmqdqdrpsfrewoyidwc/Build/Intermediates.noindex/SwiftExplicitPrecompiledModules -swift-version 5 -enforce-exclusivity\=checked -Onone -D DEBUG -D COCOAPODS -serialize-debugging-options -const-gather-protocols-file /Users/andrewallen/Library/Developer/Xcode/DerivedData/Trivial-glmldcsxtxmqdqdrpsfrewoyidwc/Build/Intermediates.noindex/Trivial.build/Debug-iphonesimulator/Trivial.build/Objects-normal/arm64/Trivial_const_extract_protocols.json -enable-upcoming-feature DisableOutwardActorInference -enable-upcoming-feature InferSendableFromCaptures -enable-upcoming-feature GlobalActorIsolatedTypesUsability -enable-upcoming-feature MemberImportVisibility -enable-upcoming-feature InferIsolatedConformances -enable-upcoming-feature NonisolatedNonsendingByDefault -enable-experimental-feature DebugDescriptionMacro -enable-bare-slash-regex -empty-abi-descriptor -validate-clang-modules-once -clang-build-session-file /Users/andrewallen/Library/Developer/Xcode/DerivedData/ModuleCache.noindex/Session.modulevalidation -Xcc -working-directory -Xcc /Users/andrewallen/Desktop/swift_projects/Trivial -enable-anonymous-context-mangled-names -file-compilation-dir /Users/andrewallen/Desktop/swift_projects/Trivial -Xcc -fmodule-map-file\=/Users/andrewallen/Library/Developer/Xcode/DerivedData/Trivial-glmldcsxtxmqdqdrpsfrewoyidwc/Build/Products/Debug-iphonesimulator/MyScriptInteractiveInk-Runtime/MyScriptInteractiveInk_Runtime.modulemap -Xcc -D_LIBCPP_HARDENING_MODE\=_LIBCPP_HARDENING_MODE_DEBUG -Xcc -ivfsstatcache -Xcc /Users/andrewallen/Library/Developer/Xcode/DerivedData/SDKStatCaches.noindex/iphonesimulator26.2-23C53-7d00a8b37fbd7999ea79df8ebc024bf0.sdkstatcache -Xcc -I/Users/andrewallen/Library/Developer/Xcode/DerivedData/Trivial-glmldcsxtxmqdqdrpsfrewoyidwc/Build/Intermediates.noindex/Trivial.build/Debug-iphonesimulator/Trivial.build/swift-overrides.hmap -Xcc -iquote -Xcc /Users/andrewallen/Library/Developer/Xcode/DerivedData/Trivial-glmldcsxtxmqdqdrpsfrewoyidwc/Build/Intermediates.noindex/Trivial.build/Debug-iphonesimulator/Trivial.build/Trivial-generated-files.hmap -Xcc -I/Users/andrewallen/Library/Developer/Xcode/DerivedData/Trivial-glmldcsxtxmqdqdrpsfrewoyidwc/Build/Intermediates.noindex/Trivial.build/Debug-iphonesimulator/Trivial.build/Trivial-own-target-headers.hmap -Xcc -I/Users/andrewallen/Library/Developer/Xcode/DerivedData/Trivial-glmldcsxtxmqdqdrpsfrewoyidwc/Build/Intermediates.noindex/Trivial.build/Debug-iphonesimulator/Trivial.build/Trivial-all-target-headers.hmap -Xcc -iquote -Xcc /Users/andrewallen/Library/Developer/Xcode/DerivedData/Trivial-glmldcsxtxmqdqdrpsfrewoyidwc/Build/Intermediates.noindex/Trivial.build/Debug-iphonesimulator/Trivial.build/Trivial-project-headers.hmap -Xcc -iquote -Xcc /Users/andrewallen/Desktop/swift_projects/Trivial/Pods/MyScriptInteractiveInk-Runtime/Frameworks/iink.framework/Headers -Xcc -I/Users/andrewallen/Library/Developer/Xcode/DerivedData/Trivial-glmldcsxtxmqdqdrpsfrewoyidwc/Build/Products/Debug-iphonesimulator/include -Xcc -I/Users/andrewallen/Desktop/swift_projects/Trivial/Pods/Headers/Public -Xcc -I/Users/andrewallen/Desktop/swift_projects/Trivial/Pods/Headers/Public/MyScriptInteractiveInk-Runtime -Xcc -I/Users/andrewallen/Library/Developer/Xcode/DerivedData/Trivial-glmldcsxtxmqdqdrpsfrewoyidwc/Build/Products/Debug-iphonesimulator/XCFrameworkIntermediates/MyScriptInteractiveInk-Runtime/Headers -Xcc -I/Users/andrewallen/Library/Developer/Xcode/DerivedData/Trivial-glmldcsxtxmqdqdrpsfrewoyidwc/Build/Products/Debug-iphonesimulator/MyScriptInteractiveInk-Runtime/MyScriptInteractiveInk_Runtime.framework/Headers -Xcc -I/Users/andrewallen/Library/Developer/Xcode/DerivedData/Trivial-glmldcsxtxmqdqdrpsfrewoyidwc/Build/Products/Debug-iphonesimulator/XCFrameworkIntermediates/MyScriptInteractiveInk-Runtime/Headers -Xcc -I/Users/andrewallen/Desktop/swift_projects/Trivial/Pods/MyScriptInteractiveInk-Runtime/Frameworks/iink.framework/Headers -Xcc -I/Users/andrewallen/Desktop/swift_projects/Trivial/Pods/Headers/Public -Xcc -I/Users/andrewallen/Desktop/swift_projects/Trivial/Pods/Headers/Public/MyScriptInteractiveInk-Runtime -Xcc -I/Users/andrewallen/Library/Developer/Xcode/DerivedData/Trivial-glmldcsxtxmqdqdrpsfrewoyidwc/Build/Products/Debug-iphonesimulator/XCFrameworkIntermediates/MyScriptInteractiveInk-Runtime/Headers -Xcc -I/Users/andrewallen/Library/Developer/Xcode/DerivedData/Trivial-glmldcsxtxmqdqdrpsfrewoyidwc/Build/Intermediates.noindex/Trivial.build/Debug-iphonesimulator/Trivial.build/DerivedSources-normal/arm64 -Xcc -I/Users/andrewallen/Library/Developer/Xcode/DerivedData/Trivial-glmldcsxtxmqdqdrpsfrewoyidwc/Build/Intermediates.noindex/Trivial.build/Debug-iphonesimulator/Trivial.build/DerivedSources/arm64 -Xcc -I/Users/andrewallen/Library/Developer/Xcode/DerivedData/Trivial-glmldcsxtxmqdqdrpsfrewoyidwc/Build/Intermediates.noindex/Trivial.build/Debug-iphonesimulator/Trivial.build/DerivedSources -Xcc -DDEBUG\=1 -Xcc -DCOCOAPODS\=1 -import-objc-header /Users/andrewallen/Library/Developer/Xcode/DerivedData/Trivial-glmldcsxtxmqdqdrpsfrewoyidwc/Build/Intermediates.noindex/Trivial.build/Debug-iphonesimulator/Trivial.build/Objects-normal/arm64/Trivial-primary-Bridging-header.pch -no-auto-bridging-header-chaining -module-name Trivial -frontend-parseable-output -disable-clang-spi -target-sdk-version 26.2 -target-sdk-name iphonesimulator26.2 -clang-target arm64-apple-ios26.2-simulator -in-process-plugin-server-path /Applications/Xcode.app/Contents/Developer/Toolchains/XcodeDefault.xctoolchain/usr/lib/swift/host/libSwiftInProcPluginServer.dylib -o /Users/andrewallen/Library/Developer/Xcode/DerivedData/Trivial-glmldcsxtxmqdqdrpsfrewoyidwc/Build/Intermediates.noindex/Trivial.build/Debug-iphonesimulator/Trivial.build/Objects-normal/arm64/Canvas.o -o /Users/andrewallen/Library/Developer/Xcode/DerivedData/Trivial-glmldcsxtxmqdqdrpsfrewoyidwc/Build/Intermediates.noindex/Trivial.build/Debug-iphonesimulator/Trivial.build/Objects-normal/arm64/Helper.o -o /Users/andrewallen/Library/Developer/Xcode/DerivedData/Trivial-glmldcsxtxmqdqdrpsfrewoyidwc/Build/Intermediates.noindex/Trivial.build/Debug-iphonesimulator/Trivial.build/Objects-normal/arm64/OffscreenRenderSurfaces.o -index-unit-output-path /Trivial.build/Debug-iphonesimulator/Trivial.build/Objects-normal/arm64/Canvas.o -index-unit-output-path /Trivial.build/Debug-iphonesimulator/Trivial.build/Objects-normal/arm64/Helper.o -index-unit-output-path /Trivial.build/Debug-iphonesimulator/Trivial.build/Objects-normal/arm64/OffscreenRenderSurfaces.o -index-store-path /Users/andrewallen/Library/Developer/Xcode/DerivedData/Trivial-glmldcsxtxmqdqdrpsfrewoyidwc/Index.noindex/DataStore -index-system-modules

SwiftCompile normal arm64 /Users/andrewallen/Desktop/swift_projects/Trivial/Trivial/MyScript/Graphics/Canvas.swift (in target 'Trivial' from project 'Trivial')
    cd /Users/andrewallen/Desktop/swift_projects/Trivial
    
/Users/andrewallen/Desktop/swift_projects/Trivial/Trivial/MyScript/Graphics/Canvas.swift:5:13: error: type 'Canvas' does not conform to protocol 'IINKICanvas'
final class Canvas: NSObject, IINKICanvas {
            ^
/Users/andrewallen/Desktop/swift_projects/Trivial/Trivial/MyScript/Graphics/Canvas.swift:5:13: note: add stubs for conformance
final class Canvas: NSObject, IINKICanvas {
            ^
__ObjC.IINKICanvas.getTransform:2:6: note: protocol requires function 'getTransform()' with type '() -> CGAffineTransform'
func getTransform() -> CGAffineTransform}
     ^
__ObjC.IINKICanvas.setStroke:2:6: note: protocol requires function 'setStroke' with type '(IINKLineCap) -> Void'
func setStroke(_ lineCap: IINKLineCap)}
     ^
__ObjC.IINKICanvas.setStroke:2:6: note: protocol requires function 'setStroke' with type '(IINKLineJoin) -> Void'
func setStroke(_ lineJoin: IINKLineJoin)}
     ^
__ObjC.IINKICanvas.setStrokeMiterLimit:2:6: note: protocol requires function 'setStrokeMiterLimit' with type '(Float) -> Void'
func setStrokeMiterLimit(_ limit: Float)}
     ^
__ObjC.IINKICanvas.setStrokeDashArray:2:6: note: protocol requires function 'setStrokeDashArray(_:size:)' with type '(UnsafePointer<Float>?, Int) -> Void'
func setStrokeDashArray(_ array: UnsafePointer<Float>?, size: Int)}
     ^
__ObjC.IINKICanvas.setStrokeDashOffset:2:6: note: protocol requires function 'setStrokeDashOffset' with type '(Float) -> Void'
func setStrokeDashOffset(_ offset: Float)}
     ^
__ObjC.IINKICanvas.setFillRule:2:6: note: protocol requires function 'setFillRule' with type '(IINKFillRule) -> Void'
func setFillRule(_ rule: IINKFillRule)}
     ^
__ObjC.IINKICanvas.setDropShadow:2:6: note: protocol requires function 'setDropShadow(_:yOffset:radius:color:)' with type '(Float, Float, Float, UInt32) -> Void'
func setDropShadow(_ xOffset: Float, yOffset: Float, radius: Float, color: UInt32)}
     ^
__ObjC.IINKICanvas.setFontProperties:2:6: note: protocol requires function 'setFontProperties(_:height:size:style:variant:weight:)' with type '(String, Float, Float, String, String, Int32) -> Void'
func setFontProperties(_ family: String, height lineHeight: Float, size: Float, style: String, variant: String, weight: Int32)}
     ^
__ObjC.IINKICanvas.startGroup:2:6: note: protocol requires function 'startGroup(_:region:clip:)' with type '(String, CGRect, Bool) -> Void'
func startGroup(_ identifier: String, region: CGRect, clip clipContent: Bool)}
     ^
__ObjC.IINKICanvas.endGroup:2:6: note: protocol requires function 'endGroup' with type '(String) -> Void'
func endGroup(_ identifier: String)}
     ^
__ObjC.IINKICanvas.startItem:2:6: note: protocol requires function 'startItem' with type '(String) -> Void'
func startItem(_ identifier: String)}
     ^
__ObjC.IINKICanvas.endItem:2:6: note: protocol requires function 'endItem' with type '(String) -> Void'
func endItem(_ identifier: String)}
     ^
__ObjC.IINKICanvas.createPath:2:6: note: protocol requires function 'createPath()' with type '() -> any IINKIPath'
func createPath() -> any IINKIPath}
     ^
__ObjC.IINKICanvas.draw:2:6: note: protocol requires function 'draw' with type '(any IINKIPath) -> Void'
func draw(_ path: any IINKIPath)}
     ^
__ObjC.IINKICanvas.drawRectangle:2:6: note: protocol requires function 'drawRectangle' with type '(CGRect) -> Void'
func drawRectangle(_ rect: CGRect)}
     ^
__ObjC.IINKICanvas.drawLine:2:6: note: protocol requires function 'drawLine(_:to:)' with type '(CGPoint, CGPoint) -> Void'
func drawLine(_ from: CGPoint, to: CGPoint)}
     ^
__ObjC.IINKICanvas.drawObject:2:6: note: protocol requires function 'drawObject(_:mimeType:region:)' with type '(String, String, CGRect) -> Void'
func drawObject(_ url: String, mimeType: String, region rect: CGRect)}
     ^

SwiftCompile normal arm64 /Users/andrewallen/Desktop/swift_projects/Trivial/Trivial/MyScript/Graphics/Helper.swift (in target 'Trivial' from project 'Trivial')
    cd /Users/andrewallen/Desktop/swift_projects/Trivial
    

SwiftCompile normal arm64 /Users/andrewallen/Desktop/swift_projects/Trivial/Trivial/MyScript/Graphics/OffscreenRenderSurfaces.swift (in target 'Trivial' from project 'Trivial')
    cd /Users/andrewallen/Desktop/swift_projects/Trivial
    
/Users/andrewallen/Desktop/swift_projects/Trivial/Trivial/MyScript/Graphics/OffscreenRenderSurfaces.swift:12:35: warning: 'main' was deprecated in iOS 26.0: Use a UIScreen instance found through context instead (i.e, view.window.windowScene.screen), or for properties like UIScreen.scale with trait equivalents, use a traitCollection found through context.
    var scale: CGFloat = UIScreen.main.scale
                                  ^

SwiftCompile normal arm64 Compiling\ EngineProvider.swift,\ FontMetricsProvider.swift,\ Path.swift /Users/andrewallen/Desktop/swift_projects/Trivial/Trivial/MyScript/EngineProvider.swift /Users/andrewallen/Desktop/swift_projects/Trivial/Trivial/MyScript/FontMetricsProvider.swift /Users/andrewallen/Desktop/swift_projects/Trivial/Trivial/MyScript/Path.swift (in target 'Trivial' from project 'Trivial')

SwiftCompile normal arm64 /Users/andrewallen/Desktop/swift_projects/Trivial/Trivial/MyScript/EngineProvider.swift (in target 'Trivial' from project 'Trivial')
    cd /Users/andrewallen/Desktop/swift_projects/Trivial
    
/Users/andrewallen/Desktop/swift_projects/Trivial/Trivial/MyScript/EngineProvider.swift:12:30: error: cannot find type 'IINKTextFontMetricsProvider' in scope
    let fontMetricsProvider: IINKTextFontMetricsProvider
                             ^~~~~~~~~~~~~~~~~~~~~~~~~~~
/Users/andrewallen/Desktop/swift_projects/Trivial/Trivial/MyScript/EngineProvider.swift:14:59: error: cannot find type 'IINKTextFontMetricsProvider' in scope
    private init(engine: IINKEngine, fontMetricsProvider: IINKTextFontMetricsProvider) {
                                                          ^~~~~~~~~~~~~~~~~~~~~~~~~~~
/Users/andrewallen/Desktop/swift_projects/Trivial/Trivial/MyScript/EngineProvider.swift:25:37: error: type 'IINKEngine' has no member 'create'
        let engine = try IINKEngine.create()
                         ~~~~~~~~~~ ^~~~~~
/Users/andrewallen/Desktop/swift_projects/Trivial/Trivial/MyScript/EngineProvider.swift:28:28: error: cannot find 'IINKTextFontMetricsProvider' in scope
        let fontProvider = IINKTextFontMetricsProvider()
                           ^~~~~~~~~~~~~~~~~~~~~~~~~~~

SwiftCompile normal arm64 /Users/andrewallen/Desktop/swift_projects/Trivial/Trivial/MyScript/FontMetricsProvider.swift (in target 'Trivial' from project 'Trivial')
    cd /Users/andrewallen/Desktop/swift_projects/Trivial
    

SwiftCompile normal arm64 /Users/andrewallen/Desktop/swift_projects/Trivial/Trivial/MyScript/Path.swift (in target 'Trivial' from project 'Trivial')
    cd /Users/andrewallen/Desktop/swift_projects/Trivial
    

SwiftCompile normal arm64 Compiling\ DisplayModel.swift,\ DisplayViewController.swift,\ DisplayViewModel.swift /Users/andrewallen/Desktop/swift_projects/Trivial/Trivial/MyScript/Display/DisplayModel.swift /Users/andrewallen/Desktop/swift_projects/Trivial/Trivial/MyScript/Display/DisplayViewController.swift /Users/andrewallen/Desktop/swift_projects/Trivial/Trivial/MyScript/Display/DisplayViewModel.swift (in target 'Trivial' from project 'Trivial')

SwiftCompile normal arm64 /Users/andrewallen/Desktop/swift_projects/Trivial/Trivial/MyScript/Display/DisplayModel.swift (in target 'Trivial' from project 'Trivial')
    cd /Users/andrewallen/Desktop/swift_projects/Trivial
    

SwiftCompile normal arm64 /Users/andrewallen/Desktop/swift_projects/Trivial/Trivial/MyScript/Display/DisplayViewController.swift (in target 'Trivial' from project 'Trivial')
    cd /Users/andrewallen/Desktop/swift_projects/Trivial
    

SwiftCompile normal arm64 /Users/andrewallen/Desktop/swift_projects/Trivial/Trivial/MyScript/Display/DisplayViewModel.swift (in target 'Trivial' from project 'Trivial')
    cd /Users/andrewallen/Desktop/swift_projects/Trivial
    

SwiftCompile normal arm64 Compiling\ Manifest.swift,\ TrivialApp.swift,\ GeneratedAssetSymbols.swift /Users/andrewallen/Desktop/swift_projects/Trivial/Trivial/Storage/Manifest.swift /Users/andrewallen/Desktop/swift_projects/Trivial/Trivial/TrivialApp.swift /Users/andrewallen/Library/Developer/Xcode/DerivedData/Trivial-glmldcsxtxmqdqdrpsfrewoyidwc/Build/Intermediates.noindex/Trivial.build/Debug-iphonesimulator/Trivial.build/DerivedSources/GeneratedAssetSymbols.swift (in target 'Trivial' from project 'Trivial')

SwiftCompile normal arm64 /Users/andrewallen/Desktop/swift_projects/Trivial/Trivial/Storage/Manifest.swift (in target 'Trivial' from project 'Trivial')
    cd /Users/andrewallen/Desktop/swift_projects/Trivial
    

SwiftCompile normal arm64 /Users/andrewallen/Desktop/swift_projects/Trivial/Trivial/TrivialApp.swift (in target 'Trivial' from project 'Trivial')
    cd /Users/andrewallen/Desktop/swift_projects/Trivial
    

SwiftCompile normal arm64 /Users/andrewallen/Library/Developer/Xcode/DerivedData/Trivial-glmldcsxtxmqdqdrpsfrewoyidwc/Build/Intermediates.noindex/Trivial.build/Debug-iphonesimulator/Trivial.build/DerivedSources/GeneratedAssetSymbols.swift (in target 'Trivial' from project 'Trivial')
    cd /Users/andrewallen/Desktop/swift_projects/Trivial
    

SwiftCompile normal arm64 Compiling\ NotebookEditorViewController.swift,\ NotebookModel.swift,\ NotebookView.swift,\ UIComponents.swift /Users/andrewallen/Desktop/swift_projects/Trivial/Trivial/Features/Notebook/NotebookEditorViewController.swift /Users/andrewallen/Desktop/swift_projects/Trivial/Trivial/Features/Notebook/NotebookModel.swift /Users/andrewallen/Desktop/swift_projects/Trivial/Trivial/Features/Notebook/NotebookView.swift /Users/andrewallen/Desktop/swift_projects/Trivial/Trivial/Features/Shared/UIComponents.swift (in target 'Trivial' from project 'Trivial')

SwiftCompile normal arm64 /Users/andrewallen/Desktop/swift_projects/Trivial/Trivial/Features/Notebook/NotebookEditorViewController.swift (in target 'Trivial' from project 'Trivial')
    cd /Users/andrewallen/Desktop/swift_projects/Trivial
    

SwiftCompile normal arm64 /Users/andrewallen/Desktop/swift_projects/Trivial/Trivial/Features/Notebook/NotebookModel.swift (in target 'Trivial' from project 'Trivial')
    cd /Users/andrewallen/Desktop/swift_projects/Trivial
    

SwiftCompile normal arm64 /Users/andrewallen/Desktop/swift_projects/Trivial/Trivial/Features/Notebook/NotebookView.swift (in target 'Trivial' from project 'Trivial')
    cd /Users/andrewallen/Desktop/swift_projects/Trivial
    

SwiftCompile normal arm64 /Users/andrewallen/Desktop/swift_projects/Trivial/Trivial/Features/Shared/UIComponents.swift (in target 'Trivial' from project 'Trivial')
    cd /Users/andrewallen/Desktop/swift_projects/Trivial
    

SwiftCompile normal arm64 Compiling\ InputView.swift,\ RenderView.swift,\ EditorWorker.swift /Users/andrewallen/Desktop/swift_projects/Trivial/Trivial/MyScript/UIObjects/InputView.swift /Users/andrewallen/Desktop/swift_projects/Trivial/Trivial/MyScript/UIObjects/RenderView.swift /Users/andrewallen/Desktop/swift_projects/Trivial/Trivial/MyScript/EditorWorker.swift (in target 'Trivial' from project 'Trivial')

SwiftCompile normal arm64 /Users/andrewallen/Desktop/swift_projects/Trivial/Trivial/MyScript/UIObjects/InputView.swift (in target 'Trivial' from project 'Trivial')
    cd /Users/andrewallen/Desktop/swift_projects/Trivial
    

SwiftCompile normal arm64 /Users/andrewallen/Desktop/swift_projects/Trivial/Trivial/MyScript/UIObjects/RenderView.swift (in target 'Trivial' from project 'Trivial')
    cd /Users/andrewallen/Desktop/swift_projects/Trivial
    

SwiftCompile normal arm64 /Users/andrewallen/Desktop/swift_projects/Trivial/Trivial/MyScript/EditorWorker.swift (in target 'Trivial' from project 'Trivial')
    cd /Users/andrewallen/Desktop/swift_projects/Trivial
    

SwiftCompile normal arm64 Compiling\ AppRootView.swift,\ DashboardView.swift,\ NotebookLibrary.swift,\ NotebookEditorHost.swift /Users/andrewallen/Desktop/swift_projects/Trivial/Trivial/App/AppRootView.swift /Users/andrewallen/Desktop/swift_projects/Trivial/Trivial/Features/Dashboard/DashboardView.swift /Users/andrewallen/Desktop/swift_projects/Trivial/Trivial/Features/Dashboard/NotebookLibrary.swift /Users/andrewallen/Desktop/swift_projects/Trivial/Trivial/Features/Notebook/NotebookEditorHost.swift (in target 'Trivial' from project 'Trivial')

SwiftCompile normal arm64 /Users/andrewallen/Desktop/swift_projects/Trivial/Trivial/App/AppRootView.swift (in target 'Trivial' from project 'Trivial')
    cd /Users/andrewallen/Desktop/swift_projects/Trivial
    

SwiftCompile normal arm64 /Users/andrewallen/Desktop/swift_projects/Trivial/Trivial/Features/Dashboard/DashboardView.swift (in target 'Trivial' from project 'Trivial')
    cd /Users/andrewallen/Desktop/swift_projects/Trivial
    

SwiftCompile normal arm64 /Users/andrewallen/Desktop/swift_projects/Trivial/Trivial/Features/Dashboard/NotebookLibrary.swift (in target 'Trivial' from project 'Trivial')
    cd /Users/andrewallen/Desktop/swift_projects/Trivial
    

SwiftCompile normal arm64 /Users/andrewallen/Desktop/swift_projects/Trivial/Trivial/Features/Notebook/NotebookEditorHost.swift (in target 'Trivial' from project 'Trivial')
    cd /Users/andrewallen/Desktop/swift_projects/Trivial
    

PrecompileModule /Users/andrewallen/Library/Developer/Xcode/DerivedData/Trivial-glmldcsxtxmqdqdrpsfrewoyidwc/Build/Intermediates.noindex/ExplicitPrecompiledModules/Security-7FM47GWG2PUWW8ZYZOGRJF1GS.scan
    cd /
    builtin-precompileModule /Users/andrewallen/Library/Developer/Xcode/DerivedData/Trivial-glmldcsxtxmqdqdrpsfrewoyidwc/Build/Intermediates.noindex/ExplicitPrecompiledModules/Security-7FM47GWG2PUWW8ZYZOGRJF1GS.scan

note: Run script build phase 'Copy Recognition Assets' will be run during every build because the option to run the script phase "Based on dependency analysis" is unchecked. (in target 'Trivial' from project 'Trivial')
** BUILD FAILED **


The following build commands failed:
	SwiftCompile normal arm64 Compiling\ Canvas.swift,\ Helper.swift,\ OffscreenRenderSurfaces.swift /Users/andrewallen/Desktop/swift_projects/Trivial/Trivial/MyScript/Graphics/Canvas.swift /Users/andrewallen/Desktop/swift_projects/Trivial/Trivial/MyScript/Graphics/Helper.swift /Users/andrewallen/Desktop/swift_projects/Trivial/Trivial/MyScript/Graphics/OffscreenRenderSurfaces.swift (in target 'Trivial' from project 'Trivial')
	SwiftCompile normal arm64 /Users/andrewallen/Desktop/swift_projects/Trivial/Trivial/MyScript/Graphics/Canvas.swift (in target 'Trivial' from project 'Trivial')
	SwiftCompile normal arm64 /Users/andrewallen/Desktop/swift_projects/Trivial/Trivial/MyScript/EngineProvider.swift (in target 'Trivial' from project 'Trivial')
	Building workspace Trivial with scheme Trivial
(4 failures)
